Archive member included to satisfy reference by file (symbol)

C:/MaximSDK/Libraries/PeriphDrivers/bin/MAX32665/softfp/libPeriphDriver_softfp.a(mxc_delay.o)
                              c:/Users/Vkarra/Documents/GitHub/Swift_DSS/SWIFTV2_DSS/SwiftV2_DSS_Press_Start/build/main.o (MXC_DelayHandler)
C:/MaximSDK/Libraries/PeriphDrivers/bin/MAX32665/softfp/libPeriphDriver_softfp.a(nvic_table.o)
                              c:/Users/Vkarra/Documents/GitHub/Swift_DSS/SWIFTV2_DSS/SwiftV2_DSS_Press_Start/build/main.o (MXC_NVIC_SetVector)
C:/MaximSDK/Libraries/PeriphDrivers/bin/MAX32665/softfp/libPeriphDriver_softfp.a(sys_me14.o)
                              c:/Users/Vkarra/Documents/GitHub/Swift_DSS/SWIFTV2_DSS/SwiftV2_DSS_Press_Start/build/main.o (MXC_SYS_ClockDisable)
C:/MaximSDK/Libraries/PeriphDrivers/bin/MAX32665/softfp/libPeriphDriver_softfp.a(flc_me14.o)
                              C:/MaximSDK/Libraries/PeriphDrivers/bin/MAX32665/softfp/libPeriphDriver_softfp.a(sys_me14.o) (MXC_FLC_UnlockInfoBlock)
C:/MaximSDK/Libraries/PeriphDrivers/bin/MAX32665/softfp/libPeriphDriver_softfp.a(flc_reva.o)
                              C:/MaximSDK/Libraries/PeriphDrivers/bin/MAX32665/softfp/libPeriphDriver_softfp.a(flc_me14.o) (MXC_FLC_RevA_Busy)
C:/MaximSDK/Libraries/PeriphDrivers/bin/MAX32665/softfp/libPeriphDriver_softfp.a(gpio_me14.o)
                              c:/Users/Vkarra/Documents/GitHub/Swift_DSS/SWIFTV2_DSS/SwiftV2_DSS_Press_Start/build/main.o (MXC_GPIO_InGet)
C:/MaximSDK/Libraries/PeriphDrivers/bin/MAX32665/softfp/libPeriphDriver_softfp.a(gpio_reva.o)
                              C:/MaximSDK/Libraries/PeriphDrivers/bin/MAX32665/softfp/libPeriphDriver_softfp.a(gpio_me14.o) (MXC_GPIO_RevA_InGet)
C:/MaximSDK/Libraries/PeriphDrivers/bin/MAX32665/softfp/libPeriphDriver_softfp.a(spi_me14.o)
                              c:/Users/Vkarra/Documents/GitHub/Swift_DSS/SWIFTV2_DSS/SwiftV2_DSS_Press_Start/build/AD4630.o (MXC_SPI_Init)
C:/MaximSDK/Libraries/PeriphDrivers/bin/MAX32665/softfp/libPeriphDriver_softfp.a(spi_reva1.o)
                              C:/MaximSDK/Libraries/PeriphDrivers/bin/MAX32665/softfp/libPeriphDriver_softfp.a(spi_me14.o) (MXC_SPI_RevA1_Init)
C:/MaximSDK/Libraries/PeriphDrivers/bin/MAX32665/softfp/libPeriphDriver_softfp.a(tpu_me14.o)
                              C:/MaximSDK/Libraries/PeriphDrivers/bin/MAX32665/softfp/libPeriphDriver_softfp.a(sys_me14.o) (MXC_TPU_Cipher_Config)
C:/MaximSDK/Libraries/PeriphDrivers/bin/MAX32665/softfp/libPeriphDriver_softfp.a(tpu_reva.o)
                              C:/MaximSDK/Libraries/PeriphDrivers/bin/MAX32665/softfp/libPeriphDriver_softfp.a(tpu_me14.o) (MXC_TPU_RevA_Reset)
C:/MaximSDK/Libraries/PeriphDrivers/bin/MAX32665/softfp/libPeriphDriver_softfp.a(uart_me14.o)
                              c:/Users/Vkarra/Documents/GitHub/Swift_DSS/SWIFTV2_DSS/SwiftV2_DSS_Press_Start/build/board.o (MXC_UART_Shutdown)
C:/MaximSDK/Libraries/PeriphDrivers/bin/MAX32665/softfp/libPeriphDriver_softfp.a(uart_reva.o)
                              C:/MaximSDK/Libraries/PeriphDrivers/bin/MAX32665/softfp/libPeriphDriver_softfp.a(uart_me14.o) (MXC_UART_RevA_Init)
C:/MaximSDK/Libraries/PeriphDrivers/bin/MAX32665/softfp/libPeriphDriver_softfp.a(mxc_lock.o)
                              C:/MaximSDK/Libraries/PeriphDrivers/bin/MAX32665/softfp/libPeriphDriver_softfp.a(spi_reva1.o) (MXC_FreeLock)
C:/MaximSDK/Libraries/PeriphDrivers/bin/MAX32665/softfp/libPeriphDriver_softfp.a(pins_me14.o)
                              C:/MaximSDK/Libraries/PeriphDrivers/bin/MAX32665/softfp/libPeriphDriver_softfp.a(spi_me14.o) (gpio_cfg_spi2_ss2)
C:/MaximSDK/Libraries/PeriphDrivers/bin/MAX32665/softfp/libPeriphDriver_softfp.a(dma_me14.o)
                              C:/MaximSDK/Libraries/PeriphDrivers/bin/MAX32665/softfp/libPeriphDriver_softfp.a(spi_reva1.o) (MXC_DMA_Init)
C:/MaximSDK/Libraries/PeriphDrivers/bin/MAX32665/softfp/libPeriphDriver_softfp.a(dma_reva.o)
                              C:/MaximSDK/Libraries/PeriphDrivers/bin/MAX32665/softfp/libPeriphDriver_softfp.a(dma_me14.o) (MXC_DMA_RevA_Init)
C:/MaximSDK/Libraries/PeriphDrivers/bin/MAX32665/softfp/libPeriphDriver_softfp.a(flc_common.o)
                              C:/MaximSDK/Libraries/PeriphDrivers/bin/MAX32665/softfp/libPeriphDriver_softfp.a(flc_me14.o) (MXC_FLC_Com_VerifyData)
C:/MaximSDK/Libraries/PeriphDrivers/bin/MAX32665/softfp/libPeriphDriver_softfp.a(gpio_common.o)
                              C:/MaximSDK/Libraries/PeriphDrivers/bin/MAX32665/softfp/libPeriphDriver_softfp.a(gpio_me14.o) (MXC_GPIO_Common_Init)
C:/MaximSDK/Libraries/PeriphDrivers/bin/MAX32665/softfp/libPeriphDriver_softfp.a(uart_common.o)
                              C:/MaximSDK/Libraries/PeriphDrivers/bin/MAX32665/softfp/libPeriphDriver_softfp.a(uart_me14.o) (MXC_UART_Common_ReadCharacter)
c:/Users/Vkarra/Documents/GitHub/Swift_DSS/SWIFTV2_DSS/SwiftV2_DSS_Press_Start/build/MAXUSB/maxusb.a(usb.o)
[...]
Memory Configuration

Name             Origin             Length             Attributes
SPIX             0x08000000         0x08000000         xr
FLASH            0x10000000         0x00100000         xr
PAL_NVM_DB       0x10100000         0x00000000         r
OTP              0x20000000         0x00000000         xrw
ARM_SHARED       0x20000000         0x00000000         xrw
SDMA_SHARED      0x20000000         0x00000000         xrw
SDMA_DATA        0x20000000         0x00000000         xrw
SDMA_CODE        0x20000000         0x00000000         xrw
SRAM             0x20000000         0x0008c000         xrw
SPID             0x80000000         0x20000000         rw
*default*        0x00000000         0xffffffff

Linker script and memory map

LOAD c:/maximsdk/tools/gnutools/10.3/bin/../lib/gcc/arm-none-eabi/10.3.1/thumb/v7e-m+fp/softfp/crti.o
LOAD c:/maximsdk/tools/gnutools/10.3/bin/../lib/gcc/arm-none-eabi/10.3.1/thumb/v7e-m+fp/softfp/crtbegin.o
LOAD c:/maximsdk/tools/gnutools/10.3/bin/../lib/gcc/arm-none-eabi/10.3.1/../../../../arm-none-eabi/lib/thumb/v7e-m+fp/softfp/crt0.o
LOAD c:/Users/Vkarra/Documents/GitHub/Swift_DSS/SWIFTV2_DSS/SwiftV2_DSS_Press_Start/build/AD4630.o
LOAD c:/Users/Vkarra/Documents/GitHub/Swift_DSS/SWIFTV2_DSS/SwiftV2_DSS_Press_Start/build/dev_gpio_config.o
LOAD c:/Users/Vkarra/Documents/GitHub/Swift_DSS/SWIFTV2_DSS/SwiftV2_DSS_Press_Start/build/main.o
LOAD c:/Users/Vkarra/Documents/GitHub/Swift_DSS/SWIFTV2_DSS/SwiftV2_DSS_Press_Start/build/board.o
LOAD c:/Users/Vkarra/Documents/GitHub/Swift_DSS/SWIFTV2_DSS/SwiftV2_DSS_Press_Start/build/stdio.o
LOAD c:/Users/Vkarra/Documents/GitHub/Swift_DSS/SWIFTV2_DSS/SwiftV2_DSS_Press_Start/build/led.o
LOAD c:/Users/Vkarra/Documents/GitHub/Swift_DSS/SWIFTV2_DSS/SwiftV2_DSS_Press_Start/build/pb.o
LOAD c:/Users/Vkarra/Documents/GitHub/Swift_DSS/SWIFTV2_DSS/SwiftV2_DSS_Press_Start/build/startup_max32665.o
LOAD c:/Users/Vkarra/Documents/GitHub/Swift_DSS/SWIFTV2_DSS/SwiftV2_DSS_Press_Start/build/backup_max32665.o
LOAD c:/Users/Vkarra/Documents/GitHub/Swift_DSS/SWIFTV2_DSS/SwiftV2_DSS_Press_Start/build/heap.o
LOAD c:/Users/Vkarra/Documents/GitHub/Swift_DSS/SWIFTV2_DSS/SwiftV2_DSS_Press_Start/build/system_max32665.o
START GROUP
LOAD C:/MaximSDK/Libraries/PeriphDrivers/bin/MAX32665/softfp/libPeriphDriver_softfp.a
LOAD c:/Users/Vkarra/Documents/GitHub/Swift_DSS/SWIFTV2_DSS/SwiftV2_DSS_Press_Start/build/MAXUSB/maxusb.a
LOAD c:/maximsdk/tools/gnutools/10.3/bin/../lib/gcc/arm-none-eabi/10.3.1/../../../../arm-none-eabi/lib/thumb/v7e-m+fp/softfp\libc.a
LOAD c:/maximsdk/tools/gnutools/10.3/bin/../lib/gcc/arm-none-eabi/10.3.1/../../../../arm-none-eabi/lib/thumb/v7e-m+fp/softfp\libm.a
LOAD c:/maximsdk/tools/gnutools/10.3/bin/../lib/gcc/arm-none-eabi/10.3.1/../../../../arm-none-eabi/lib/thumb/v7e-m+fp/softfp\libnosys.a
END GROUP
START GROUP
LOAD c:/maximsdk/tools/gnutools/10.3/bin/../lib/gcc/arm-none-eabi/10.3.1/thumb/v7e-m+fp/softfp\libgcc.a
LOAD c:/maximsdk/tools/gnutools/10.3/bin/../lib/gcc/arm-none-eabi/10.3.1/../../../../arm-none-eabi/lib/thumb/v7e-m+fp/softfp\libc.a
END GROUP
LOAD c:/maximsdk/tools/gnutools/10.3/bin/../lib/gcc/arm-none-eabi/10.3.1/thumb/v7e-m+fp/softfp/crtend.o
LOAD c:/maximsdk/tools/gnutools/10.3/bin/../lib/gcc/arm-none-eabi/10.3.1/thumb/v7e-m+fp/softfp/crtn.o
                0x20000000                SRAM_ORIGIN = 0x20000000
                0x00000000                SDMA_CODE_LEN = DEFINED (SDMA_CODE_SIZE)?SDMA_CODE_SIZE:0x0
                0x00000000                SDMA_DATA_LEN = DEFINED (SDMA_DATA_SIZE)?SDMA_DATA_SIZE:0x0
                0x00000000                SDMA_LEN = (SDMA_CODE_LEN + SDMA_DATA_LEN)
                0x00000000                OTP_LEN = DEFINED (SDMA_CODE_SIZE)?0x40:0x0
                0x00000000                SHARED_LEN = DEFINED (SDMA_CODE_SIZE)?0x400:0x0
                0x00000000                SHARED_LEN_HALF = (SHARED_LEN / 0x2)
                0x20000000                OTP_ADDR = SRAM_ORIGIN
                0x20000000                SHARED_ADDR = (OTP_ADDR + OTP_LEN)
                0x20000000                SDMA_DATA_ADDR = (SHARED_ADDR + SHARED_LEN)
                0x20000000                SDMA_CODE_ADDR = (SDMA_DATA_ADDR + SDMA_DATA_LEN)
                0x20000000                SRAM_ADDR = (SDMA_CODE_ADDR + SDMA_CODE_LEN)
                0x0008c000                SRAM_LEN = (((SRAM_SIZE - OTP_LEN) - SHARED_LEN) - SDMA_LEN)
                0x00100000                FLASH_MEM_SIZE = (0x100000 - _PAL_NVM_SIZE)
                0x10100000                PAL_NVM_ORIGIN = ((0x100000 - _PAL_NVM_SIZE) + 0x10000000)

.text           0x10000000     0xb680
                0x10000000                _text = .
 *(.isr_vector)
 .isr_vector    0x10000000      0x1bc c:/Users/Vkarra/Documents/GitHub/Swift_DSS/SWIFTV2_DSS/SwiftV2_DSS_Press_Start/build/startup_max32665.o
                0x10000000                __isr_vector
 *(.text*)
 .text          0x100001bc       0x40 c:/maximsdk/tools/gnutools/10.3/bin/../lib/gcc/arm-none-eabi/10.3.1/thumb/v7e-m+fp/softfp/crtbegin.o
 .text.hardware_reset
                0x100001fc       0x54 c:/Users/Vkarra/Documents/GitHub/Swift_DSS/SWIFTV2_DSS/SwiftV2_DSS_Press_Start/build/AD4630.o
                0x100001fc                hardware_reset
 .text.SPI_Callback
                0x10000250        0xc c:/Users/Vkarra/Documents/GitHub/Swift_DSS/SWIFTV2_DSS/SwiftV2_DSS_Press_Start/build/main.o
                0x10000250                SPI_Callback
 .text.usbAppSleep
                0x1000025c        0xc c:/Users/Vkarra/Documents/GitHub/Swift_DSS/SWIFTV2_DSS/SwiftV2_DSS_Press_Start/build/main.o
 .text.usbAppWakeup
                0x10000268        0xc c:/Users/Vkarra/Documents/GitHub/Swift_DSS/SWIFTV2_DSS/SwiftV2_DSS_Press_Start/build/main.o
 .text.setfeatureCallback
                0x10000274       0x1c c:/Users/Vkarra/Documents/GitHub/Swift_DSS/SWIFTV2_DSS/SwiftV2_DSS_Press_Start/build/main.o
 .text.clrfeatureCallback
                0x10000290       0x18 c:/Users/Vkarra/Documents/GitHub/Swift_DSS/SWIFTV2_DSS/SwiftV2_DSS_Press_Start/build/main.o
 .text.usbReadCallback
                0x100002a8       0x10 c:/Users/Vkarra/Documents/GitHub/Swift_DSS/SWIFTV2_DSS/SwiftV2_DSS_Press_Start/build/main.o
 .text.delay_us
                0x100002b8        0x8 c:/Users/Vkarra/Documents/GitHub/Swift_DSS/SWIFTV2_DSS/SwiftV2_DSS_Press_Start/build/main.o
                0x100002b8                delay_us
 .text.SPI0_IRQHandler
                0x100002c0       0x10 c:/Users/Vkarra/Documents/GitHub/Swift_DSS/SWIFTV2_DSS/SwiftV2_DSS_Press_Start/build/main.o
                0x100002c0                SPI0_IRQHandler
 .text.BUSY_ISR
                0x100002d0       0x24 c:/Users/Vkarra/Documents/GitHub/Swift_DSS/SWIFTV2_DSS/SwiftV2_DSS_Press_Start/build/main.o
                0x100002d0                BUSY_ISR
 .text.eventCallback
                0x100002f4       0xb4 c:/Users/Vkarra/Documents/GitHub/Swift_DSS/SWIFTV2_DSS/SwiftV2_DSS_Press_Start/build/main.o
 .text.setconfigCallback
                0x100003a8       0x84 c:/Users/Vkarra/Documents/GitHub/Swift_DSS/SWIFTV2_DSS/SwiftV2_DSS_Press_Start/build/main.o
 .text.usbStartupCallback
                0x1000042c       0x34 c:/Users/Vkarra/Documents/GitHub/Swift_DSS/SWIFTV2_DSS/SwiftV2_DSS_Press_Start/build/main.o
                0x1000042c                usbStartupCallback
 .text.usbShutdownCallback
                0x10000460        0xc c:/Users/Vkarra/Documents/GitHub/Swift_DSS/SWIFTV2_DSS/SwiftV2_DSS_Press_Start/build/main.o
                0x10000460                usbShutdownCallback
 .text.debugPrint
                0x1000046c       0x30 c:/Users/Vkarra/Documents/GitHub/Swift_DSS/SWIFTV2_DSS/SwiftV2_DSS_Press_Start/build/main.o
                0x1000046c                debugPrint
 .text.main     0x1000049c      0x3ac c:/Users/Vkarra/Documents/GitHub/Swift_DSS/SWIFTV2_DSS/SwiftV2_DSS_Press_Start/build/main.o
                0x1000049c                main
 .text.USB_IRQHandler
                0x10000848        0x8 c:/Users/Vkarra/Documents/GitHub/Swift_DSS/SWIFTV2_DSS/SwiftV2_DSS_Press_Start/build/main.o
                0x10000848                USB_IRQHandler
 .text.SysTick_Handler
                0x10000850        0x8 c:/Users/Vkarra/Documents/GitHub/Swift_DSS/SWIFTV2_DSS/SwiftV2_DSS_Press_Start/build/main.o
                0x10000850                SysTick_Handler
 .text.mxc_assert
                0x10000858        0x2 c:/Users/Vkarra/Documents/GitHub/Swift_DSS/SWIFTV2_DSS/SwiftV2_DSS_Press_Start/build/board.o
                0x10000858                mxc_assert
 .text.GPIO1_IRQHandler
                0x1000085a        0xa c:/Users/Vkarra/Documents/GitHub/Swift_DSS/SWIFTV2_DSS/SwiftV2_DSS_Press_Start/build/board.o
                0x1000085a                GPIO1_IRQHandler
 .text.Console_Init
                0x10000864       0x18 c:/Users/Vkarra/Documents/GitHub/Swift_DSS/SWIFTV2_DSS/SwiftV2_DSS_Press_Start/build/board.o
                0x10000864                Console_Init
 .text.Board_Init
                0x1000087c       0x34 c:/Users/Vkarra/Documents/GitHub/Swift_DSS/SWIFTV2_DSS/SwiftV2_DSS_Press_Start/build/board.o
                0x1000087c                Board_Init
 .text.NMI_Handler
                0x100008b0        0x4 c:/Users/Vkarra/Documents/GitHub/Swift_DSS/SWIFTV2_DSS/SwiftV2_DSS_Press_Start/build/board.o
                0x100008b0                NMI_Handler
 .text._close   0x100008b4        0x6 c:/Users/Vkarra/Documents/GitHub/Swift_DSS/SWIFTV2_DSS/SwiftV2_DSS_Press_Start/build/stdio.o
                0x100008b4                _close
 .text._isatty  0x100008ba        0x6 c:/Users/Vkarra/Documents/GitHub/Swift_DSS/SWIFTV2_DSS/SwiftV2_DSS_Press_Start/build/stdio.o
                0x100008ba                _isatty
 .text._lseek   0x100008c0        0x6 c:/Users/Vkarra/Documents/GitHub/Swift_DSS/SWIFTV2_DSS/SwiftV2_DSS_Press_Start/build/stdio.o
                0x100008c0                _lseek
 .text._fstat   0x100008c6        0x6 c:/Users/Vkarra/Documents/GitHub/Swift_DSS/SWIFTV2_DSS/SwiftV2_DSS_Press_Start/build/stdio.o
                0x100008c6                _fstat
 .text._read    0x100008cc       0x50 c:/Users/Vkarra/Documents/GitHub/Swift_DSS/SWIFTV2_DSS/SwiftV2_DSS_Press_Start/build/stdio.o
                0x100008cc                _read
 .text._write   0x1000091c       0x44 c:/Users/Vkarra/Documents/GitHub/Swift_DSS/SWIFTV2_DSS/SwiftV2_DSS_Press_Start/build/stdio.o
                0x1000091c                _write
 .text.LED_Off  0x10000960       0x44 c:/Users/Vkarra/Documents/GitHub/Swift_DSS/SWIFTV2_DSS/SwiftV2_DSS_Press_Start/build/led.o
                0x10000960                LED_Off
 .text.LED_Init
                0x100009a4       0x3c c:/Users/Vkarra/Documents/GitHub/Swift_DSS/SWIFTV2_DSS/SwiftV2_DSS_Press_Start/build/led.o
                0x100009a4                LED_Init
 .text.PB_Init  0x100009e0       0x38 c:/Users/Vkarra/Documents/GitHub/Swift_DSS/SWIFTV2_DSS/SwiftV2_DSS_Press_Start/build/pb.o
                0x100009e0                PB_Init
 .text          0x10000a18      0x134 c:/Users/Vkarra/Documents/GitHub/Swift_DSS/SWIFTV2_DSS/SwiftV2_DSS_Press_Start/build/startup_max32665.o
                0x10000a18                Reset_Handler
                0x10000a56                HardFault_Handler
                0x10000a58                MemManage_Handler
                0x10000a5a                BusFault_Handler
                0x10000a5c                UsageFault_Handler
                0x10000a5e                SVC_Handler
                0x10000a60                PendSV_Handler
                0x10000a62                Default_Handler
                0x10000a64                PF_IRQHandler
                0x10000a66                WDT0_IRQHandler
                0x10000a6a                RTC_IRQHandler
                0x10000a6c                TRNG_IRQHandler
                0x10000a6e                TMR0_IRQHandler
                0x10000a70                TMR1_IRQHandler
                0x10000a72                TMR2_IRQHandler
                0x10000a74                TMR3_IRQHandler
                0x10000a76                TMR4_IRQHandler
                0x10000a78                TMR5_IRQHandler
                0x10000a7a                RSV11_IRQHandler
                0x10000a7c                RSV12_IRQHandler
                0x10000a7e                I2C0_IRQHandler
                0x10000a80                UART0_IRQHandler
                0x10000a82                UART1_IRQHandler
                0x10000a84                SPI1_IRQHandler
                0x10000a86                SPI2_IRQHandler
                0x10000a88                RSV18_IRQHandler
                0x10000a8a                RSV19_IRQHandler
                0x10000a8c                ADC_IRQHandler
                0x10000a8e                RSV21_IRQHandler
                0x10000a90                RSV22_IRQHandler
                0x10000a92                FLC0_IRQHandler
                0x10000a94                GPIO0_IRQHandler
                0x10000a98                RSV26_IRQHandler
                0x10000a9a                TPU_IRQHandler
                0x10000a9c                DMA0_IRQHandler
                0x10000a9e                DMA1_IRQHandler
                0x10000aa0                DMA2_IRQHandler
                0x10000aa2                DMA3_IRQHandler
                0x10000aa4                RSV32_IRQHandler
                0x10000aa6                RSV33_IRQHandler
                0x10000aa8                UART2_IRQHandler
                0x10000aaa                RSV35_IRQHandler
                0x10000aac                I2C1_IRQHandler
                0x10000aae                RSV37_IRQHandler
                0x10000ab0                SPIXFC_IRQHandler
                0x10000ab2                BTLE_TX_DONE_IRQHandler
                0x10000ab4                BTLE_RX_RCVD_IRQHandler
                0x10000ab6                BTLE_RX_ENG_DET_IRQHandler
                0x10000ab8                BTLE_SFD_DET_IRQHandler
                0x10000aba                BTLE_SFD_TO_IRQHandler
                0x10000abc                BTLE_GP_EVENT_IRQHandler
                0x10000abe                BTLE_CFO_IRQHandler
                0x10000ac0                BTLE_SIG_DET_IRQHandler
                0x10000ac2                BTLE_AGC_EVENT_IRQHandler
                0x10000ac4                BTLE_RFFE_SPIM_IRQHandler
                0x10000ac6                BTLE_TX_AES_IRQHandler
                0x10000ac8                BTLE_RX_AES_IRQHandler
                0x10000aca                BTLE_INV_APB_ADDR_IRQHandler
                0x10000acc                BTLE_IQ_DATA_VALID_IRQHandler
                0x10000ace                WUT_IRQHandler
                0x10000ad0                GPIOWAKE_IRQHandler
                0x10000ad2                RSV55_IRQHandler
                0x10000ad6                WDT1_IRQHandler
                0x10000ad8                RSV58_IRQHandler
                0x10000ada                PT_IRQHandler
                0x10000adc                SDMA0_IRQHandler
                0x10000ade                RSV61_IRQHandler
                0x10000ae0                I2C2_IRQHandler
                0x10000ae2                RSV63_IRQHandler
                0x10000ae4                RSV64_IRQHandler
                0x10000ae6                RSV65_IRQHandler
                0x10000ae8                SDHC_IRQHandler
                0x10000aea                OWM_IRQHandler
                0x10000aec                DMA4_IRQHandler
                0x10000aee                DMA5_IRQHandler
                0x10000af0                DMA6_IRQHandler
                0x10000af2                DMA7_IRQHandler
                0x10000af4                DMA8_IRQHandler
                0x10000af6                DMA9_IRQHandler
                0x10000af8                DMA10_IRQHandler
                0x10000afa                DMA11_IRQHandler
                0x10000afc                DMA12_IRQHandler
                0x10000afe                DMA13_IRQHandler
                0x10000b00                DMA14_IRQHandler
                0x10000b02                DMA15_IRQHandler
                0x10000b04                USBDMA_IRQHandler
                0x10000b06                WDT2_IRQHandler
                0x10000b08                ECC_IRQHandler
                0x10000b0a                DVS_IRQHandler
                0x10000b0c                SIMO_IRQHandler
                0x10000b0e                SCA_IRQHandler
                0x10000b10                AUDIO_IRQHandler
                0x10000b12                FLC1_IRQHandler
                0x10000b14                RSV88_IRQHandler
                0x10000b16                RSV89_IRQHandler
                0x10000b18                RSV90_IRQHandler
                0x10000b1a                RSV91_IRQHandler
                0x10000b1c                RSV92_IRQHandler
                0x10000b1e                HTMR0_IRQHandler
                0x10000b20                HTMR1_IRQHandler
 .text._sbrk    0x10000b4c       0x40 c:/Users/Vkarra/Documents/GitHub/Swift_DSS/SWIFTV2_DSS/SwiftV2_DSS_Press_Start/build/heap.o
                0x10000b4c                _sbrk
 .text._getpid  0x10000b8c        0x6 c:/Users/Vkarra/Documents/GitHub/Swift_DSS/SWIFTV2_DSS/SwiftV2_DSS_Press_Start/build/system_max32665.o
                0x10000b8c                _getpid
 .text._kill    0x10000b92        0x6 c:/Users/Vkarra/Documents/GitHub/Swift_DSS/SWIFTV2_DSS/SwiftV2_DSS_Press_Start/build/system_max32665.o
                0x10000b92                _kill
 .text.SystemCoreClockUpdate
                0x10000b98       0x6c c:/Users/Vkarra/Documents/GitHub/Swift_DSS/SWIFTV2_DSS/SwiftV2_DSS_Press_Start/build/system_max32665.o
                0x10000b98                SystemCoreClockUpdate
 .text.PreInit  0x10000c04       0x60 c:/Users/Vkarra/Documents/GitHub/Swift_DSS/SWIFTV2_DSS/SwiftV2_DSS_Press_Start/build/system_max32665.o
                0x10000c04                PreInit
 .text.PalSysInit
                0x10000c64        0x2 c:/Users/Vkarra/Documents/GitHub/Swift_DSS/SWIFTV2_DSS/SwiftV2_DSS_Press_Start/build/system_max32665.o
                0x10000c64                PalSysInit
 *fill*         0x10000c66        0x2 
 .text.SystemInit
                0x10000c68      0x110 c:/Users/Vkarra/Documents/GitHub/Swift_DSS/SWIFTV2_DSS/SwiftV2_DSS_Press_Start/build/system_max32665.o
                0x10000c68                SystemInit
 .text.MXC_DelayInit
                0x10000d78       0x84 C:/MaximSDK/Libraries/PeriphDrivers/bin/MAX32665/softfp/libPeriphDriver_softfp.a(mxc_delay.o)
 .text.MXC_DelayAsync
                0x10000dfc       0x44 C:/MaximSDK/Libraries/PeriphDrivers/bin/MAX32665/softfp/libPeriphDriver_softfp.a(mxc_delay.o)
                0x10000dfc                MXC_DelayAsync
 .text.MXC_DelayAbort
                0x10000e40       0x34 C:/MaximSDK/Libraries/PeriphDrivers/bin/MAX32665/softfp/libPeriphDriver_softfp.a(mxc_delay.o)
                0x10000e40                MXC_DelayAbort
 .text.MXC_DelayHandler
                0x10000e74       0x40 C:/MaximSDK/Libraries/PeriphDrivers/bin/MAX32665/softfp/libPeriphDriver_softfp.a(mxc_delay.o)
                0x10000e74                MXC_DelayHandler
 .text.MXC_DelayCheck
                0x10000eb4       0x64 C:/MaximSDK/Libraries/PeriphDrivers/bin/MAX32665/softfp/libPeriphDriver_softfp.a(mxc_delay.o)
                0x10000eb4                MXC_DelayCheck
 .text.MXC_Delay
                0x10000f18       0x58 C:/MaximSDK/Libraries/PeriphDrivers/bin/MAX32665/softfp/libPeriphDriver_softfp.a(mxc_delay.o)
                0x10000f18                MXC_Delay
 .text.NVIC_SetRAM
                0x10000f70       0x24 C:/MaximSDK/Libraries/PeriphDrivers/bin/MAX32665/softfp/libPeriphDriver_softfp.a(nvic_table.o)
                0x10000f70                NVIC_SetRAM
 .text.MXC_NVIC_SetVector
                0x10000f94       0x44 C:/MaximSDK/Libraries/PeriphDrivers/bin/MAX32665/softfp/libPeriphDriver_softfp.a(nvic_table.o)
                0x10000f94                MXC_NVIC_SetVector
 .text.MXC_SYS_ClockDisable
                0x10000fd8       0x2c C:/MaximSDK/Libraries/PeriphDrivers/bin/MAX32665/softfp/libPeriphDriver_softfp.a(sys_me14.o)
                0x10000fd8                MXC_SYS_ClockDisable
 .text.MXC_SYS_ClockEnable
                0x10001004       0x30 C:/MaximSDK/Libraries/PeriphDrivers/bin/MAX32665/softfp/libPeriphDriver_softfp.a(sys_me14.o)
                0x10001004                MXC_SYS_ClockEnable
 .text.MXC_SYS_Clock_Timeout
                0x10001034       0x30 C:/MaximSDK/Libraries/PeriphDrivers/bin/MAX32665/softfp/libPeriphDriver_softfp.a(sys_me14.o)
                0x10001034                MXC_SYS_Clock_Timeout
 .text.MXC_SYS_Clock_Select
                0x10001064      0x18c C:/MaximSDK/Libraries/PeriphDrivers/bin/MAX32665/softfp/libPeriphDriver_softfp.a(sys_me14.o)
                0x10001064                MXC_SYS_Clock_Select
 .text.MXC_SYS_Reset_Periph
                0x100011f0       0x38 C:/MaximSDK/Libraries/PeriphDrivers/bin/MAX32665/softfp/libPeriphDriver_softfp.a(sys_me14.o)
                0x100011f0                MXC_SYS_Reset_Periph
 .text.MXC_GPIO_InGet
                0x10001228        0x8 C:/MaximSDK/Libraries/PeriphDrivers/bin/MAX32665/softfp/libPeriphDriver_softfp.a(gpio_me14.o)
                0x10001228                MXC_GPIO_InGet
 .text.MXC_GPIO_OutSet
                0x10001230        0x8 C:/MaximSDK/Libraries/PeriphDrivers/bin/MAX32665/softfp/libPeriphDriver_softfp.a(gpio_me14.o)
                0x10001230                MXC_GPIO_OutSet
 .text.MXC_GPIO_OutClr
                0x10001238        0x8 C:/MaximSDK/Libraries/PeriphDrivers/bin/MAX32665/softfp/libPeriphDriver_softfp.a(gpio_me14.o)
                0x10001238                MXC_GPIO_OutClr
 .text.MXC_GPIO_IntConfig
                0x10001240        0x8 C:/MaximSDK/Libraries/PeriphDrivers/bin/MAX32665/softfp/libPeriphDriver_softfp.a(gpio_me14.o)
                0x10001240                MXC_GPIO_IntConfig
 .text.MXC_GPIO_EnableInt
                0x10001248        0x8 C:/MaximSDK/Libraries/PeriphDrivers/bin/MAX32665/softfp/libPeriphDriver_softfp.a(gpio_me14.o)
                0x10001248                MXC_GPIO_EnableInt
 .text.MXC_GPIO_Handler
                0x10001250        0x8 C:/MaximSDK/Libraries/PeriphDrivers/bin/MAX32665/softfp/libPeriphDriver_softfp.a(gpio_me14.o)
                0x10001250                MXC_GPIO_Handler
 .text.MXC_GPIO_ClearFlags
                0x10001258        0x8 C:/MaximSDK/Libraries/PeriphDrivers/bin/MAX32665/softfp/libPeriphDriver_softfp.a(gpio_me14.o)
                0x10001258                MXC_GPIO_ClearFlags
 .text.MXC_GPIO_GetFlags
                0x10001260        0x8 C:/MaximSDK/Libraries/PeriphDrivers/bin/MAX32665/softfp/libPeriphDriver_softfp.a(gpio_me14.o)
                0x10001260                MXC_GPIO_GetFlags
 .text.MXC_GPIO_SetVSSEL
                0x10001268        0x8 C:/MaximSDK/Libraries/PeriphDrivers/bin/MAX32665/softfp/libPeriphDriver_softfp.a(gpio_me14.o)
                0x10001268                MXC_GPIO_SetVSSEL
 .text.MXC_GPIO_Config
                0x10001270       0xd2 C:/MaximSDK/Libraries/PeriphDrivers/bin/MAX32665/softfp/libPeriphDriver_softfp.a(gpio_me14.o)
                0x10001270                MXC_GPIO_Config
 .text.MXC_GPIO_RevA_InGet
                0x10001342        0x6 C:/MaximSDK/Libraries/PeriphDrivers/bin/MAX32665/softfp/libPeriphDriver_softfp.a(gpio_reva.o)
                0x10001342                MXC_GPIO_RevA_InGet
 .text.MXC_GPIO_RevA_OutSet
                0x10001348        0x4 C:/MaximSDK/Libraries/PeriphDrivers/bin/MAX32665/softfp/libPeriphDriver_softfp.a(gpio_reva.o)
                0x10001348                MXC_GPIO_RevA_OutSet
 .text.MXC_GPIO_RevA_OutClr
                0x1000134c        0x4 C:/MaximSDK/Libraries/PeriphDrivers/bin/MAX32665/softfp/libPeriphDriver_softfp.a(gpio_reva.o)
                0x1000134c                MXC_GPIO_RevA_OutClr
 .text.MXC_GPIO_RevA_IntConfig
                0x10001350       0xaa C:/MaximSDK/Libraries/PeriphDrivers/bin/MAX32665/softfp/libPeriphDriver_softfp.a(gpio_reva.o)
                0x10001350                MXC_GPIO_RevA_IntConfig
 .text.MXC_GPIO_RevA_EnableInt
                0x100013fa        0x4 C:/MaximSDK/Libraries/PeriphDrivers/bin/MAX32665/softfp/libPeriphDriver_softfp.a(gpio_reva.o)
                0x100013fa                MXC_GPIO_RevA_EnableInt
 .text.MXC_GPIO_RevA_ClearFlags
                0x100013fe        0x4 C:/MaximSDK/Libraries/PeriphDrivers/bin/MAX32665/softfp/libPeriphDriver_softfp.a(gpio_reva.o)
                0x100013fe                MXC_GPIO_RevA_ClearFlags
 .text.MXC_GPIO_RevA_GetFlags
                0x10001402        0x4 C:/MaximSDK/Libraries/PeriphDrivers/bin/MAX32665/softfp/libPeriphDriver_softfp.a(gpio_reva.o)
                0x10001402                MXC_GPIO_RevA_GetFlags
 .text.MXC_GPIO_RevA_SetVSSEL
                0x10001406       0x2a C:/MaximSDK/Libraries/PeriphDrivers/bin/MAX32665/softfp/libPeriphDriver_softfp.a(gpio_reva.o)
                0x10001406                MXC_GPIO_RevA_SetVSSEL
 .text.MXC_GPIO_RevA_SetAF
                0x10001430       0x74 C:/MaximSDK/Libraries/PeriphDrivers/bin/MAX32665/softfp/libPeriphDriver_softfp.a(gpio_reva.o)
                0x10001430                MXC_GPIO_RevA_SetAF
 .text.MXC_SPI_Init
                0x100014a4      0x24c C:/MaximSDK/Libraries/PeriphDrivers/bin/MAX32665/softfp/libPeriphDriver_softfp.a(spi_me14.o)
                0x100014a4                MXC_SPI_Init
 .text.MXC_SPI_GetPeripheralClock
                0x100016f0       0x78 C:/MaximSDK/Libraries/PeriphDrivers/bin/MAX32665/softfp/libPeriphDriver_softfp.a(spi_me14.o)
                0x100016f0                MXC_SPI_GetPeripheralClock
 .text.MXC_SPI_SetFrequency
                0x10001768        0x8 C:/MaximSDK/Libraries/PeriphDrivers/bin/MAX32665/softfp/libPeriphDriver_softfp.a(spi_me14.o)
                0x10001768                MXC_SPI_SetFrequency
 .text.MXC_SPI_SetDataSize
                0x10001770        0x8 C:/MaximSDK/Libraries/PeriphDrivers/bin/MAX32665/softfp/libPeriphDriver_softfp.a(spi_me14.o)
                0x10001770                MXC_SPI_SetDataSize
 .text.MXC_SPI_GetDataSize
                0x10001778        0x8 C:/MaximSDK/Libraries/PeriphDrivers/bin/MAX32665/softfp/libPeriphDriver_softfp.a(spi_me14.o)
                0x10001778                MXC_SPI_GetDataSize
 .text.MXC_SPI_SetSlave
                0x10001780        0x8 C:/MaximSDK/Libraries/PeriphDrivers/bin/MAX32665/softfp/libPeriphDriver_softfp.a(spi_me14.o)
                0x10001780                MXC_SPI_SetSlave
 .text.MXC_SPI_SetWidth
                0x10001788        0x8 C:/MaximSDK/Libraries/PeriphDrivers/bin/MAX32665/softfp/libPeriphDriver_softfp.a(spi_me14.o)
                0x10001788                MXC_SPI_SetWidth
 .text.MXC_SPI_GetWidth
                0x10001790        0x8 C:/MaximSDK/Libraries/PeriphDrivers/bin/MAX32665/softfp/libPeriphDriver_softfp.a(spi_me14.o)
                0x10001790                MXC_SPI_GetWidth
 .text.MXC_SPI_SetMode
                0x10001798        0x8 C:/MaximSDK/Libraries/PeriphDrivers/bin/MAX32665/softfp/libPeriphDriver_softfp.a(spi_me14.o)
                0x10001798                MXC_SPI_SetMode
 .text.MXC_SPI_StartTransmission
                0x100017a0        0x8 C:/MaximSDK/Libraries/PeriphDrivers/bin/MAX32665/softfp/libPeriphDriver_softfp.a(spi_me14.o)
                0x100017a0                MXC_SPI_StartTransmission
 .text.MXC_SPI_GetActive
                0x100017a8        0x8 C:/MaximSDK/Libraries/PeriphDrivers/bin/MAX32665/softfp/libPeriphDriver_softfp.a(spi_me14.o)
                0x100017a8                MXC_SPI_GetActive
 .text.MXC_SPI_ReadRXFIFO
                0x100017b0        0x8 C:/MaximSDK/Libraries/PeriphDrivers/bin/MAX32665/softfp/libPeriphDriver_softfp.a(spi_me14.o)
                0x100017b0                MXC_SPI_ReadRXFIFO
 .text.MXC_SPI_GetRXFIFOAvailable
                0x100017b8        0x8 C:/MaximSDK/Libraries/PeriphDrivers/bin/MAX32665/softfp/libPeriphDriver_softfp.a(spi_me14.o)
                0x100017b8                MXC_SPI_GetRXFIFOAvailable
 .text.MXC_SPI_WriteTXFIFO
                0x100017c0        0x8 C:/MaximSDK/Libraries/PeriphDrivers/bin/MAX32665/softfp/libPeriphDriver_softfp.a(spi_me14.o)
                0x100017c0                MXC_SPI_WriteTXFIFO
 .text.MXC_SPI_GetTXFIFOAvailable
                0x100017c8        0x8 C:/MaximSDK/Libraries/PeriphDrivers/bin/MAX32665/softfp/libPeriphDriver_softfp.a(spi_me14.o)
                0x100017c8                MXC_SPI_GetTXFIFOAvailable
 .text.MXC_SPI_SetRXThreshold
                0x100017d0        0x8 C:/MaximSDK/Libraries/PeriphDrivers/bin/MAX32665/softfp/libPeriphDriver_softfp.a(spi_me14.o)
                0x100017d0                MXC_SPI_SetRXThreshold
 .text.MXC_SPI_SetTXThreshold
                0x100017d8        0x8 C:/MaximSDK/Libraries/PeriphDrivers/bin/MAX32665/softfp/libPeriphDriver_softfp.a(spi_me14.o)
                0x100017d8                MXC_SPI_SetTXThreshold
 .text.MXC_SPI_EnableInt
                0x100017e0        0x8 C:/MaximSDK/Libraries/PeriphDrivers/bin/MAX32665/softfp/libPeriphDriver_softfp.a(spi_me14.o)
                0x100017e0                MXC_SPI_EnableInt
 .text.MXC_SPI_MasterTransactionAsync
                0x100017e8        0x8 C:/MaximSDK/Libraries/PeriphDrivers/bin/MAX32665/softfp/libPeriphDriver_softfp.a(spi_me14.o)
                0x100017e8                MXC_SPI_MasterTransactionAsync
 .text.MXC_SPI_AsyncHandler
                0x100017f0        0x8 C:/MaximSDK/Libraries/PeriphDrivers/bin/MAX32665/softfp/libPeriphDriver_softfp.a(spi_me14.o)
                0x100017f0                MXC_SPI_AsyncHandler
 .text.MXC_SPI_RevA1_TransSetup
                0x100017f8      0x1d0 C:/MaximSDK/Libraries/PeriphDrivers/bin/MAX32665/softfp/libPeriphDriver_softfp.a(spi_reva1.o)
 .text.MXC_SPI_RevA1_TransHandler
                0x100019c8      0x198 C:/MaximSDK/Libraries/PeriphDrivers/bin/MAX32665/softfp/libPeriphDriver_softfp.a(spi_reva1.o)
 .text.MXC_SPI_RevA1_MasterTransHandler
                0x10001b60       0xa4 C:/MaximSDK/Libraries/PeriphDrivers/bin/MAX32665/softfp/libPeriphDriver_softfp.a(spi_reva1.o)
 .text.MXC_SPI_RevA1_SlaveTransHandler
                0x10001c04        0xc C:/MaximSDK/Libraries/PeriphDrivers/bin/MAX32665/softfp/libPeriphDriver_softfp.a(spi_reva1.o)
 .text.MXC_SPI_RevA1_Init
                0x10001c10      0x110 C:/MaximSDK/Libraries/PeriphDrivers/bin/MAX32665/softfp/libPeriphDriver_softfp.a(spi_reva1.o)
                0x10001c10                MXC_SPI_RevA1_Init
 .text.MXC_SPI_RevA1_SetFrequency
                0x10001d20       0x84 C:/MaximSDK/Libraries/PeriphDrivers/bin/MAX32665/softfp/libPeriphDriver_softfp.a(spi_reva1.o)
                0x10001d20                MXC_SPI_RevA1_SetFrequency
 .text.MXC_SPI_RevA1_SetDataSize
                0x10001da4       0xa8 C:/MaximSDK/Libraries/PeriphDrivers/bin/MAX32665/softfp/libPeriphDriver_softfp.a(spi_reva1.o)
                0x10001da4                MXC_SPI_RevA1_SetDataSize
 .text.MXC_SPI_RevA1_GetDataSize
                0x10001e4c       0x14 C:/MaximSDK/Libraries/PeriphDrivers/bin/MAX32665/softfp/libPeriphDriver_softfp.a(spi_reva1.o)
                0x10001e4c                MXC_SPI_RevA1_GetDataSize
 .text.MXC_SPI_RevA1_SetSlave
                0x10001e60       0x80 C:/MaximSDK/Libraries/PeriphDrivers/bin/MAX32665/softfp/libPeriphDriver_softfp.a(spi_reva1.o)
                0x10001e60                MXC_SPI_RevA1_SetSlave
 .text.MXC_SPI_RevA1_SetWidth
                0x10001ee0       0x3a C:/MaximSDK/Libraries/PeriphDrivers/bin/MAX32665/softfp/libPeriphDriver_softfp.a(spi_reva1.o)
                0x10001ee0                MXC_SPI_RevA1_SetWidth
 .text.MXC_SPI_RevA1_GetWidth
                0x10001f1a       0x28 C:/MaximSDK/Libraries/PeriphDrivers/bin/MAX32665/softfp/libPeriphDriver_softfp.a(spi_reva1.o)
                0x10001f1a                MXC_SPI_RevA1_GetWidth
 .text.MXC_SPI_RevA1_SetMode
                0x10001f42       0x56 C:/MaximSDK/Libraries/PeriphDrivers/bin/MAX32665/softfp/libPeriphDriver_softfp.a(spi_reva1.o)
                0x10001f42                MXC_SPI_RevA1_SetMode
 .text.MXC_SPI_RevA1_StartTransmission
                0x10001f98       0x1a C:/MaximSDK/Libraries/PeriphDrivers/bin/MAX32665/softfp/libPeriphDriver_softfp.a(spi_reva1.o)
                0x10001f98                MXC_SPI_RevA1_StartTransmission
 .text.MXC_SPI_RevA1_GetActive
                0x10001fb2       0x12 C:/MaximSDK/Libraries/PeriphDrivers/bin/MAX32665/softfp/libPeriphDriver_softfp.a(spi_reva1.o)
                0x10001fb2                MXC_SPI_RevA1_GetActive
 .text.MXC_SPI_RevA1_ReadRXFIFO
                0x10001fc4       0x7c C:/MaximSDK/Libraries/PeriphDrivers/bin/MAX32665/softfp/libPeriphDriver_softfp.a(spi_reva1.o)
                0x10001fc4                MXC_SPI_RevA1_ReadRXFIFO
 .text.MXC_SPI_RevA1_GetRXFIFOAvailable
                0x10002040        0x8 C:/MaximSDK/Libraries/PeriphDrivers/bin/MAX32665/softfp/libPeriphDriver_softfp.a(spi_reva1.o)
                0x10002040                MXC_SPI_RevA1_GetRXFIFOAvailable
 .text.MXC_SPI_RevA1_WriteTXFIFO
                0x10002048       0x76 C:/MaximSDK/Libraries/PeriphDrivers/bin/MAX32665/softfp/libPeriphDriver_softfp.a(spi_reva1.o)
                0x10002048                MXC_SPI_RevA1_WriteTXFIFO
 .text.MXC_SPI_RevA1_GetTXFIFOAvailable
                0x100020be        0xc C:/MaximSDK/Libraries/PeriphDrivers/bin/MAX32665/softfp/libPeriphDriver_softfp.a(spi_reva1.o)
                0x100020be                MXC_SPI_RevA1_GetTXFIFOAvailable
 .text.MXC_SPI_RevA1_SetRXThreshold
                0x100020ca       0x1e C:/MaximSDK/Libraries/PeriphDrivers/bin/MAX32665/softfp/libPeriphDriver_softfp.a(spi_reva1.o)
                0x100020ca                MXC_SPI_RevA1_SetRXThreshold
 .text.MXC_SPI_RevA1_GetRXThreshold
                0x100020e8        0x8 C:/MaximSDK/Libraries/PeriphDrivers/bin/MAX32665/softfp/libPeriphDriver_softfp.a(spi_reva1.o)
                0x100020e8                MXC_SPI_RevA1_GetRXThreshold
 .text.MXC_SPI_RevA1_SetTXThreshold
                0x100020f0       0x1e C:/MaximSDK/Libraries/PeriphDrivers/bin/MAX32665/softfp/libPeriphDriver_softfp.a(spi_reva1.o)
                0x100020f0                MXC_SPI_RevA1_SetTXThreshold
 .text.MXC_SPI_RevA1_EnableInt
                0x1000210e        0x8 C:/MaximSDK/Libraries/PeriphDrivers/bin/MAX32665/softfp/libPeriphDriver_softfp.a(spi_reva1.o)
                0x1000210e                MXC_SPI_RevA1_EnableInt
 *fill*         0x10002116        0x2 
 .text.MXC_SPI_RevA1_MasterTransactionAsync
                0x10002118       0x64 C:/MaximSDK/Libraries/PeriphDrivers/bin/MAX32665/softfp/libPeriphDriver_softfp.a(spi_reva1.o)
                0x10002118                MXC_SPI_RevA1_MasterTransactionAsync
 .text.MXC_SPI_RevA1_AsyncHandler
                0x1000217c       0x9c C:/MaximSDK/Libraries/PeriphDrivers/bin/MAX32665/softfp/libPeriphDriver_softfp.a(spi_reva1.o)
                0x1000217c                MXC_SPI_RevA1_AsyncHandler
 .text.MXC_UART_Shutdown
                0x10002218       0x50 C:/MaximSDK/Libraries/PeriphDrivers/bin/MAX32665/softfp/libPeriphDriver_softfp.a(uart_me14.o)
                0x10002218                MXC_UART_Shutdown
 .text.MXC_UART_Init
                0x10002268       0x98 C:/MaximSDK/Libraries/PeriphDrivers/bin/MAX32665/softfp/libPeriphDriver_softfp.a(uart_me14.o)
                0x10002268                MXC_UART_Init
 .text.MXC_UART_SetFrequency
                0x10002300        0x8 C:/MaximSDK/Libraries/PeriphDrivers/bin/MAX32665/softfp/libPeriphDriver_softfp.a(uart_me14.o)
                0x10002300                MXC_UART_SetFrequency
 .text.MXC_UART_GetFrequency
                0x10002308        0x8 C:/MaximSDK/Libraries/PeriphDrivers/bin/MAX32665/softfp/libPeriphDriver_softfp.a(uart_me14.o)
                0x10002308                MXC_UART_GetFrequency
 .text.MXC_UART_SetDataSize
                0x10002310        0x8 C:/MaximSDK/Libraries/PeriphDrivers/bin/MAX32665/softfp/libPeriphDriver_softfp.a(uart_me14.o)
                0x10002310                MXC_UART_SetDataSize
 .text.MXC_UART_SetStopBits
                0x10002318        0x8 C:/MaximSDK/Libraries/PeriphDrivers/bin/MAX32665/softfp/libPeriphDriver_softfp.a(uart_me14.o)
                0x10002318                MXC_UART_SetStopBits
 .text.MXC_UART_SetParity
                0x10002320        0x8 C:/MaximSDK/Libraries/PeriphDrivers/bin/MAX32665/softfp/libPeriphDriver_softfp.a(uart_me14.o)
                0x10002320                MXC_UART_SetParity
 .text.MXC_UART_ReadCharacterRaw
                0x10002328        0x8 C:/MaximSDK/Libraries/PeriphDrivers/bin/MAX32665/softfp/libPeriphDriver_softfp.a(uart_me14.o)
                0x10002328                MXC_UART_ReadCharacterRaw
 .text.MXC_UART_WriteCharacterRaw
                0x10002330        0x8 C:/MaximSDK/Libraries/PeriphDrivers/bin/MAX32665/softfp/libPeriphDriver_softfp.a(uart_me14.o)
                0x10002330                MXC_UART_WriteCharacterRaw
 .text.MXC_UART_ReadCharacter
                0x10002338        0x8 C:/MaximSDK/Libraries/PeriphDrivers/bin/MAX32665/softfp/libPeriphDriver_softfp.a(uart_me14.o)
                0x10002338                MXC_UART_ReadCharacter
 .text.MXC_UART_WriteCharacter
                0x10002340        0x8 C:/MaximSDK/Libraries/PeriphDrivers/bin/MAX32665/softfp/libPeriphDriver_softfp.a(uart_me14.o)
                0x10002340                MXC_UART_WriteCharacter
 .text.MXC_UART_GetRXFIFOAvailable
                0x10002348        0x8 C:/MaximSDK/Libraries/PeriphDrivers/bin/MAX32665/softfp/libPeriphDriver_softfp.a(uart_me14.o)
                0x10002348                MXC_UART_GetRXFIFOAvailable
 .text.MXC_UART_GetTXFIFOAvailable
                0x10002350        0x8 C:/MaximSDK/Libraries/PeriphDrivers/bin/MAX32665/softfp/libPeriphDriver_softfp.a(uart_me14.o)
                0x10002350                MXC_UART_GetTXFIFOAvailable
 .text.MXC_UART_SetRXThreshold
                0x10002358        0x8 C:/MaximSDK/Libraries/PeriphDrivers/bin/MAX32665/softfp/libPeriphDriver_softfp.a(uart_me14.o)
                0x10002358                MXC_UART_SetRXThreshold
 .text.MXC_UART_SetTXThreshold
                0x10002360        0x8 C:/MaximSDK/Libraries/PeriphDrivers/bin/MAX32665/softfp/libPeriphDriver_softfp.a(uart_me14.o)
                0x10002360                MXC_UART_SetTXThreshold
 .text.MXC_UART_RevA_Init
                0x10002368       0xd4 C:/MaximSDK/Libraries/PeriphDrivers/bin/MAX32665/softfp/libPeriphDriver_softfp.a(uart_reva.o)
                0x10002368                MXC_UART_RevA_Init
 .text.MXC_UART_RevA_SetFrequency
                0x1000243c      0x108 C:/MaximSDK/Libraries/PeriphDrivers/bin/MAX32665/softfp/libPeriphDriver_softfp.a(uart_reva.o)
                0x1000243c                MXC_UART_RevA_SetFrequency
 .text.MXC_UART_RevA_GetFrequency
                0x10002544       0xb4 C:/MaximSDK/Libraries/PeriphDrivers/bin/MAX32665/softfp/libPeriphDriver_softfp.a(uart_reva.o)
                0x10002544                MXC_UART_RevA_GetFrequency
 .text.MXC_UART_RevA_SetDataSize
                0x100025f8       0x20 C:/MaximSDK/Libraries/PeriphDrivers/bin/MAX32665/softfp/libPeriphDriver_softfp.a(uart_reva.o)
                0x100025f8                MXC_UART_RevA_SetDataSize
 .text.MXC_UART_RevA_SetStopBits
                0x10002618       0x24 C:/MaximSDK/Libraries/PeriphDrivers/bin/MAX32665/softfp/libPeriphDriver_softfp.a(uart_reva.o)
                0x10002618                MXC_UART_RevA_SetStopBits
 .text.MXC_UART_RevA_SetParity
                0x1000263c      0x11a C:/MaximSDK/Libraries/PeriphDrivers/bin/MAX32665/softfp/libPeriphDriver_softfp.a(uart_reva.o)
                0x1000263c                MXC_UART_RevA_SetParity
 .text.MXC_UART_RevA_ReadCharacterRaw
                0x10002756       0x12 C:/MaximSDK/Libraries/PeriphDrivers/bin/MAX32665/softfp/libPeriphDriver_softfp.a(uart_reva.o)
                0x10002756                MXC_UART_RevA_ReadCharacterRaw
 .text.MXC_UART_RevA_WriteCharacterRaw
                0x10002768       0x14 C:/MaximSDK/Libraries/PeriphDrivers/bin/MAX32665/softfp/libPeriphDriver_softfp.a(uart_reva.o)
                0x10002768                MXC_UART_RevA_WriteCharacterRaw
 .text.MXC_UART_RevA_GetRXFIFOAvailable
                0x1000277c        0x8 C:/MaximSDK/Libraries/PeriphDrivers/bin/MAX32665/softfp/libPeriphDriver_softfp.a(uart_reva.o)
                0x1000277c                MXC_UART_RevA_GetRXFIFOAvailable
 .text.MXC_UART_RevA_GetTXFIFOAvailable
                0x10002784        0xc C:/MaximSDK/Libraries/PeriphDrivers/bin/MAX32665/softfp/libPeriphDriver_softfp.a(uart_reva.o)
                0x10002784                MXC_UART_RevA_GetTXFIFOAvailable
 .text.MXC_UART_RevA_SetRXThreshold
                0x10002790       0x1e C:/MaximSDK/Libraries/PeriphDrivers/bin/MAX32665/softfp/libPeriphDriver_softfp.a(uart_reva.o)
                0x10002790                MXC_UART_RevA_SetRXThreshold
 .text.MXC_UART_RevA_SetTXThreshold
                0x100027ae       0x20 C:/MaximSDK/Libraries/PeriphDrivers/bin/MAX32665/softfp/libPeriphDriver_softfp.a(uart_reva.o)
                0x100027ae                MXC_UART_RevA_SetTXThreshold
 .text.MXC_FreeLock
                0x100027ce        0xa C:/MaximSDK/Libraries/PeriphDrivers/bin/MAX32665/softfp/libPeriphDriver_softfp.a(mxc_lock.o)
                0x100027ce                MXC_FreeLock
 .text.MXC_GPIO_Common_Handler
                0x100027d8       0x78 C:/MaximSDK/Libraries/PeriphDrivers/bin/MAX32665/softfp/libPeriphDriver_softfp.a(gpio_common.o)
                0x100027d8                MXC_GPIO_Common_Handler
 .text.MXC_UART_Common_ReadCharacter
                0x10002850       0x16 C:/MaximSDK/Libraries/PeriphDrivers/bin/MAX32665/softfp/libPeriphDriver_softfp.a(uart_common.o)
                0x10002850                MXC_UART_Common_ReadCharacter
 .text.MXC_UART_Common_WriteCharacter
                0x10002866       0x1a C:/MaximSDK/Libraries/PeriphDrivers/bin/MAX32665/softfp/libPeriphDriver_softfp.a(uart_common.o)
                0x10002866                MXC_UART_Common_WriteCharacter
 .text.MXC_SYS_Crit_Enter
                0x10002880       0x20 c:/Users/Vkarra/Documents/GitHub/Swift_DSS/SWIFTV2_DSS/SwiftV2_DSS_Press_Start/build/MAXUSB/maxusb.a(usb.o)
 .text.load_fifo
                0x100028a0       0x28 c:/Users/Vkarra/Documents/GitHub/Swift_DSS/SWIFTV2_DSS/SwiftV2_DSS_Press_Start/build/MAXUSB/maxusb.a(usb.o)
 .text.unload_fifo
                0x100028c8       0x28 c:/Users/Vkarra/Documents/GitHub/Swift_DSS/SWIFTV2_DSS/SwiftV2_DSS_Press_Start/build/MAXUSB/maxusb.a(usb.o)
 .text.MXC_SYS_Crit_Exit
                0x100028f0       0x20 c:/Users/Vkarra/Documents/GitHub/Swift_DSS/SWIFTV2_DSS/SwiftV2_DSS_Press_Start/build/MAXUSB/maxusb.a(usb.o)
 .text.MXC_USB_Connect
                0x10002910       0x34 c:/Users/Vkarra/Documents/GitHub/Swift_DSS/SWIFTV2_DSS/SwiftV2_DSS_Press_Start/build/MAXUSB/maxusb.a(usb.o)
                0x10002910                MXC_USB_Connect
 .text.MXC_USB_Disconnect
                0x10002944       0x1c c:/Users/Vkarra/Documents/GitHub/Swift_DSS/SWIFTV2_DSS/SwiftV2_DSS_Press_Start/build/MAXUSB/maxusb.a(usb.o)
                0x10002944                MXC_USB_Disconnect
 .text.MXC_USB_Stall
                0x10002960       0x78 c:/Users/Vkarra/Documents/GitHub/Swift_DSS/SWIFTV2_DSS/SwiftV2_DSS_Press_Start/build/MAXUSB/maxusb.a(usb.o)
                0x10002960                MXC_USB_Stall
 .text.MXC_USB_Unstall
                0x100029d8       0x4c c:/Users/Vkarra/Documents/GitHub/Swift_DSS/SWIFTV2_DSS/SwiftV2_DSS_Press_Start/build/MAXUSB/maxusb.a(usb.o)
                0x100029d8                MXC_USB_Unstall
 .text.MXC_USB_IsStalled
                0x10002a24       0x28 c:/Users/Vkarra/Documents/GitHub/Swift_DSS/SWIFTV2_DSS/SwiftV2_DSS_Press_Start/build/MAXUSB/maxusb.a(usb.o)
                0x10002a24                MXC_USB_IsStalled
 .text.MXC_USB_ResetEp
                0x10002a4c       0xa4 c:/Users/Vkarra/Documents/GitHub/Swift_DSS/SWIFTV2_DSS/SwiftV2_DSS_Press_Start/build/MAXUSB/maxusb.a(usb.o)
                0x10002a4c                MXC_USB_ResetEp
 .text.MXC_USB_Init
                0x10002af0       0xa4 c:/Users/Vkarra/Documents/GitHub/Swift_DSS/SWIFTV2_DSS/SwiftV2_DSS_Press_Start/build/MAXUSB/maxusb.a(usb.o)
                0x10002af0                MXC_USB_Init
 .text.MXC_USB_ConfigEp
                0x10002b94       0x8c c:/Users/Vkarra/Documents/GitHub/Swift_DSS/SWIFTV2_DSS/SwiftV2_DSS_Press_Start/build/MAXUSB/maxusb.a(usb.o)
                0x10002b94                MXC_USB_ConfigEp
 .text.MXC_USB_Ackstat
                0x10002c20       0x3c c:/Users/Vkarra/Documents/GitHub/Swift_DSS/SWIFTV2_DSS/SwiftV2_DSS_Press_Start/build/MAXUSB/maxusb.a(usb.o)
                0x10002c20                MXC_USB_Ackstat
 .text.MXC_USB_IrqHandler
                0x10002c5c      0x274 c:/Users/Vkarra/Documents/GitHub/Swift_DSS/SWIFTV2_DSS/SwiftV2_DSS_Press_Start/build/MAXUSB/maxusb.a(usb.o)
                0x10002c5c                MXC_USB_IrqHandler
 .text.MXC_USB_IrqEnable
                0x10002ed0       0x78 c:/Users/Vkarra/Documents/GitHub/Swift_DSS/SWIFTV2_DSS/SwiftV2_DSS_Press_Start/build/MAXUSB/maxusb.a(usb.o)
                0x10002ed0                MXC_USB_IrqEnable
 .text.MXC_USB_IrqDisable
                0x10002f48       0x78 c:/Users/Vkarra/Documents/GitHub/Swift_DSS/SWIFTV2_DSS/SwiftV2_DSS_Press_Start/build/MAXUSB/maxusb.a(usb.o)
                0x10002f48                MXC_USB_IrqDisable
 .text.MXC_USB_IrqClear
                0x10002fc0        0x4 c:/Users/Vkarra/Documents/GitHub/Swift_DSS/SWIFTV2_DSS/SwiftV2_DSS_Press_Start/build/MAXUSB/maxusb.a(usb.o)
                0x10002fc0                MXC_USB_IrqClear
 .text.MXC_USB_GetSetup
                0x10002fc4       0x88 c:/Users/Vkarra/Documents/GitHub/Swift_DSS/SWIFTV2_DSS/SwiftV2_DSS_Press_Start/build/MAXUSB/maxusb.a(usb.o)
                0x10002fc4                MXC_USB_GetSetup
 .text.MXC_USB_SetFuncAddr
                0x1000304c       0x18 c:/Users/Vkarra/Documents/GitHub/Swift_DSS/SWIFTV2_DSS/SwiftV2_DSS_Press_Start/build/MAXUSB/maxusb.a(usb.o)
                0x1000304c                MXC_USB_SetFuncAddr
 .text.MXC_USB_RemoveRequest
                0x10003064       0x38 c:/Users/Vkarra/Documents/GitHub/Swift_DSS/SWIFTV2_DSS/SwiftV2_DSS_Press_Start/build/MAXUSB/maxusb.a(usb.o)
                0x10003064                MXC_USB_RemoveRequest
 .text.MXC_USB_WriteEndpoint
                0x1000309c       0x94 c:/Users/Vkarra/Documents/GitHub/Swift_DSS/SWIFTV2_DSS/SwiftV2_DSS_Press_Start/build/MAXUSB/maxusb.a(usb.o)
                0x1000309c                MXC_USB_WriteEndpoint
 .text.MXC_USB_ReadEndpoint
                0x10003130       0xc4 c:/Users/Vkarra/Documents/GitHub/Swift_DSS/SWIFTV2_DSS/SwiftV2_DSS_Press_Start/build/MAXUSB/maxusb.a(usb.o)
                0x10003130                MXC_USB_ReadEndpoint
 .text.MXC_USB_EventEnable
                0x100031f4       0x2c c:/Users/Vkarra/Documents/GitHub/Swift_DSS/SWIFTV2_DSS/SwiftV2_DSS_Press_Start/build/MAXUSB/maxusb.a(usb_event.o)
                0x100031f4                MXC_USB_EventEnable
 .text.MXC_USB_EventDisable
                0x10003220       0x28 c:/Users/Vkarra/Documents/GitHub/Swift_DSS/SWIFTV2_DSS/SwiftV2_DSS_Press_Start/build/MAXUSB/maxusb.a(usb_event.o)
                0x10003220                MXC_USB_EventDisable
 .text.MXC_USB_EventClear
                0x10003248        0xe c:/Users/Vkarra/Documents/GitHub/Swift_DSS/SWIFTV2_DSS/SwiftV2_DSS_Press_Start/build/MAXUSB/maxusb.a(usb_event.o)
                0x10003248                MXC_USB_EventClear
 *fill*         0x10003256        0x2 
 .text.MXC_USB_EventHandler
                0x10003258       0xbc c:/Users/Vkarra/Documents/GitHub/Swift_DSS/SWIFTV2_DSS/SwiftV2_DSS_Press_Start/build/MAXUSB/maxusb.a(usb_event.o)
                0x10003258                MXC_USB_EventHandler
 .text.status_stage_callback
                0x10003314       0x22 c:/Users/Vkarra/Documents/GitHub/Swift_DSS/SWIFTV2_DSS/SwiftV2_DSS_Press_Start/build/MAXUSB/maxusb.a(enumerate.o)
 *fill*         0x10003336        0x2 
 .text.setup    0x10003338      0x3e8 c:/Users/Vkarra/Documents/GitHub/Swift_DSS/SWIFTV2_DSS/SwiftV2_DSS_Press_Start/build/MAXUSB/maxusb.a(enumerate.o)
 .text.enum_init
                0x10003720       0x38 c:/Users/Vkarra/Documents/GitHub/Swift_DSS/SWIFTV2_DSS/SwiftV2_DSS_Press_Start/build/MAXUSB/maxusb.a(enumerate.o)
                0x10003720                enum_init
 .text.enum_register_callback
                0x10003758       0x20 c:/Users/Vkarra/Documents/GitHub/Swift_DSS/SWIFTV2_DSS/SwiftV2_DSS_Press_Start/build/MAXUSB/maxusb.a(enumerate.o)
                0x10003758                enum_register_callback
 .text.enum_query_callback
                0x10003778       0x28 c:/Users/Vkarra/Documents/GitHub/Swift_DSS/SWIFTV2_DSS/SwiftV2_DSS_Press_Start/build/MAXUSB/maxusb.a(enumerate.o)
                0x10003778                enum_query_callback
 .text.enum_register_descriptor
                0x100037a0       0x40 c:/Users/Vkarra/Documents/GitHub/Swift_DSS/SWIFTV2_DSS/SwiftV2_DSS_Press_Start/build/MAXUSB/maxusb.a(enumerate.o)
                0x100037a0                enum_register_descriptor
 .text.enum_clearconfig
                0x100037e0        0xc c:/Users/Vkarra/Documents/GitHub/Swift_DSS/SWIFTV2_DSS/SwiftV2_DSS_Press_Start/build/MAXUSB/maxusb.a(enumerate.o)
                0x100037e0                enum_clearconfig
 .text.get_line_coding_callback
                0x100037ec        0xe c:/Users/Vkarra/Documents/GitHub/Swift_DSS/SWIFTV2_DSS/SwiftV2_DSS_Press_Start/build/MAXUSB/maxusb.a(cdc_acm.o)
 *fill*         0x100037fa        0x2 
 .text.class_req
                0x100037fc      0x104 c:/Users/Vkarra/Documents/GitHub/Swift_DSS/SWIFTV2_DSS/SwiftV2_DSS_Press_Start/build/MAXUSB/maxusb.a(cdc_acm.o)
 .text.set_line_coding_callback
                0x10003900       0x2c c:/Users/Vkarra/Documents/GitHub/Swift_DSS/SWIFTV2_DSS/SwiftV2_DSS_Press_Start/build/MAXUSB/maxusb.a(cdc_acm.o)
 .text.svc_out_from_host
                0x1000392c       0x8c c:/Users/Vkarra/Documents/GitHub/Swift_DSS/SWIFTV2_DSS/SwiftV2_DSS_Press_Start/build/MAXUSB/maxusb.a(cdc_acm.o)
 .text.out_callback
                0x100039b8       0x10 c:/Users/Vkarra/Documents/GitHub/Swift_DSS/SWIFTV2_DSS/SwiftV2_DSS_Press_Start/build/MAXUSB/maxusb.a(cdc_acm.o)
 .text.svc_in_to_host
                0x100039c8       0x68 c:/Users/Vkarra/Documents/GitHub/Swift_DSS/SWIFTV2_DSS/SwiftV2_DSS_Press_Start/build/MAXUSB/maxusb.a(cdc_acm.o)
 .text.acm_init
                0x10003a30       0x5c c:/Users/Vkarra/Documents/GitHub/Swift_DSS/SWIFTV2_DSS/SwiftV2_DSS_Press_Start/build/MAXUSB/maxusb.a(cdc_acm.o)
                0x10003a30                acm_init
 .text.acm_register_callback
                0x10003a8c       0x18 c:/Users/Vkarra/Documents/GitHub/Swift_DSS/SWIFTV2_DSS/SwiftV2_DSS_Press_Start/build/MAXUSB/maxusb.a(cdc_acm.o)
                0x10003a8c                acm_register_callback
 .text.acm_deconfigure
                0x10003aa4       0x6c c:/Users/Vkarra/Documents/GitHub/Swift_DSS/SWIFTV2_DSS/SwiftV2_DSS_Press_Start/build/MAXUSB/maxusb.a(cdc_acm.o)
                0x10003aa4                acm_deconfigure
 .text.acm_configure
                0x10003b10      0x130 c:/Users/Vkarra/Documents/GitHub/Swift_DSS/SWIFTV2_DSS/SwiftV2_DSS_Press_Start/build/MAXUSB/maxusb.a(cdc_acm.o)
                0x10003b10                acm_configure
 .text.acm_write
                0x10003c40       0x48 c:/Users/Vkarra/Documents/GitHub/Swift_DSS/SWIFTV2_DSS/SwiftV2_DSS_Press_Start/build/MAXUSB/maxusb.a(cdc_acm.o)
                0x10003c40                acm_write
 .text.MXC_SYS_Crit_Enter
                0x10003c88       0x20 c:/Users/Vkarra/Documents/GitHub/Swift_DSS/SWIFTV2_DSS/SwiftV2_DSS_Press_Start/build/MAXUSB/maxusb.a(fifo.o)
 .text.MXC_SYS_Crit_Exit
                0x10003ca8       0x20 c:/Users/Vkarra/Documents/GitHub/Swift_DSS/SWIFTV2_DSS/SwiftV2_DSS_Press_Start/build/MAXUSB/maxusb.a(fifo.o)
 .text.fifo_init
                0x10003cc8       0x1a c:/Users/Vkarra/Documents/GitHub/Swift_DSS/SWIFTV2_DSS/SwiftV2_DSS_Press_Start/build/MAXUSB/maxusb.a(fifo.o)
                0x10003cc8                fifo_init
 .text.fifo_put8
                0x10003ce2       0x3c c:/Users/Vkarra/Documents/GitHub/Swift_DSS/SWIFTV2_DSS/SwiftV2_DSS_Press_Start/build/MAXUSB/maxusb.a(fifo.o)
                0x10003ce2                fifo_put8
 .text.fifo_get8
                0x10003d1e       0x32 c:/Users/Vkarra/Documents/GitHub/Swift_DSS/SWIFTV2_DSS/SwiftV2_DSS_Press_Start/build/MAXUSB/maxusb.a(fifo.o)
                0x10003d1e                fifo_get8
 .text.fifo_clear
                0x10003d50       0x14 c:/Users/Vkarra/Documents/GitHub/Swift_DSS/SWIFTV2_DSS/SwiftV2_DSS_Press_Start/build/MAXUSB/maxusb.a(fifo.o)
                0x10003d50                fifo_clear
 .text.fifo_empty
                0x10003d64        0xc c:/Users/Vkarra/Documents/GitHub/Swift_DSS/SWIFTV2_DSS/SwiftV2_DSS_Press_Start/build/MAXUSB/maxusb.a(fifo.o)
                0x10003d64                fifo_empty
 .text.__errno  0x10003d70        0xc c:/maximsdk/tools/gnutools/10.3/bin/../lib/gcc/arm-none-eabi/10.3.1/../../../../arm-none-eabi/lib/thumb/v7e-m+fp/softfp\libc.a(lib_a-errno.o)
                0x10003d70                __errno
 .text.__libc_init_array
                0x10003d7c       0x48 c:/maximsdk/tools/gnutools/10.3/bin/../lib/gcc/arm-none-eabi/10.3.1/../../../../arm-none-eabi/lib/thumb/v7e-m+fp/softfp\libc.a(lib_a-init.o)
                0x10003d7c                __libc_init_array
 .text          0x10003dc4      0x134 c:/maximsdk/tools/gnutools/10.3/bin/../lib/gcc/arm-none-eabi/10.3.1/../../../../arm-none-eabi/lib/thumb/v7e-m+fp/softfp\libc.a(lib_a-memcpy.o)
                0x10003dc4                memcpy
 .text.memset   0x10003ef8       0xa4 c:/maximsdk/tools/gnutools/10.3/bin/../lib/gcc/arm-none-eabi/10.3.1/../../../../arm-none-eabi/lib/thumb/v7e-m+fp/softfp\libc.a(lib_a-memset.o)
                0x10003ef8                memset
 .text._puts_r  0x10003f9c       0x9c c:/maximsdk/tools/gnutools/10.3/bin/../lib/gcc/arm-none-eabi/10.3.1/../../../../arm-none-eabi/lib/thumb/v7e-m+fp/softfp\libc.a(lib_a-puts.o)
                0x10003f9c                _puts_r
 .text.puts     0x10004038       0x10 c:/maximsdk/tools/gnutools/10.3/bin/../lib/gcc/arm-none-eabi/10.3.1/../../../../arm-none-eabi/lib/thumb/v7e-m+fp/softfp\libc.a(lib_a-puts.o)
                0x10004038                puts
 *fill*         0x10004048       0x38 
 .text          0x10004080       0xdc c:/maximsdk/tools/gnutools/10.3/bin/../lib/gcc/arm-none-eabi/10.3.1/../../../../arm-none-eabi/lib/thumb/v7e-m+fp/softfp\libc.a(lib_a-strlen.o)
                0x10004080                strlen
 .text.vsnprintf
                0x1000415c       0x70 c:/maximsdk/tools/gnutools/10.3/bin/../lib/gcc/arm-none-eabi/10.3.1/../../../../arm-none-eabi/lib/thumb/v7e-m+fp/softfp\libc.a(lib_a-vsnprintf.o)
                0x1000415c                vsnprintf
 .text.startup.register_fini
                0x100041cc       0x14 c:/maximsdk/tools/gnutools/10.3/bin/../lib/gcc/arm-none-eabi/10.3.1/../../../../arm-none-eabi/lib/thumb/v7e-m+fp/softfp\libc.a(lib_a-__call_atexit.o)
 .text.atexit   0x100041e0        0xc c:/maximsdk/tools/gnutools/10.3/bin/../lib/gcc/arm-none-eabi/10.3.1/../../../../arm-none-eabi/lib/thumb/v7e-m+fp/softfp\libc.a(lib_a-atexit.o)
                0x100041e0                atexit
 .text._cleanup_r
                0x100041ec        0xc c:/maximsdk/tools/gnutools/10.3/bin/../lib/gcc/arm-none-eabi/10.3.1/../../../../arm-none-eabi/lib/thumb/v7e-m+fp/softfp\libc.a(lib_a-findfp.o)
                0x100041ec                _cleanup_r
 .text.__sinit  0x100041f8      0x10c c:/maximsdk/tools/gnutools/10.3/bin/../lib/gcc/arm-none-eabi/10.3.1/../../../../arm-none-eabi/lib/thumb/v7e-m+fp/softfp\libc.a(lib_a-findfp.o)
                0x100041f8                __sinit
 .text.__sfp_lock_acquire
                0x10004304        0xc c:/maximsdk/tools/gnutools/10.3/bin/../lib/gcc/arm-none-eabi/10.3.1/../../../../arm-none-eabi/lib/thumb/v7e-m+fp/softfp\libc.a(lib_a-findfp.o)
                0x10004304                __sfp_lock_acquire
 .text.__sfp_lock_release
                0x10004310        0xc c:/maximsdk/tools/gnutools/10.3/bin/../lib/gcc/arm-none-eabi/10.3.1/../../../../arm-none-eabi/lib/thumb/v7e-m+fp/softfp\libc.a(lib_a-findfp.o)
                0x10004310                __sfp_lock_release
 .text.__libc_fini_array
                0x1000431c       0x2c c:/maximsdk/tools/gnutools/10.3/bin/../lib/gcc/arm-none-eabi/10.3.1/../../../../arm-none-eabi/lib/thumb/v7e-m+fp/softfp\libc.a(lib_a-fini.o)
                0x1000431c                __libc_fini_array
 .text.__sfvwrite_r
                0x10004348      0x2f0 c:/maximsdk/tools/gnutools/10.3/bin/../lib/gcc/arm-none-eabi/10.3.1/../../../../arm-none-eabi/lib/thumb/v7e-m+fp/softfp\libc.a(lib_a-fvwrite.o)
                0x10004348                __sfvwrite_r
 .text._fwalk_reent
                0x10004638       0x48 c:/maximsdk/tools/gnutools/10.3/bin/../lib/gcc/arm-none-eabi/10.3.1/../../../../arm-none-eabi/lib/thumb/v7e-m+fp/softfp\libc.a(lib_a-fwalk.o)
                0x10004638                _fwalk_reent
 .text.__retarget_lock_init_recursive
                0x10004680        0x4 c:/maximsdk/tools/gnutools/10.3/bin/../lib/gcc/arm-none-eabi/10.3.1/../../../../arm-none-eabi/lib/thumb/v7e-m+fp/softfp\libc.a(lib_a-lock.o)
                0x10004680                __retarget_lock_init_recursive
 .text.__retarget_lock_close_recursive
                0x10004684        0x4 c:/maximsdk/tools/gnutools/10.3/bin/../lib/gcc/arm-none-eabi/10.3.1/../../../../arm-none-eabi/lib/thumb/v7e-m+fp/softfp\libc.a(lib_a-lock.o)
                0x10004684                __retarget_lock_close_recursive
 .text.__retarget_lock_acquire_recursive
                0x10004688        0x4 c:/maximsdk/tools/gnutools/10.3/bin/../lib/gcc/arm-none-eabi/10.3.1/../../../../arm-none-eabi/lib/thumb/v7e-m+fp/softfp\libc.a(lib_a-lock.o)
                0x10004688                __retarget_lock_acquire_recursive
 .text.__retarget_lock_release_recursive
                0x1000468c        0x4 c:/maximsdk/tools/gnutools/10.3/bin/../lib/gcc/arm-none-eabi/10.3.1/../../../../arm-none-eabi/lib/thumb/v7e-m+fp/softfp\libc.a(lib_a-lock.o)
                0x1000468c                __retarget_lock_release_recursive
 .text._malloc_r
                0x10004690      0x560 c:/maximsdk/tools/gnutools/10.3/bin/../lib/gcc/arm-none-eabi/10.3.1/../../../../arm-none-eabi/lib/thumb/v7e-m+fp/softfp\libc.a(lib_a-mallocr.o)
                0x10004690                _malloc_r
 .text          0x10004bf0       0xa0 c:/maximsdk/tools/gnutools/10.3/bin/../lib/gcc/arm-none-eabi/10.3.1/../../../../arm-none-eabi/lib/thumb/v7e-m+fp/softfp\libc.a(lib_a-memchr.o)
                0x10004bf0                memchr
 .text.memmove  0x10004c90       0xf8 c:/maximsdk/tools/gnutools/10.3/bin/../lib/gcc/arm-none-eabi/10.3.1/../../../../arm-none-eabi/lib/thumb/v7e-m+fp/softfp\libc.a(lib_a-memmove.o)
                0x10004c90                memmove
 .text.__malloc_lock
                0x10004d88        0xc c:/maximsdk/tools/gnutools/10.3/bin/../lib/gcc/arm-none-eabi/10.3.1/../../../../arm-none-eabi/lib/thumb/v7e-m+fp/softfp\libc.a(lib_a-mlock.o)
                0x10004d88                __malloc_lock
 .text.__malloc_unlock
                0x10004d94        0xc c:/maximsdk/tools/gnutools/10.3/bin/../lib/gcc/arm-none-eabi/10.3.1/../../../../arm-none-eabi/lib/thumb/v7e-m+fp/softfp\libc.a(lib_a-mlock.o)
                0x10004d94                __malloc_unlock
 .text._realloc_r
                0x10004da0      0x3d8 c:/maximsdk/tools/gnutools/10.3/bin/../lib/gcc/arm-none-eabi/10.3.1/../../../../arm-none-eabi/lib/thumb/v7e-m+fp/softfp\libc.a(lib_a-reallocr.o)
                0x10004da0                _realloc_r
 .text._sbrk_r  0x10005178       0x24 c:/maximsdk/tools/gnutools/10.3/bin/../lib/gcc/arm-none-eabi/10.3.1/../../../../arm-none-eabi/lib/thumb/v7e-m+fp/softfp\libc.a(lib_a-sbrkr.o)
                0x10005178                _sbrk_r
 .text.__sread  0x1000519c       0x24 c:/maximsdk/tools/gnutools/10.3/bin/../lib/gcc/arm-none-eabi/10.3.1/../../../../arm-none-eabi/lib/thumb/v7e-m+fp/softfp\libc.a(lib_a-stdio.o)
                0x1000519c                __sread
 .text.__swrite
                0x100051c0       0x40 c:/maximsdk/tools/gnutools/10.3/bin/../lib/gcc/arm-none-eabi/10.3.1/../../../../arm-none-eabi/lib/thumb/v7e-m+fp/softfp\libc.a(lib_a-stdio.o)
                0x100051c0                __swrite
 .text.__sseek  0x10005200       0x20 c:/maximsdk/tools/gnutools/10.3/bin/../lib/gcc/arm-none-eabi/10.3.1/../../../../arm-none-eabi/lib/thumb/v7e-m+fp/softfp\libc.a(lib_a-stdio.o)
                0x10005200                __sseek
 .text.__sclose
                0x10005220        0x8 c:/maximsdk/tools/gnutools/10.3/bin/../lib/gcc/arm-none-eabi/10.3.1/../../../../arm-none-eabi/lib/thumb/v7e-m+fp/softfp\libc.a(lib_a-stdio.o)
                0x10005220                __sclose
 .text._svfprintf_r
                0x10005228     0x1ac8 c:/maximsdk/tools/gnutools/10.3/bin/../lib/gcc/arm-none-eabi/10.3.1/../../../../arm-none-eabi/lib/thumb/v7e-m+fp/softfp\libc.a(lib_a-svfprintf.o)
                0x10005228                _svfprintf_r
 .text._write_r
                0x10006cf0       0x2c c:/maximsdk/tools/gnutools/10.3/bin/../lib/gcc/arm-none-eabi/10.3.1/../../../../arm-none-eabi/lib/thumb/v7e-m+fp/softfp\libc.a(lib_a-writer.o)
                0x10006cf0                _write_r
 .text.__swsetup_r
                0x10006d1c       0xd4 c:/maximsdk/tools/gnutools/10.3/bin/../lib/gcc/arm-none-eabi/10.3.1/../../../../arm-none-eabi/lib/thumb/v7e-m+fp/softfp\libc.a(lib_a-wsetup.o)
                0x10006d1c                __swsetup_r
 .text.__register_exitproc
                0x10006df0       0x8c c:/maximsdk/tools/gnutools/10.3/bin/../lib/gcc/arm-none-eabi/10.3.1/../../../../arm-none-eabi/lib/thumb/v7e-m+fp/softfp\libc.a(lib_a-__atexit.o)
                0x10006df0                __register_exitproc
 .text._close_r
                0x10006e7c       0x24 c:/maximsdk/tools/gnutools/10.3/bin/../lib/gcc/arm-none-eabi/10.3.1/../../../../arm-none-eabi/lib/thumb/v7e-m+fp/softfp\libc.a(lib_a-closer.o)
                0x10006e7c                _close_r
 .text.quorem   0x10006ea0      0x128 c:/maximsdk/tools/gnutools/10.3/bin/../lib/gcc/arm-none-eabi/10.3.1/../../../../arm-none-eabi/lib/thumb/v7e-m+fp/softfp\libc.a(lib_a-dtoa.o)
 .text._dtoa_r  0x10006fc8      0xf34 c:/maximsdk/tools/gnutools/10.3/bin/../lib/gcc/arm-none-eabi/10.3.1/../../../../arm-none-eabi/lib/thumb/v7e-m+fp/softfp\libc.a(lib_a-dtoa.o)
                0x10006fc8                _dtoa_r
 .text._fclose_r
                0x10007efc       0xcc c:/maximsdk/tools/gnutools/10.3/bin/../lib/gcc/arm-none-eabi/10.3.1/../../../../arm-none-eabi/lib/thumb/v7e-m+fp/softfp\libc.a(lib_a-fclose.o)
                0x10007efc                _fclose_r
 .text.__sflush_r
                0x10007fc8      0x130 c:/maximsdk/tools/gnutools/10.3/bin/../lib/gcc/arm-none-eabi/10.3.1/../../../../arm-none-eabi/lib/thumb/v7e-m+fp/softfp\libc.a(lib_a-fflush.o)
                0x10007fc8                __sflush_r
 .text._fflush_r
                0x100080f8       0x5c c:/maximsdk/tools/gnutools/10.3/bin/../lib/gcc/arm-none-eabi/10.3.1/../../../../arm-none-eabi/lib/thumb/v7e-m+fp/softfp\libc.a(lib_a-fflush.o)
                0x100080f8                _fflush_r
 .text._malloc_trim_r
                0x10008154       0xa0 c:/maximsdk/tools/gnutools/10.3/bin/../lib/gcc/arm-none-eabi/10.3.1/../../../../arm-none-eabi/lib/thumb/v7e-m+fp/softfp\libc.a(lib_a-freer.o)
                0x10008154                _malloc_trim_r
 .text._free_r  0x100081f4      0x20c c:/maximsdk/tools/gnutools/10.3/bin/../lib/gcc/arm-none-eabi/10.3.1/../../../../arm-none-eabi/lib/thumb/v7e-m+fp/softfp\libc.a(lib_a-freer.o)
                0x100081f4                _free_r
 .text.__locale_mb_cur_max
                0x10008400        0xc c:/maximsdk/tools/gnutools/10.3/bin/../lib/gcc/arm-none-eabi/10.3.1/../../../../arm-none-eabi/lib/thumb/v7e-m+fp/softfp\libc.a(lib_a-locale.o)
                0x10008400                __locale_mb_cur_max
 .text._localeconv_r
                0x1000840c        0x8 c:/maximsdk/tools/gnutools/10.3/bin/../lib/gcc/arm-none-eabi/10.3.1/../../../../arm-none-eabi/lib/thumb/v7e-m+fp/softfp\libc.a(lib_a-localeconv.o)
                0x1000840c                _localeconv_r
 .text._lseek_r
                0x10008414       0x2c c:/maximsdk/tools/gnutools/10.3/bin/../lib/gcc/arm-none-eabi/10.3.1/../../../../arm-none-eabi/lib/thumb/v7e-m+fp/softfp\libc.a(lib_a-lseekr.o)
                0x10008414                _lseek_r
 .text.__smakebuf_r
                0x10008440       0xe0 c:/maximsdk/tools/gnutools/10.3/bin/../lib/gcc/arm-none-eabi/10.3.1/../../../../arm-none-eabi/lib/thumb/v7e-m+fp/softfp\libc.a(lib_a-makebuf.o)
                0x10008440                __smakebuf_r
 .text.__ascii_mbtowc
                0x10008520       0x2c c:/maximsdk/tools/gnutools/10.3/bin/../lib/gcc/arm-none-eabi/10.3.1/../../../../arm-none-eabi/lib/thumb/v7e-m+fp/softfp\libc.a(lib_a-mbtowc_r.o)
                0x10008520                __ascii_mbtowc
 .text._Balloc  0x1000854c       0x4c c:/maximsdk/tools/gnutools/10.3/bin/../lib/gcc/arm-none-eabi/10.3.1/../../../../arm-none-eabi/lib/thumb/v7e-m+fp/softfp\libc.a(lib_a-mprec.o)
                0x1000854c                _Balloc
 .text._Bfree   0x10008598       0x14 c:/maximsdk/tools/gnutools/10.3/bin/../lib/gcc/arm-none-eabi/10.3.1/../../../../arm-none-eabi/lib/thumb/v7e-m+fp/softfp\libc.a(lib_a-mprec.o)
                0x10008598                _Bfree
 .text.__multadd
                0x100085ac       0xa8 c:/maximsdk/tools/gnutools/10.3/bin/../lib/gcc/arm-none-eabi/10.3.1/../../../../arm-none-eabi/lib/thumb/v7e-m+fp/softfp\libc.a(lib_a-mprec.o)
                0x100085ac                __multadd
 .text.__hi0bits
                0x10008654       0x40 c:/maximsdk/tools/gnutools/10.3/bin/../lib/gcc/arm-none-eabi/10.3.1/../../../../arm-none-eabi/lib/thumb/v7e-m+fp/softfp\libc.a(lib_a-mprec.o)
                0x10008654                __hi0bits
 .text.__lo0bits
                0x10008694       0x60 c:/maximsdk/tools/gnutools/10.3/bin/../lib/gcc/arm-none-eabi/10.3.1/../../../../arm-none-eabi/lib/thumb/v7e-m+fp/softfp\libc.a(lib_a-mprec.o)
                0x10008694                __lo0bits
 .text.__i2b    0x100086f4       0x5c c:/maximsdk/tools/gnutools/10.3/bin/../lib/gcc/arm-none-eabi/10.3.1/../../../../arm-none-eabi/lib/thumb/v7e-m+fp/softfp\libc.a(lib_a-mprec.o)
                0x100086f4                __i2b
 .text.__multiply
                0x10008750      0x15c c:/maximsdk/tools/gnutools/10.3/bin/../lib/gcc/arm-none-eabi/10.3.1/../../../../arm-none-eabi/lib/thumb/v7e-m+fp/softfp\libc.a(lib_a-mprec.o)
                0x10008750                __multiply
 .text.__pow5mult
                0x100088ac       0xc0 c:/maximsdk/tools/gnutools/10.3/bin/../lib/gcc/arm-none-eabi/10.3.1/../../../../arm-none-eabi/lib/thumb/v7e-m+fp/softfp\libc.a(lib_a-mprec.o)
                0x100088ac                __pow5mult
 .text.__lshift
                0x1000896c       0xf0 c:/maximsdk/tools/gnutools/10.3/bin/../lib/gcc/arm-none-eabi/10.3.1/../../../../arm-none-eabi/lib/thumb/v7e-m+fp/softfp\libc.a(lib_a-mprec.o)
                0x1000896c                __lshift
 .text.__mcmp   0x10008a5c       0x44 c:/maximsdk/tools/gnutools/10.3/bin/../lib/gcc/arm-none-eabi/10.3.1/../../../../arm-none-eabi/lib/thumb/v7e-m+fp/softfp\libc.a(lib_a-mprec.o)
                0x10008a5c                __mcmp
 .text.__mdiff  0x10008aa0      0x14c c:/maximsdk/tools/gnutools/10.3/bin/../lib/gcc/arm-none-eabi/10.3.1/../../../../arm-none-eabi/lib/thumb/v7e-m+fp/softfp\libc.a(lib_a-mprec.o)
                0x10008aa0                __mdiff
 .text.__d2b    0x10008bec       0xc4 c:/maximsdk/tools/gnutools/10.3/bin/../lib/gcc/arm-none-eabi/10.3.1/../../../../arm-none-eabi/lib/thumb/v7e-m+fp/softfp\libc.a(lib_a-mprec.o)
                0x10008bec                __d2b
 .text._read_r  0x10008cb0       0x2c c:/maximsdk/tools/gnutools/10.3/bin/../lib/gcc/arm-none-eabi/10.3.1/../../../../arm-none-eabi/lib/thumb/v7e-m+fp/softfp\libc.a(lib_a-readr.o)
                0x10008cb0                _read_r
 .text.frexp    0x10008cdc       0x70 c:/maximsdk/tools/gnutools/10.3/bin/../lib/gcc/arm-none-eabi/10.3.1/../../../../arm-none-eabi/lib/thumb/v7e-m+fp/softfp\libc.a(lib_a-s_frexp.o)
                0x10008cdc                frexp
 .text.strncpy  0x10008d4c       0x64 c:/maximsdk/tools/gnutools/10.3/bin/../lib/gcc/arm-none-eabi/10.3.1/../../../../arm-none-eabi/lib/thumb/v7e-m+fp/softfp\libc.a(lib_a-strncpy.o)
                0x10008d4c                strncpy
 .text.__ssprint_r
                0x10008db0       0xf8 c:/maximsdk/tools/gnutools/10.3/bin/../lib/gcc/arm-none-eabi/10.3.1/../../../../arm-none-eabi/lib/thumb/v7e-m+fp/softfp\libc.a(lib_a-svfiprintf.o)
                0x10008db0                __ssprint_r
 .text.__ascii_wctomb
                0x10008ea8       0x1c c:/maximsdk/tools/gnutools/10.3/bin/../lib/gcc/arm-none-eabi/10.3.1/../../../../arm-none-eabi/lib/thumb/v7e-m+fp/softfp\libc.a(lib_a-wctomb_r.o)
                0x10008ea8                __ascii_wctomb
 .text.__assert_func
                0x10008ec4       0x40 c:/maximsdk/tools/gnutools/10.3/bin/../lib/gcc/arm-none-eabi/10.3.1/../../../../arm-none-eabi/lib/thumb/v7e-m+fp/softfp\libc.a(lib_a-assert.o)
                0x10008ec4                __assert_func
 .text._calloc_r
                0x10008f04       0x78 c:/maximsdk/tools/gnutools/10.3/bin/../lib/gcc/arm-none-eabi/10.3.1/../../../../arm-none-eabi/lib/thumb/v7e-m+fp/softfp\libc.a(lib_a-callocr.o)
                0x10008f04                _calloc_r
 .text.fiprintf
                0x10008f7c       0x28 c:/maximsdk/tools/gnutools/10.3/bin/../lib/gcc/arm-none-eabi/10.3.1/../../../../arm-none-eabi/lib/thumb/v7e-m+fp/softfp\libc.a(lib_a-fiprintf.o)
                0x10008f7c                fiprintf
 .text._fstat_r
                0x10008fa4       0x2c c:/maximsdk/tools/gnutools/10.3/bin/../lib/gcc/arm-none-eabi/10.3.1/../../../../arm-none-eabi/lib/thumb/v7e-m+fp/softfp\libc.a(lib_a-fstatr.o)
                0x10008fa4                _fstat_r
 .text._isatty_r
                0x10008fd0       0x24 c:/maximsdk/tools/gnutools/10.3/bin/../lib/gcc/arm-none-eabi/10.3.1/../../../../arm-none-eabi/lib/thumb/v7e-m+fp/softfp\libc.a(lib_a-isattyr.o)
                0x10008fd0                _isatty_r
 .text.__sprint_r.part.0
                0x10008ff4       0x78 c:/maximsdk/tools/gnutools/10.3/bin/../lib/gcc/arm-none-eabi/10.3.1/../../../../arm-none-eabi/lib/thumb/v7e-m+fp/softfp\libc.a(lib_a-vfiprintf.o)
 .text._vfiprintf_r
                0x1000906c      0xdfc c:/maximsdk/tools/gnutools/10.3/bin/../lib/gcc/arm-none-eabi/10.3.1/../../../../arm-none-eabi/lib/thumb/v7e-m+fp/softfp\libc.a(lib_a-vfiprintf.o)
                0x1000906c                _vfiprintf_r
 .text.__sbprintf
                0x10009e68       0x80 c:/maximsdk/tools/gnutools/10.3/bin/../lib/gcc/arm-none-eabi/10.3.1/../../../../arm-none-eabi/lib/thumb/v7e-m+fp/softfp\libc.a(lib_a-vfiprintf.o)
 .text.abort    0x10009ee8       0x10 c:/maximsdk/tools/gnutools/10.3/bin/../lib/gcc/arm-none-eabi/10.3.1/../../../../arm-none-eabi/lib/thumb/v7e-m+fp/softfp\libc.a(lib_a-abort.o)
                0x10009ee8                abort
 .text.__fputwc
                0x10009ef8       0xa8 c:/maximsdk/tools/gnutools/10.3/bin/../lib/gcc/arm-none-eabi/10.3.1/../../../../arm-none-eabi/lib/thumb/v7e-m+fp/softfp\libc.a(lib_a-fputwc.o)
                0x10009ef8                __fputwc
 .text._fputwc_r
                0x10009fa0       0x68 c:/maximsdk/tools/gnutools/10.3/bin/../lib/gcc/arm-none-eabi/10.3.1/../../../../arm-none-eabi/lib/thumb/v7e-m+fp/softfp\libc.a(lib_a-fputwc.o)
                0x10009fa0                _fputwc_r
 .text.raise    0x1000a008       0x5c c:/maximsdk/tools/gnutools/10.3/bin/../lib/gcc/arm-none-eabi/10.3.1/../../../../arm-none-eabi/lib/thumb/v7e-m+fp/softfp\libc.a(lib_a-signal.o)
                0x1000a008                raise
 .text._kill_r  0x1000a064       0x2c c:/maximsdk/tools/gnutools/10.3/bin/../lib/gcc/arm-none-eabi/10.3.1/../../../../arm-none-eabi/lib/thumb/v7e-m+fp/softfp\libc.a(lib_a-signalr.o)
                0x1000a064                _kill_r
 .text._getpid_r
                0x1000a090        0x4 c:/maximsdk/tools/gnutools/10.3/bin/../lib/gcc/arm-none-eabi/10.3.1/../../../../arm-none-eabi/lib/thumb/v7e-m+fp/softfp\libc.a(lib_a-signalr.o)
                0x1000a090                _getpid_r
 .text.__swbuf_r
                0x1000a094       0xb0 c:/maximsdk/tools/gnutools/10.3/bin/../lib/gcc/arm-none-eabi/10.3.1/../../../../arm-none-eabi/lib/thumb/v7e-m+fp/softfp\libc.a(lib_a-wbuf.o)
                0x1000a094                __swbuf_r
 .text._wcrtomb_r
                0x1000a144       0x3c c:/maximsdk/tools/gnutools/10.3/bin/../lib/gcc/arm-none-eabi/10.3.1/../../../../arm-none-eabi/lib/thumb/v7e-m+fp/softfp\libc.a(lib_a-wcrtomb.o)
                0x1000a144                _wcrtomb_r
 .text._exit    0x1000a180        0x4 c:/maximsdk/tools/gnutools/10.3/bin/../lib/gcc/arm-none-eabi/10.3.1/../../../../arm-none-eabi/lib/thumb/v7e-m+fp/softfp\libnosys.a(_exit.o)
                0x1000a180                _exit
 .text          0x1000a184      0x378 c:/maximsdk/tools/gnutools/10.3/bin/../lib/gcc/arm-none-eabi/10.3.1/thumb/v7e-m+fp/softfp\libgcc.a(_arm_addsubdf3.o)
                0x1000a184                __aeabi_drsub
                0x1000a18c                __aeabi_dsub
                0x1000a18c                __subdf3
                0x1000a190                __aeabi_dadd
                0x1000a190                __adddf3
                0x1000a408                __floatunsidf
                0x1000a408                __aeabi_ui2d
                0x1000a428                __floatsidf
                0x1000a428                __aeabi_i2d
                0x1000a44c                __aeabi_f2d
                0x1000a44c                __extendsfdf2
                0x1000a490                __floatundidf
                0x1000a490                __aeabi_ul2d
                0x1000a4a0                __floatdidf
                0x1000a4a0                __aeabi_l2d
 .text          0x1000a4fc      0x424 c:/maximsdk/tools/gnutools/10.3/bin/../lib/gcc/arm-none-eabi/10.3.1/thumb/v7e-m+fp/softfp\libgcc.a(_arm_muldivdf3.o)
                0x1000a4fc                __aeabi_dmul
                0x1000a4fc                __muldf3
                0x1000a750                __divdf3
                0x1000a750                __aeabi_ddiv
 .text          0x1000a920      0x110 c:/maximsdk/tools/gnutools/10.3/bin/../lib/gcc/arm-none-eabi/10.3.1/thumb/v7e-m+fp/softfp\libgcc.a(_arm_cmpdf2.o)
                0x1000a920                __gtdf2
                0x1000a920                __gedf2
                0x1000a928                __ltdf2
                0x1000a928                __ledf2
                0x1000a930                __nedf2
                0x1000a930                __eqdf2
                0x1000a930                __cmpdf2
                0x1000a9ac                __aeabi_cdrcmple
                0x1000a9bc                __aeabi_cdcmpeq
                0x1000a9bc                __aeabi_cdcmple
                0x1000a9cc                __aeabi_dcmpeq
                0x1000a9e0                __aeabi_dcmplt
                0x1000a9f4                __aeabi_dcmple
                0x1000aa08                __aeabi_dcmpge
                0x1000aa1c                __aeabi_dcmpgt
 .text          0x1000aa30       0x2c c:/maximsdk/tools/gnutools/10.3/bin/../lib/gcc/arm-none-eabi/10.3.1/thumb/v7e-m+fp/softfp\libgcc.a(_arm_unorddf2.o)
                0x1000aa30                __unorddf2
                0x1000aa30                __aeabi_dcmpun
 .text          0x1000aa5c       0x50 c:/maximsdk/tools/gnutools/10.3/bin/../lib/gcc/arm-none-eabi/10.3.1/thumb/v7e-m+fp/softfp\libgcc.a(_arm_fixdfsi.o)
                0x1000aa5c                __aeabi_d2iz
                0x1000aa5c                __fixdfsi
 .text          0x1000aaac       0x30 c:/maximsdk/tools/gnutools/10.3/bin/../lib/gcc/arm-none-eabi/10.3.1/thumb/v7e-m+fp/softfp\libgcc.a(_aeabi_uldivmod.o)
                0x1000aaac                __aeabi_uldivmod
 .text          0x1000aadc      0x2d0 c:/maximsdk/tools/gnutools/10.3/bin/../lib/gcc/arm-none-eabi/10.3.1/thumb/v7e-m+fp/softfp\libgcc.a(_udivmoddi4.o)
                0x1000aadc                __udivmoddi4
 .text          0x1000adac        0x4 c:/maximsdk/tools/gnutools/10.3/bin/../lib/gcc/arm-none-eabi/10.3.1/thumb/v7e-m+fp/softfp\libgcc.a(_dvmd_tls.o)
                0x1000adac                __aeabi_idiv0
                0x1000adac                __aeabi_ldiv0
 *(.rodata*)
 .rodata.main.str1.4
                0x1000adb0      0x13e c:/Users/Vkarra/Documents/GitHub/Swift_DSS/SWIFTV2_DSS/SwiftV2_DSS_Press_Start/build/main.o
 *fill*         0x1000aeee        0x2 
 .rodata.Board_Init.str1.4
                0x1000aef0       0x41 c:/Users/Vkarra/Documents/GitHub/Swift_DSS/SWIFTV2_DSS/SwiftV2_DSS_Press_Start/build/board.o
 *fill*         0x1000af31        0x3 
 .rodata.led_pin
                0x1000af34       0x24 c:/Users/Vkarra/Documents/GitHub/Swift_DSS/SWIFTV2_DSS/SwiftV2_DSS_Press_Start/build/board.o
                0x1000af34                led_pin
 .rodata.num_leds
                0x1000af58        0x4 c:/Users/Vkarra/Documents/GitHub/Swift_DSS/SWIFTV2_DSS/SwiftV2_DSS_Press_Start/build/board.o
                0x1000af58                num_leds
 .rodata.num_pbs
                0x1000af5c        0x4 c:/Users/Vkarra/Documents/GitHub/Swift_DSS/SWIFTV2_DSS/SwiftV2_DSS_Press_Start/build/board.o
                0x1000af5c                num_pbs
 .rodata.pb_pin
                0x1000af60        0xc c:/Users/Vkarra/Documents/GitHub/Swift_DSS/SWIFTV2_DSS/SwiftV2_DSS_Press_Start/build/board.o
                0x1000af60                pb_pin
 .rodata.LED_On.str1.4
                0x1000af6c       0x3b c:/Users/Vkarra/Documents/GitHub/Swift_DSS/SWIFTV2_DSS/SwiftV2_DSS_Press_Start/build/led.o
 *fill*         0x1000afa7        0x1 
 .rodata.MXC_SPI_Init.str1.4
                0x1000afa8       0x51 C:/MaximSDK/Libraries/PeriphDrivers/bin/MAX32665/softfp/libPeriphDriver_softfp.a(spi_me14.o)
 *fill*         0x1000aff9        0x3 
 .rodata.MXC_SPI_RevA1_SwapByte.str1.4
                0x1000affc       0x50 C:/MaximSDK/Libraries/PeriphDrivers/bin/MAX32665/softfp/libPeriphDriver_softfp.a(spi_reva1.o)
 .rodata.MXC_SPI_RevA1_TransSetup.str1.4
                0x1000b04c       0x22 C:/MaximSDK/Libraries/PeriphDrivers/bin/MAX32665/softfp/libPeriphDriver_softfp.a(spi_reva1.o)
 *fill*         0x1000b06e        0x2 
 .rodata.MXC_UART_RevA_Init.str1.4
                0x1000b070       0x77 C:/MaximSDK/Libraries/PeriphDrivers/bin/MAX32665/softfp/libPeriphDriver_softfp.a(uart_reva.o)
 *fill*         0x1000b0e7        0x1 
 .rodata.gpio_cfg_spi0_ss0a
                0x1000b0e8        0xc C:/MaximSDK/Libraries/PeriphDrivers/bin/MAX32665/softfp/libPeriphDriver_softfp.a(pins_me14.o)
                0x1000b0e8                gpio_cfg_spi0_ss0a
 .rodata.gpio_cfg_spi0_ss0b
                0x1000b0f4        0xc C:/MaximSDK/Libraries/PeriphDrivers/bin/MAX32665/softfp/libPeriphDriver_softfp.a(pins_me14.o)
                0x1000b0f4                gpio_cfg_spi0_ss0b
 .rodata.gpio_cfg_spi0_ss1
                0x1000b100        0xc C:/MaximSDK/Libraries/PeriphDrivers/bin/MAX32665/softfp/libPeriphDriver_softfp.a(pins_me14.o)
                0x1000b100                gpio_cfg_spi0_ss1
 .rodata.gpio_cfg_spi0_ss2
                0x1000b10c        0xc C:/MaximSDK/Libraries/PeriphDrivers/bin/MAX32665/softfp/libPeriphDriver_softfp.a(pins_me14.o)
                0x1000b10c                gpio_cfg_spi0_ss2
 .rodata.gpio_cfg_spi0a
                0x1000b118        0xc C:/MaximSDK/Libraries/PeriphDrivers/bin/MAX32665/softfp/libPeriphDriver_softfp.a(pins_me14.o)
                0x1000b118                gpio_cfg_spi0a
 .rodata.gpio_cfg_spi0b
                0x1000b124        0xc C:/MaximSDK/Libraries/PeriphDrivers/bin/MAX32665/softfp/libPeriphDriver_softfp.a(pins_me14.o)
                0x1000b124                gpio_cfg_spi0b
 .rodata.gpio_cfg_spi1
                0x1000b130        0xc C:/MaximSDK/Libraries/PeriphDrivers/bin/MAX32665/softfp/libPeriphDriver_softfp.a(pins_me14.o)
                0x1000b130                gpio_cfg_spi1
 .rodata.gpio_cfg_spi1_ss0
                0x1000b13c        0xc C:/MaximSDK/Libraries/PeriphDrivers/bin/MAX32665/softfp/libPeriphDriver_softfp.a(pins_me14.o)
                0x1000b13c                gpio_cfg_spi1_ss0
 .rodata.gpio_cfg_spi1_ss1
                0x1000b148        0xc C:/MaximSDK/Libraries/PeriphDrivers/bin/MAX32665/softfp/libPeriphDriver_softfp.a(pins_me14.o)
                0x1000b148                gpio_cfg_spi1_ss1
 .rodata.gpio_cfg_spi1_ss2
                0x1000b154        0xc C:/MaximSDK/Libraries/PeriphDrivers/bin/MAX32665/softfp/libPeriphDriver_softfp.a(pins_me14.o)
                0x1000b154                gpio_cfg_spi1_ss2
 .rodata.gpio_cfg_spi2
                0x1000b160        0xc C:/MaximSDK/Libraries/PeriphDrivers/bin/MAX32665/softfp/libPeriphDriver_softfp.a(pins_me14.o)
                0x1000b160                gpio_cfg_spi2
 .rodata.gpio_cfg_spi2_ss0
                0x1000b16c        0xc C:/MaximSDK/Libraries/PeriphDrivers/bin/MAX32665/softfp/libPeriphDriver_softfp.a(pins_me14.o)
                0x1000b16c                gpio_cfg_spi2_ss0
 .rodata.gpio_cfg_spi2_ss1
                0x1000b178        0xc C:/MaximSDK/Libraries/PeriphDrivers/bin/MAX32665/softfp/libPeriphDriver_softfp.a(pins_me14.o)
                0x1000b178                gpio_cfg_spi2_ss1
 .rodata.gpio_cfg_spi2_ss2
                0x1000b184        0xc C:/MaximSDK/Libraries/PeriphDrivers/bin/MAX32665/softfp/libPeriphDriver_softfp.a(pins_me14.o)
                0x1000b184                gpio_cfg_spi2_ss2
 .rodata.gpio_cfg_uart0a
                0x1000b190        0xc C:/MaximSDK/Libraries/PeriphDrivers/bin/MAX32665/softfp/libPeriphDriver_softfp.a(pins_me14.o)
                0x1000b190                gpio_cfg_uart0a
 .rodata.gpio_cfg_uart0b
                0x1000b19c        0xc C:/MaximSDK/Libraries/PeriphDrivers/bin/MAX32665/softfp/libPeriphDriver_softfp.a(pins_me14.o)
                0x1000b19c                gpio_cfg_uart0b
 .rodata.gpio_cfg_uart1a
                0x1000b1a8        0xc C:/MaximSDK/Libraries/PeriphDrivers/bin/MAX32665/softfp/libPeriphDriver_softfp.a(pins_me14.o)
                0x1000b1a8                gpio_cfg_uart1a
 .rodata.gpio_cfg_uart1b
                0x1000b1b4        0xc C:/MaximSDK/Libraries/PeriphDrivers/bin/MAX32665/softfp/libPeriphDriver_softfp.a(pins_me14.o)
                0x1000b1b4                gpio_cfg_uart1b
 .rodata.gpio_cfg_uart2a
                0x1000b1c0        0xc C:/MaximSDK/Libraries/PeriphDrivers/bin/MAX32665/softfp/libPeriphDriver_softfp.a(pins_me14.o)
                0x1000b1c0                gpio_cfg_uart2a
 .rodata.gpio_cfg_uart2b
                0x1000b1cc        0xc C:/MaximSDK/Libraries/PeriphDrivers/bin/MAX32665/softfp/libPeriphDriver_softfp.a(pins_me14.o)
                0x1000b1cc                gpio_cfg_uart2b
 .rodata.MXC_GPIO_Common_Handler.str1.4
                0x1000b1d8       0x66 C:/MaximSDK/Libraries/PeriphDrivers/bin/MAX32665/softfp/libPeriphDriver_softfp.a(gpio_common.o)
 *fill*         0x1000b23e        0x2 
 .rodata.enum_req_init
                0x1000b240       0x24 c:/Users/Vkarra/Documents/GitHub/Swift_DSS/SWIFTV2_DSS/SwiftV2_DSS_Press_Start/build/MAXUSB/maxusb.a(enumerate.o)
 .rodata._global_impure_ptr
                0x1000b264        0x4 c:/maximsdk/tools/gnutools/10.3/bin/../lib/gcc/arm-none-eabi/10.3.1/../../../../arm-none-eabi/lib/thumb/v7e-m+fp/softfp\libc.a(lib_a-impure.o)
                0x1000b264                _global_impure_ptr
 .rodata._puts_r.str1.4
                0x1000b268        0x2 c:/maximsdk/tools/gnutools/10.3/bin/../lib/gcc/arm-none-eabi/10.3.1/../../../../arm-none-eabi/lib/thumb/v7e-m+fp/softfp\libc.a(lib_a-puts.o)
 .rodata._svfprintf_r.str1.4
                0x1000b268       0x42 c:/maximsdk/tools/gnutools/10.3/bin/../lib/gcc/arm-none-eabi/10.3.1/../../../../arm-none-eabi/lib/thumb/v7e-m+fp/softfp\libc.a(lib_a-svfprintf.o)
 *fill*         0x1000b2aa        0x2 
 .rodata.blanks.1
                0x1000b2ac       0x10 c:/maximsdk/tools/gnutools/10.3/bin/../lib/gcc/arm-none-eabi/10.3.1/../../../../arm-none-eabi/lib/thumb/v7e-m+fp/softfp\libc.a(lib_a-svfprintf.o)
 .rodata.zeroes.0
                0x1000b2bc       0x10 c:/maximsdk/tools/gnutools/10.3/bin/../lib/gcc/arm-none-eabi/10.3.1/../../../../arm-none-eabi/lib/thumb/v7e-m+fp/softfp\libc.a(lib_a-svfprintf.o)
 .rodata._ctype_
                0x1000b2cc      0x101 c:/maximsdk/tools/gnutools/10.3/bin/../lib/gcc/arm-none-eabi/10.3.1/../../../../arm-none-eabi/lib/thumb/v7e-m+fp/softfp\libc.a(lib_a-ctype_.o)
                0x1000b2cc                _ctype_
 *fill*         0x1000b3cd        0x3 
 .rodata._dtoa_r.str1.4
                0x1000b3d0       0xa2 c:/maximsdk/tools/gnutools/10.3/bin/../lib/gcc/arm-none-eabi/10.3.1/../../../../arm-none-eabi/lib/thumb/v7e-m+fp/softfp\libc.a(lib_a-dtoa.o)
                                 0xa6 (size before relaxing)
 *fill*         0x1000b472        0x2 
 .rodata._setlocale_r.str1.4
                0x1000b474        0xa c:/maximsdk/tools/gnutools/10.3/bin/../lib/gcc/arm-none-eabi/10.3.1/../../../../arm-none-eabi/lib/thumb/v7e-m+fp/softfp\libc.a(lib_a-locale.o)
                                  0xd (size before relaxing)
 *fill*         0x1000b47e        0x2 
 .rodata.str1.4
                0x1000b480        0x2 c:/maximsdk/tools/gnutools/10.3/bin/../lib/gcc/arm-none-eabi/10.3.1/../../../../arm-none-eabi/lib/thumb/v7e-m+fp/softfp\libc.a(lib_a-locale.o)
 *fill*         0x1000b482        0x2 
 .rodata.__multadd.str1.4
                0x1000b484       0x7f c:/maximsdk/tools/gnutools/10.3/bin/../lib/gcc/arm-none-eabi/10.3.1/../../../../arm-none-eabi/lib/thumb/v7e-m+fp/softfp\libc.a(lib_a-mprec.o)
                                 0x93 (size before relaxing)
 *fill*         0x1000b503        0x5 
 .rodata.__mprec_bigtens
                0x1000b508       0x28 c:/maximsdk/tools/gnutools/10.3/bin/../lib/gcc/arm-none-eabi/10.3.1/../../../../arm-none-eabi/lib/thumb/v7e-m+fp/softfp\libc.a(lib_a-mprec.o)
                0x1000b508                __mprec_bigtens
 .rodata.__mprec_tens
                0x1000b530       0xc8 c:/maximsdk/tools/gnutools/10.3/bin/../lib/gcc/arm-none-eabi/10.3.1/../../../../arm-none-eabi/lib/thumb/v7e-m+fp/softfp\libc.a(lib_a-mprec.o)
                0x1000b530                __mprec_tens
 .rodata.p05.0  0x1000b5f8        0xc c:/maximsdk/tools/gnutools/10.3/bin/../lib/gcc/arm-none-eabi/10.3.1/../../../../arm-none-eabi/lib/thumb/v7e-m+fp/softfp\libc.a(lib_a-mprec.o)
 .rodata.__assert_func.str1.4
                0x1000b604       0x3f c:/maximsdk/tools/gnutools/10.3/bin/../lib/gcc/arm-none-eabi/10.3.1/../../../../arm-none-eabi/lib/thumb/v7e-m+fp/softfp\libc.a(lib_a-assert.o)
                                 0x43 (size before relaxing)
 .rodata._vfiprintf_r.str1.4
                0x1000b643       0x2f c:/maximsdk/tools/gnutools/10.3/bin/../lib/gcc/arm-none-eabi/10.3.1/../../../../arm-none-eabi/lib/thumb/v7e-m+fp/softfp\libc.a(lib_a-vfiprintf.o)
 *fill*         0x1000b643        0x1 
 .rodata.blanks.1
                0x1000b644       0x10 c:/maximsdk/tools/gnutools/10.3/bin/../lib/gcc/arm-none-eabi/10.3.1/../../../../arm-none-eabi/lib/thumb/v7e-m+fp/softfp\libc.a(lib_a-vfiprintf.o)
 .rodata.zeroes.0
                0x1000b654       0x10 c:/maximsdk/tools/gnutools/10.3/bin/../lib/gcc/arm-none-eabi/10.3.1/../../../../arm-none-eabi/lib/thumb/v7e-m+fp/softfp\libc.a(lib_a-vfiprintf.o)
 *(.init)
 .init          0x1000b664        0x4 c:/maximsdk/tools/gnutools/10.3/bin/../lib/gcc/arm-none-eabi/10.3.1/thumb/v7e-m+fp/softfp/crti.o
                0x1000b664                _init
 .init          0x1000b668        0x8 c:/maximsdk/tools/gnutools/10.3/bin/../lib/gcc/arm-none-eabi/10.3.1/thumb/v7e-m+fp/softfp/crtn.o
 *(.fini)
 .fini          0x1000b670        0x4 c:/maximsdk/tools/gnutools/10.3/bin/../lib/gcc/arm-none-eabi/10.3.1/thumb/v7e-m+fp/softfp/crti.o
                0x1000b670                _fini
 .fini          0x1000b674        0x8 c:/maximsdk/tools/gnutools/10.3/bin/../lib/gcc/arm-none-eabi/10.3.1/thumb/v7e-m+fp/softfp/crtn.o
 *crtbegin.o(.ctors)
 *crtbegin?.o(.ctors)
 *(EXCLUDE_FILE(*crtend.o *crtend?.o) .ctors)
 *(SORT_BY_NAME(.ctors.*))
 *(.ctors)
 *crtbegin.o(.dtors)
 *crtbegin?.o(.dtors)
 *(EXCLUDE_FILE(*crtend.o *crtend?.o) .dtors)
 *(SORT_BY_NAME(.dtors.*))
 *(.dtors)
 *(.eh_frame*)
 .eh_frame      0x1000b67c        0x0 c:/maximsdk/tools/gnutools/10.3/bin/../lib/gcc/arm-none-eabi/10.3.1/thumb/v7e-m+fp/softfp/crtbegin.o
 .eh_frame      0x1000b67c        0x4 c:/maximsdk/tools/gnutools/10.3/bin/../lib/gcc/arm-none-eabi/10.3.1/thumb/v7e-m+fp/softfp/crtend.o
                0x1000b680                _etext = .

.glue_7         0x1000b680        0x0
 .glue_7        0x1000b680        0x0 linker stubs

.glue_7t        0x1000b680        0x0
 .glue_7t       0x1000b680        0x0 linker stubs

.vfp11_veneer   0x1000b680        0x0
 .vfp11_veneer  0x1000b680        0x0 linker stubs

.v4_bx          0x1000b680        0x0
 .v4_bx         0x1000b680        0x0 linker stubs

.iplt           0x1000b680        0x0
 .iplt          0x1000b680        0x0 c:/maximsdk/tools/gnutools/10.3/bin/../lib/gcc/arm-none-eabi/10.3.1/thumb/v7e-m+fp/softfp/crtbegin.o

.ARM.extab
 *(.ARM.extab* .gnu.linkonce.armextab.*)

.xip_section    0x08000000        0x0 load address 0x1000b680
 *(.xip_section*)
                0x1000b680                __load_start_xip = LOADADDR (.xip_section)
                0x00000000                __load_length_xip = SIZEOF (.xip_section)

.ARM.exidx      0x1000b680        0x8
                0x1000b680                __exidx_start = .
 *(.ARM.exidx* .gnu.linkonce.armexidx.*)
 .ARM.exidx     0x1000b680        0x8 c:/maximsdk/tools/gnutools/10.3/bin/../lib/gcc/arm-none-eabi/10.3.1/thumb/v7e-m+fp/softfp\libgcc.a(_udivmoddi4.o)
                0x1000b688                __exidx_end = .

.rel.dyn        0x1000b688        0x0
 .rel.iplt      0x1000b688        0x0 c:/maximsdk/tools/gnutools/10.3/bin/../lib/gcc/arm-none-eabi/10.3.1/thumb/v7e-m+fp/softfp/crtbegin.o

.data           0x20000000      0xa9c load address 0x1000b688
                0x20000000                _data = ALIGN (., 0x4)
 *(vtable)
 *(.data*)
 .data.acm_cfg  0x20000000        0xc c:/Users/Vkarra/Documents/GitHub/Swift_DSS/SWIFTV2_DSS/SwiftV2_DSS_Press_Start/build/main.o
 .data.config_descriptor
                0x2000000c       0x43 c:/Users/Vkarra/Documents/GitHub/Swift_DSS/SWIFTV2_DSS/SwiftV2_DSS_Press_Start/build/main.o
                0x2000000c                config_descriptor
 *fill*         0x2000004f        0x1 
 .data.device_descriptor
                0x20000050       0x12 c:/Users/Vkarra/Documents/GitHub/Swift_DSS/SWIFTV2_DSS/SwiftV2_DSS_Press_Start/build/main.o
                0x20000050                device_descriptor
 *fill*         0x20000062        0x2 
 .data.lang_id_desc
                0x20000064        0x4 c:/Users/Vkarra/Documents/GitHub/Swift_DSS/SWIFTV2_DSS/SwiftV2_DSS_Press_Start/build/main.o
                0x20000064                lang_id_desc
 .data.location
                0x20000068        0x4 c:/Users/Vkarra/Documents/GitHub/Swift_DSS/SWIFTV2_DSS/SwiftV2_DSS_Press_Start/build/main.o
                0x20000068                location
 .data.mfg_id_desc
                0x2000006c       0x22 c:/Users/Vkarra/Documents/GitHub/Swift_DSS/SWIFTV2_DSS/SwiftV2_DSS_Press_Start/build/main.o
                0x2000006c                mfg_id_desc
 *fill*         0x2000008e        0x2 
 .data.prod_id_desc
                0x20000090       0x22 c:/Users/Vkarra/Documents/GitHub/Swift_DSS/SWIFTV2_DSS/SwiftV2_DSS_Press_Start/build/main.o
                0x20000090                prod_id_desc
 *fill*         0x200000b2        0x2 
 .data.ConsoleUart
                0x200000b4        0x4 c:/Users/Vkarra/Documents/GitHub/Swift_DSS/SWIFTV2_DSS/SwiftV2_DSS_Press_Start/build/board.o
                0x200000b4                ConsoleUart
 .data.SystemCoreClock
                0x200000b8        0x4 c:/Users/Vkarra/Documents/GitHub/Swift_DSS/SWIFTV2_DSS/SwiftV2_DSS_Press_Start/build/system_max32665.o
                0x200000b8                SystemCoreClock
 .data.overflows
                0x200000bc        0x4 C:/MaximSDK/Libraries/PeriphDrivers/bin/MAX32665/softfp/libPeriphDriver_softfp.a(mxc_delay.o)
 .data._state   0x200000c0        0x8 c:/Users/Vkarra/Documents/GitHub/Swift_DSS/SWIFTV2_DSS/SwiftV2_DSS_Press_Start/build/MAXUSB/maxusb.a(usb.o)
 .data.line_coding
                0x200000c8        0x7 c:/Users/Vkarra/Documents/GitHub/Swift_DSS/SWIFTV2_DSS/SwiftV2_DSS_Press_Start/build/MAXUSB/maxusb.a(cdc_acm.o)
 *fill*         0x200000cf        0x1 
 .data.notify_data
                0x200000d0        0xa c:/Users/Vkarra/Documents/GitHub/Swift_DSS/SWIFTV2_DSS/SwiftV2_DSS_Press_Start/build/MAXUSB/maxusb.a(cdc_acm.o)
 *fill*         0x200000da        0x2 
 .data._state   0x200000dc        0x8 c:/Users/Vkarra/Documents/GitHub/Swift_DSS/SWIFTV2_DSS/SwiftV2_DSS_Press_Start/build/MAXUSB/maxusb.a(fifo.o)
 .data._impure_ptr
                0x200000e4        0x4 c:/maximsdk/tools/gnutools/10.3/bin/../lib/gcc/arm-none-eabi/10.3.1/../../../../arm-none-eabi/lib/thumb/v7e-m+fp/softfp\libc.a(lib_a-impure.o)
                0x200000e4                _impure_ptr
 .data.impure_data
                0x200000e8      0x428 c:/maximsdk/tools/gnutools/10.3/bin/../lib/gcc/arm-none-eabi/10.3.1/../../../../arm-none-eabi/lib/thumb/v7e-m+fp/softfp\libc.a(lib_a-impure.o)
 .data.__atexit_recursive_mutex
                0x20000510        0x4 c:/maximsdk/tools/gnutools/10.3/bin/../lib/gcc/arm-none-eabi/10.3.1/../../../../arm-none-eabi/lib/thumb/v7e-m+fp/softfp\libc.a(lib_a-__call_atexit.o)
                0x20000510                __atexit_recursive_mutex
 .data.__malloc_av_