Archive member included to satisfy reference by file (symbol)

C:/MaximSDK/Libraries/PeriphDrivers/bin/MAX32665/softfp/libPeriphDriver_softfp.a(mxc_delay.o)
                              c:/Users/Vkarra/Documents/GitHub/Swift_DSS/SWIFTV2_DSS/SwiftV2_DSS_48KHz_384KHz/build/main.o (MXC_DelayHandler)
C:/MaximSDK/Libraries/PeriphDrivers/bin/MAX32665/softfp/libPeriphDriver_softfp.a(nvic_table.o)
                              c:/Users/Vkarra/Documents/GitHub/Swift_DSS/SWIFTV2_DSS/SwiftV2_DSS_48KHz_384KHz/build/main.o (MXC_NVIC_SetVector)
C:/MaximSDK/Libraries/PeriphDrivers/bin/MAX32665/softfp/libPeriphDriver_softfp.a(sys_me14.o)
                              c:/Users/Vkarra/Documents/GitHub/Swift_DSS/SWIFTV2_DSS/SwiftV2_DSS_48KHz_384KHz/build/main.o (MXC_SYS_ClockDisable)
C:/MaximSDK/Libraries/PeriphDrivers/bin/MAX32665/softfp/libPeriphDriver_softfp.a(flc_me14.o)
                              C:/MaximSDK/Libraries/PeriphDrivers/bin/MAX32665/softfp/libPeriphDriver_softfp.a(sys_me14.o) (MXC_FLC_UnlockInfoBlock)
C:/MaximSDK/Libraries/PeriphDrivers/bin/MAX32665/softfp/libPeriphDriver_softfp.a(flc_reva.o)
                              C:/MaximSDK/Libraries/PeriphDrivers/bin/MAX32665/softfp/libPeriphDriver_softfp.a(flc_me14.o) (MXC_FLC_RevA_Busy)
C:/MaximSDK/Libraries/PeriphDrivers/bin/MAX32665/softfp/libPeriphDriver_softfp.a(gpio_me14.o)
                              c:/Users/Vkarra/Documents/GitHub/Swift_DSS/SWIFTV2_DSS/SwiftV2_DSS_48KHz_384KHz/build/main.o (MXC_GPIO_InGet)
C:/MaximSDK/Libraries/PeriphDrivers/bin/MAX32665/softfp/libPeriphDriver_softfp.a(gpio_reva.o)
                              C:/MaximSDK/Libraries/PeriphDrivers/bin/MAX32665/softfp/libPeriphDriver_softfp.a(gpio_me14.o) (MXC_GPIO_RevA_InGet)
C:/MaximSDK/Libraries/PeriphDrivers/bin/MAX32665/softfp/libPeriphDriver_softfp.a(i2c_me14.o)
                              c:/Users/Vkarra/Documents/GitHub/Swift_DSS/SWIFTV2_DSS/SwiftV2_DSS_48KHz_384KHz/build/max9867.o (MXC_I2C_MasterTransaction)
C:/MaximSDK/Libraries/PeriphDrivers/bin/MAX32665/softfp/libPeriphDriver_softfp.a(i2c_reva.o)
                              C:/MaximSDK/Libraries/PeriphDrivers/bin/MAX32665/softfp/libPeriphDriver_softfp.a(i2c_me14.o) (MXC_I2C_RevA_DMACallback)
C:/MaximSDK/Libraries/PeriphDrivers/bin/MAX32665/softfp/libPeriphDriver_softfp.a(spi_me14.o)
                              c:/Users/Vkarra/Documents/GitHub/Swift_DSS/SWIFTV2_DSS/SwiftV2_DSS_48KHz_384KHz/build/AD4630.o (MXC_SPI_Init)
C:/MaximSDK/Libraries/PeriphDrivers/bin/MAX32665/softfp/libPeriphDriver_softfp.a(spi_reva1.o)
                              C:/MaximSDK/Libraries/PeriphDrivers/bin/MAX32665/softfp/libPeriphDriver_softfp.a(spi_me14.o) (MXC_SPI_RevA1_Init)
C:/MaximSDK/Libraries/PeriphDrivers/bin/MAX32665/softfp/libPeriphDriver_softfp.a(spixf_me14.o)
                              c:/Users/Vkarra/Documents/GitHub/Swift_DSS/SWIFTV2_DSS/SwiftV2_DSS_48KHz_384KHz/build/board.o (MXC_SPIXF_Init)
C:/MaximSDK/Libraries/PeriphDrivers/bin/MAX32665/softfp/libPeriphDriver_softfp.a(spixf_reva.o)
                              C:/MaximSDK/Libraries/PeriphDrivers/bin/MAX32665/softfp/libPeriphDriver_softfp.a(spixf_me14.o) (MXC_SPIXF_RevA_AbortAsync)
C:/MaximSDK/Libraries/PeriphDrivers/bin/MAX32665/softfp/libPeriphDriver_softfp.a(tpu_me14.o)
                              C:/MaximSDK/Libraries/PeriphDrivers/bin/MAX32665/softfp/libPeriphDriver_softfp.a(sys_me14.o) (MXC_TPU_Cipher_Config)
C:/MaximSDK/Libraries/PeriphDrivers/bin/MAX32665/softfp/libPeriphDriver_softfp.a(tpu_reva.o)
                              C:/MaximSDK/Libraries/PeriphDrivers/bin/MAX32665/softfp/libPeriphDriver_softfp.a(tpu_me14.o) (MXC_TPU_RevA_Reset)
C:/MaximSDK/Libraries/PeriphDrivers/bin/MAX32665/softfp/libPeriphDriver_softfp.a(uart_me14.o)
                              c:/Users/Vkarra/Documents/GitHub/Swift_DSS/SWIFTV2_DSS/SwiftV2_DSS_48KHz_384KHz/build/board.o (MXC_UART_Shutdown)
C:/MaximSDK/Libraries/PeriphDrivers/bin/MAX32665/softfp/libPeriphDriver_softfp.a(uart_reva.o)
                              C:/MaximSDK/Libraries/PeriphDrivers/bin/MAX32665/softfp/libPeriphDriver_softfp.a(uart_me14.o) (MXC_UART_RevA_Init)
C:/MaximSDK/Libraries/PeriphDrivers/bin/MAX32665/softfp/libPeriphDriver_softfp.a(mxc_lock.o)
                              C:/MaximSDK/Libraries/PeriphDrivers/bin/MAX32665/softfp/libPeriphDriver_softfp.a(spixf_reva.o) (MXC_GetLock)
C:/MaximSDK/Libraries/PeriphDrivers/bin/MAX32665/softfp/libPeriphDriver_softfp.a(pins_me14.o)
                              C:/MaximSDK/Libraries/PeriphDrivers/bin/MAX32665/softfp/libPeriphDriver_softfp.a(spixf_me14.o) (gpio_cfg_spixfc)
C:/MaximSDK/Libraries/PeriphDrivers/bin/MAX32665/softfp/libPeriphDriver_softfp.a(dma_me14.o)
                              C:/MaximSDK/Libraries/PeriphDrivers/bin/MAX32665/softfp/libPeriphDriver_softfp.a(i2c_reva.o) (MXC_DMA_Init)
C:/MaximSDK/Libraries/PeriphDrivers/bin/MAX32665/softfp/libPeriphDriver_softfp.a(dma_reva.o)
[...]
Memory Configuration

Name             Origin             Length             Attributes
SPIX             0x08000000         0x08000000         xr
FLASH            0x10000000         0x00100000         xr
PAL_NVM_DB       0x10100000         0x00000000         r
OTP              0x20000000         0x00000000         xrw
ARM_SHARED       0x20000000         0x00000000         xrw
SDMA_SHARED      0x20000000         0x00000000         xrw
SDMA_DATA        0x20000000         0x00000000         xrw
SDMA_CODE        0x20000000         0x00000000         xrw
SRAM             0x20000000         0x0008c000         xrw
SPID             0x80000000         0x20000000         rw
*default*        0x00000000         0xffffffff

Linker script and memory map

LOAD c:/maximsdk/tools/gnutools/10.3/bin/../lib/gcc/arm-none-eabi/10.3.1/thumb/v7e-m+fp/softfp/crti.o
LOAD c:/maximsdk/tools/gnutools/10.3/bin/../lib/gcc/arm-none-eabi/10.3.1/thumb/v7e-m+fp/softfp/crtbegin.o
LOAD c:/maximsdk/tools/gnutools/10.3/bin/../lib/gcc/arm-none-eabi/10.3.1/../../../../arm-none-eabi/lib/thumb/v7e-m+fp/softfp/crt0.o
LOAD c:/Users/Vkarra/Documents/GitHub/Swift_DSS/SWIFTV2_DSS/SwiftV2_DSS_48KHz_384KHz/build/AD4630.o
LOAD c:/Users/Vkarra/Documents/GitHub/Swift_DSS/SWIFTV2_DSS/SwiftV2_DSS_48KHz_384KHz/build/dev_gpio_config.o
LOAD c:/Users/Vkarra/Documents/GitHub/Swift_DSS/SWIFTV2_DSS/SwiftV2_DSS_48KHz_384KHz/build/main.o
LOAD c:/Users/Vkarra/Documents/GitHub/Swift_DSS/SWIFTV2_DSS/SwiftV2_DSS_48KHz_384KHz/build/board.o
LOAD c:/Users/Vkarra/Documents/GitHub/Swift_DSS/SWIFTV2_DSS/SwiftV2_DSS_48KHz_384KHz/build/stdio.o
LOAD c:/Users/Vkarra/Documents/GitHub/Swift_DSS/SWIFTV2_DSS/SwiftV2_DSS_48KHz_384KHz/build/led.o
LOAD c:/Users/Vkarra/Documents/GitHub/Swift_DSS/SWIFTV2_DSS/SwiftV2_DSS_48KHz_384KHz/build/mx25.o
LOAD c:/Users/Vkarra/Documents/GitHub/Swift_DSS/SWIFTV2_DSS/SwiftV2_DSS_48KHz_384KHz/build/pb.o
LOAD c:/Users/Vkarra/Documents/GitHub/Swift_DSS/SWIFTV2_DSS/SwiftV2_DSS_48KHz_384KHz/build/sharp_mip.o
LOAD c:/Users/Vkarra/Documents/GitHub/Swift_DSS/SWIFTV2_DSS/SwiftV2_DSS_48KHz_384KHz/build/max9867.o
LOAD c:/Users/Vkarra/Documents/GitHub/Swift_DSS/SWIFTV2_DSS/SwiftV2_DSS_48KHz_384KHz/build/startup_max32665.o
LOAD c:/Users/Vkarra/Documents/GitHub/Swift_DSS/SWIFTV2_DSS/SwiftV2_DSS_48KHz_384KHz/build/backup_max32665.o
LOAD c:/Users/Vkarra/Documents/GitHub/Swift_DSS/SWIFTV2_DSS/SwiftV2_DSS_48KHz_384KHz/build/heap.o
LOAD c:/Users/Vkarra/Documents/GitHub/Swift_DSS/SWIFTV2_DSS/SwiftV2_DSS_48KHz_384KHz/build/system_max32665.o
START GROUP
LOAD C:/MaximSDK/Libraries/PeriphDrivers/bin/MAX32665/softfp/libPeriphDriver_softfp.a
LOAD c:/Users/Vkarra/Documents/GitHub/Swift_DSS/SWIFTV2_DSS/SwiftV2_DSS_48KHz_384KHz/build/MAXUSB/maxusb.a
LOAD c:/maximsdk/tools/gnutools/10.3/bin/../lib/gcc/arm-none-eabi/10.3.1/../../../../arm-none-eabi/lib/thumb/v7e-m+fp/softfp\libc.a
LOAD c:/maximsdk/tools/gnutools/10.3/bin/../lib/gcc/arm-none-eabi/10.3.1/../../../../arm-none-eabi/lib/thumb/v7e-m+fp/softfp\libm.a
LOAD c:/maximsdk/tools/gnutools/10.3/bin/../lib/gcc/arm-none-eabi/10.3.1/../../../../arm-none-eabi/lib/thumb/v7e-m+fp/softfp\libnosys.a
END GROUP
START GROUP
LOAD c:/maximsdk/tools/gnutools/10.3/bin/../lib/gcc/arm-none-eabi/10.3.1/thumb/v7e-m+fp/softfp\libgcc.a
LOAD c:/maximsdk/tools/gnutools/10.3/bin/../lib/gcc/arm-none-eabi/10.3.1/../../../../arm-none-eabi/lib/thumb/v7e-m+fp/softfp\libc.a
END GROUP
LOAD c:/maximsdk/tools/gnutools/10.3/bin/../lib/gcc/arm-none-eabi/10.3.1/thumb/v7e-m+fp/softfp/crtend.o
LOAD c:/maximsdk/tools/gnutools/10.3/bin/../lib/gcc/arm-none-eabi/10.3.1/thumb/v7e-m+fp/softfp/crtn.o
                0x20000000                SRAM_ORIGIN = 0x20000000
                0x00000000                SDMA_CODE_LEN = DEFINED (SDMA_CODE_SIZE)?SDMA_CODE_SIZE:0x0
                0x00000000                SDMA_DATA_LEN = DEFINED (SDMA_DATA_SIZE)?SDMA_DATA_SIZE:0x0
                0x00000000                SDMA_LEN = (SDMA_CODE_LEN + SDMA_DATA_LEN)
                0x00000000                OTP_LEN = DEFINED (SDMA_CODE_SIZE)?0x40:0x0
                0x00000000                SHARED_LEN = DEFINED (SDMA_CODE_SIZE)?0x400:0x0
                0x00000000                SHARED_LEN_HALF = (SHARED_LEN / 0x2)
                0x20000000                OTP_ADDR = SRAM_ORIGIN
                0x20000000                SHARED_ADDR = (OTP_ADDR + OTP_LEN)
                0x20000000                SDMA_DATA_ADDR = (SHARED_ADDR + SHARED_LEN)
                0x20000000                SDMA_CODE_ADDR = (SDMA_DATA_ADDR + SDMA_DATA_LEN)
                0x20000000                SRAM_ADDR = (SDMA_CODE_ADDR + SDMA_CODE_LEN)
                0x0008c000                SRAM_LEN = (((SRAM_SIZE - OTP_LEN) - SHARED_LEN) - SDMA_LEN)
                0x00100000                FLASH_MEM_SIZE = (0x100000 - _PAL_NVM_SIZE)
                0x10100000                PAL_NVM_ORIGIN = ((0x100000 - _PAL_NVM_SIZE) + 0x10000000)

.text           0x10000000     0xbdc8
                0x10000000                _text = .
 *(.isr_vector)
 .isr_vector    0x10000000      0x1bc c:/Users/Vkarra/Documents/GitHub/Swift_DSS/SWIFTV2_DSS/SwiftV2_DSS_48KHz_384KHz/build/startup_max32665.o
                0x10000000                __isr_vector
 *(.text*)
 .text          0x100001bc       0x40 c:/maximsdk/tools/gnutools/10.3/bin/../lib/gcc/arm-none-eabi/10.3.1/thumb/v7e-m+fp/softfp/crtbegin.o
 .text.usbAppSleep
                0x100001fc        0xc c:/Users/Vkarra/Documents/GitHub/Swift_DSS/SWIFTV2_DSS/SwiftV2_DSS_48KHz_384KHz/build/main.o
 .text.usbAppWakeup
                0x10000208        0xc c:/Users/Vkarra/Documents/GitHub/Swift_DSS/SWIFTV2_DSS/SwiftV2_DSS_48KHz_384KHz/build/main.o
 .text.setfeatureCallback
                0x10000214       0x1c c:/Users/Vkarra/Documents/GitHub/Swift_DSS/SWIFTV2_DSS/SwiftV2_DSS_48KHz_384KHz/build/main.o
 .text.clrfeatureCallback
                0x10000230       0x18 c:/Users/Vkarra/Documents/GitHub/Swift_DSS/SWIFTV2_DSS/SwiftV2_DSS_48KHz_384KHz/build/main.o
 .text.usbReadCallback
                0x10000248       0x10 c:/Users/Vkarra/Documents/GitHub/Swift_DSS/SWIFTV2_DSS/SwiftV2_DSS_48KHz_384KHz/build/main.o
 .text.delay_us
                0x10000258        0x8 c:/Users/Vkarra/Documents/GitHub/Swift_DSS/SWIFTV2_DSS/SwiftV2_DSS_48KHz_384KHz/build/main.o
                0x10000258                delay_us
 .text.BUSY_ISR
                0x10000260       0x6c c:/Users/Vkarra/Documents/GitHub/Swift_DSS/SWIFTV2_DSS/SwiftV2_DSS_48KHz_384KHz/build/main.o
                0x10000260                BUSY_ISR
 .text.eventCallback
                0x100002cc       0xb4 c:/Users/Vkarra/Documents/GitHub/Swift_DSS/SWIFTV2_DSS/SwiftV2_DSS_48KHz_384KHz/build/main.o
 .text.setconfigCallback
                0x10000380       0x84 c:/Users/Vkarra/Documents/GitHub/Swift_DSS/SWIFTV2_DSS/SwiftV2_DSS_48KHz_384KHz/build/main.o
 .text.usbStartupCallback
                0x10000404       0x34 c:/Users/Vkarra/Documents/GitHub/Swift_DSS/SWIFTV2_DSS/SwiftV2_DSS_48KHz_384KHz/build/main.o
                0x10000404                usbStartupCallback
 .text.usbShutdownCallback
                0x10000438        0xc c:/Users/Vkarra/Documents/GitHub/Swift_DSS/SWIFTV2_DSS/SwiftV2_DSS_48KHz_384KHz/build/main.o
                0x10000438                usbShutdownCallback
 .text.debugPrint
                0x10000444       0x30 c:/Users/Vkarra/Documents/GitHub/Swift_DSS/SWIFTV2_DSS/SwiftV2_DSS_48KHz_384KHz/build/main.o
                0x10000444                debugPrint
 .text.main     0x10000474      0x340 c:/Users/Vkarra/Documents/GitHub/Swift_DSS/SWIFTV2_DSS/SwiftV2_DSS_48KHz_384KHz/build/main.o
                0x10000474                main
 .text.USB_IRQHandler
                0x100007b4        0x8 c:/Users/Vkarra/Documents/GitHub/Swift_DSS/SWIFTV2_DSS/SwiftV2_DSS_48KHz_384KHz/build/main.o
                0x100007b4                USB_IRQHandler
 .text.SysTick_Handler
                0x100007bc        0x8 c:/Users/Vkarra/Documents/GitHub/Swift_DSS/SWIFTV2_DSS/SwiftV2_DSS_48KHz_384KHz/build/main.o
                0x100007bc                SysTick_Handler
 .text.ext_flash_clock
                0x100007c4        0xa c:/Users/Vkarra/Documents/GitHub/Swift_DSS/SWIFTV2_DSS/SwiftV2_DSS_48KHz_384KHz/build/board.o
 .text.ext_flash_board_write
                0x100007ce       0x36 c:/Users/Vkarra/Documents/GitHub/Swift_DSS/SWIFTV2_DSS/SwiftV2_DSS_48KHz_384KHz/build/board.o
 .text.ext_flash_board_read
                0x10000804       0x36 c:/Users/Vkarra/Documents/GitHub/Swift_DSS/SWIFTV2_DSS/SwiftV2_DSS_48KHz_384KHz/build/board.o
 *fill*         0x1000083a        0x2 
 .text.ext_flash_board_init
                0x1000083c       0x1c c:/Users/Vkarra/Documents/GitHub/Swift_DSS/SWIFTV2_DSS/SwiftV2_DSS_48KHz_384KHz/build/board.o
 .text.GPIO1_IRQHandler
                0x10000858        0xa c:/Users/Vkarra/Documents/GitHub/Swift_DSS/SWIFTV2_DSS/SwiftV2_DSS_48KHz_384KHz/build/board.o
                0x10000858                GPIO1_IRQHandler
 .text.mxc_assert
                0x10000862        0x2 c:/Users/Vkarra/Documents/GitHub/Swift_DSS/SWIFTV2_DSS/SwiftV2_DSS_48KHz_384KHz/build/board.o
                0x10000862                mxc_assert
 .text.Console_Init
                0x10000864       0x18 c:/Users/Vkarra/Documents/GitHub/Swift_DSS/SWIFTV2_DSS/SwiftV2_DSS_48KHz_384KHz/build/board.o
                0x10000864                Console_Init
 .text.Board_Init
                0x1000087c       0x58 c:/Users/Vkarra/Documents/GitHub/Swift_DSS/SWIFTV2_DSS/SwiftV2_DSS_48KHz_384KHz/build/board.o
                0x1000087c                Board_Init
 .text.NMI_Handler
                0x100008d4        0x4 c:/Users/Vkarra/Documents/GitHub/Swift_DSS/SWIFTV2_DSS/SwiftV2_DSS_48KHz_384KHz/build/board.o
                0x100008d4                NMI_Handler
 .text._close   0x100008d8        0x6 c:/Users/Vkarra/Documents/GitHub/Swift_DSS/SWIFTV2_DSS/SwiftV2_DSS_48KHz_384KHz/build/stdio.o
                0x100008d8                _close
 .text._isatty  0x100008de        0x6 c:/Users/Vkarra/Documents/GitHub/Swift_DSS/SWIFTV2_DSS/SwiftV2_DSS_48KHz_384KHz/build/stdio.o
                0x100008de                _isatty
 .text._lseek   0x100008e4        0x6 c:/Users/Vkarra/Documents/GitHub/Swift_DSS/SWIFTV2_DSS/SwiftV2_DSS_48KHz_384KHz/build/stdio.o
                0x100008e4                _lseek
 .text._fstat   0x100008ea        0x6 c:/Users/Vkarra/Documents/GitHub/Swift_DSS/SWIFTV2_DSS/SwiftV2_DSS_48KHz_384KHz/build/stdio.o
                0x100008ea                _fstat
 .text._read    0x100008f0       0x50 c:/Users/Vkarra/Documents/GitHub/Swift_DSS/SWIFTV2_DSS/SwiftV2_DSS_48KHz_384KHz/build/stdio.o
                0x100008f0                _read
 .text._write   0x10000940       0x58 c:/Users/Vkarra/Documents/GitHub/Swift_DSS/SWIFTV2_DSS/SwiftV2_DSS_48KHz_384KHz/build/stdio.o
                0x10000940                _write
 .text.LED_Off  0x10000998       0x44 c:/Users/Vkarra/Documents/GitHub/Swift_DSS/SWIFTV2_DSS/SwiftV2_DSS_48KHz_384KHz/build/led.o
                0x10000998                LED_Off
 .text.LED_Init
                0x100009dc       0x3c c:/Users/Vkarra/Documents/GitHub/Swift_DSS/SWIFTV2_DSS/SwiftV2_DSS_48KHz_384KHz/build/led.o
                0x100009dc                LED_Init
 .text.Ext_Flash_Configure
                0x10000a18       0x28 c:/Users/Vkarra/Documents/GitHub/Swift_DSS/SWIFTV2_DSS/SwiftV2_DSS_48KHz_384KHz/build/mx25.o
                0x10000a18                Ext_Flash_Configure
 .text.PB_Init  0x10000a40       0x38 c:/Users/Vkarra/Documents/GitHub/Swift_DSS/SWIFTV2_DSS/SwiftV2_DSS_48KHz_384KHz/build/pb.o
                0x10000a40                PB_Init
 .text          0x10000a78      0x134 c:/Users/Vkarra/Documents/GitHub/Swift_DSS/SWIFTV2_DSS/SwiftV2_DSS_48KHz_384KHz/build/startup_max32665.o
                0x10000a78                Reset_Handler
                0x10000ab6                HardFault_Handler
                0x10000ab8                MemManage_Handler
                0x10000aba                BusFault_Handler
                0x10000abc                UsageFault_Handler
                0x10000abe                SVC_Handler
                0x10000ac0                PendSV_Handler
                0x10000ac2                Default_Handler
                0x10000ac4                PF_IRQHandler
                0x10000ac6                WDT0_IRQHandler
                0x10000aca                RTC_IRQHandler
                0x10000acc                TRNG_IRQHandler
                0x10000ace                TMR0_IRQHandler
                0x10000ad0                TMR1_IRQHandler
                0x10000ad2                TMR2_IRQHandler
                0x10000ad4                TMR3_IRQHandler
                0x10000ad6                TMR4_IRQHandler
                0x10000ad8                TMR5_IRQHandler
                0x10000ada                RSV11_IRQHandler
                0x10000adc                RSV12_IRQHandler
                0x10000ade                I2C0_IRQHandler
                0x10000ae0                UART0_IRQHandler
                0x10000ae2                UART1_IRQHandler
                0x10000ae4                SPI1_IRQHandler
                0x10000ae6                SPI2_IRQHandler
                0x10000ae8                RSV18_IRQHandler
                0x10000aea                RSV19_IRQHandler
                0x10000aec                ADC_IRQHandler
                0x10000aee                RSV21_IRQHandler
                0x10000af0                RSV22_IRQHandler
                0x10000af2                FLC0_IRQHandler
                0x10000af4                GPIO0_IRQHandler
                0x10000af8                RSV26_IRQHandler
                0x10000afa                TPU_IRQHandler
                0x10000afc                DMA0_IRQHandler
                0x10000afe                DMA1_IRQHandler
                0x10000b00                DMA2_IRQHandler
                0x10000b02                DMA3_IRQHandler
                0x10000b04                RSV32_IRQHandler
                0x10000b06                RSV33_IRQHandler
                0x10000b08                UART2_IRQHandler
                0x10000b0a                RSV35_IRQHandler
                0x10000b0c                I2C1_IRQHandler
                0x10000b0e                RSV37_IRQHandler
                0x10000b10                SPIXFC_IRQHandler
                0x10000b12                BTLE_TX_DONE_IRQHandler
                0x10000b14                BTLE_RX_RCVD_IRQHandler
                0x10000b16                BTLE_RX_ENG_DET_IRQHandler
                0x10000b18                BTLE_SFD_DET_IRQHandler
                0x10000b1a                BTLE_SFD_TO_IRQHandler
                0x10000b1c                BTLE_GP_EVENT_IRQHandler
                0x10000b1e                BTLE_CFO_IRQHandler
                0x10000b20                BTLE_SIG_DET_IRQHandler
                0x10000b22                BTLE_AGC_EVENT_IRQHandler
                0x10000b24                BTLE_RFFE_SPIM_IRQHandler
                0x10000b26                BTLE_TX_AES_IRQHandler
                0x10000b28                BTLE_RX_AES_IRQHandler
                0x10000b2a                BTLE_INV_APB_ADDR_IRQHandler
                0x10000b2c                BTLE_IQ_DATA_VALID_IRQHandler
                0x10000b2e                WUT_IRQHandler
                0x10000b30                GPIOWAKE_IRQHandler
                0x10000b32                RSV55_IRQHandler
                0x10000b34                SPI0_IRQHandler
                0x10000b36                WDT1_IRQHandler
                0x10000b38                RSV58_IRQHandler
                0x10000b3a                PT_IRQHandler
                0x10000b3c                SDMA0_IRQHandler
                0x10000b3e                RSV61_IRQHandler
                0x10000b40                I2C2_IRQHandler
                0x10000b42                RSV63_IRQHandler
                0x10000b44                RSV64_IRQHandler
                0x10000b46                RSV65_IRQHandler
                0x10000b48                SDHC_IRQHandler
                0x10000b4a                OWM_IRQHandler
                0x10000b4c                DMA4_IRQHandler
                0x10000b4e                DMA5_IRQHandler
                0x10000b50                DMA6_IRQHandler
                0x10000b52                DMA7_IRQHandler
                0x10000b54                DMA8_IRQHandler
                0x10000b56                DMA9_IRQHandler
                0x10000b58                DMA10_IRQHandler
                0x10000b5a                DMA11_IRQHandler
                0x10000b5c                DMA12_IRQHandler
                0x10000b5e                DMA13_IRQHandler
                0x10000b60                DMA14_IRQHandler
                0x10000b62                DMA15_IRQHandler
                0x10000b64                USBDMA_IRQHandler
                0x10000b66                WDT2_IRQHandler
                0x10000b68                ECC_IRQHandler
                0x10000b6a                DVS_IRQHandler
                0x10000b6c                SIMO_IRQHandler
                0x10000b6e                SCA_IRQHandler
                0x10000b70                AUDIO_IRQHandler
                0x10000b72                FLC1_IRQHandler
                0x10000b74                RSV88_IRQHandler
                0x10000b76                RSV89_IRQHandler
                0x10000b78                RSV90_IRQHandler
                0x10000b7a                RSV91_IRQHandler
                0x10000b7c                RSV92_IRQHandler
                0x10000b7e                HTMR0_IRQHandler
                0x10000b80                HTMR1_IRQHandler
 .text._sbrk    0x10000bac       0x40 c:/Users/Vkarra/Documents/GitHub/Swift_DSS/SWIFTV2_DSS/SwiftV2_DSS_48KHz_384KHz/build/heap.o
                0x10000bac                _sbrk
 .text._getpid  0x10000bec        0x6 c:/Users/Vkarra/Documents/GitHub/Swift_DSS/SWIFTV2_DSS/SwiftV2_DSS_48KHz_384KHz/build/system_max32665.o
                0x10000bec                _getpid
 .text._kill    0x10000bf2        0x6 c:/Users/Vkarra/Documents/GitHub/Swift_DSS/SWIFTV2_DSS/SwiftV2_DSS_48KHz_384KHz/build/system_max32665.o
                0x10000bf2                _kill
 .text.SystemCoreClockUpdate
                0x10000bf8       0x6c c:/Users/Vkarra/Documents/GitHub/Swift_DSS/SWIFTV2_DSS/SwiftV2_DSS_48KHz_384KHz/build/system_max32665.o
                0x10000bf8                SystemCoreClockUpdate
 .text.PreInit  0x10000c64       0x60 c:/Users/Vkarra/Documents/GitHub/Swift_DSS/SWIFTV2_DSS/SwiftV2_DSS_48KHz_384KHz/build/system_max32665.o
                0x10000c64                PreInit
 .text.PalSysInit
                0x10000cc4        0x2 c:/Users/Vkarra/Documents/GitHub/Swift_DSS/SWIFTV2_DSS/SwiftV2_DSS_48KHz_384KHz/build/system_max32665.o
                0x10000cc4                PalSysInit
 *fill*         0x10000cc6        0x2 
 .text.SystemInit
                0x10000cc8      0x110 c:/Users/Vkarra/Documents/GitHub/Swift_DSS/SWIFTV2_DSS/SwiftV2_DSS_48KHz_384KHz/build/system_max32665.o
                0x10000cc8                SystemInit
 .text.MXC_DelayInit
                0x10000dd8       0x84 C:/MaximSDK/Libraries/PeriphDrivers/bin/MAX32665/softfp/libPeriphDriver_softfp.a(mxc_delay.o)
 .text.MXC_DelayAsync
                0x10000e5c       0x44 C:/MaximSDK/Libraries/PeriphDrivers/bin/MAX32665/softfp/libPeriphDriver_softfp.a(mxc_delay.o)
                0x10000e5c                MXC_DelayAsync
 .text.MXC_DelayAbort
                0x10000ea0       0x34 C:/MaximSDK/Libraries/PeriphDrivers/bin/MAX32665/softfp/libPeriphDriver_softfp.a(mxc_delay.o)
                0x10000ea0                MXC_DelayAbort
 .text.MXC_DelayHandler
                0x10000ed4       0x40 C:/MaximSDK/Libraries/PeriphDrivers/bin/MAX32665/softfp/libPeriphDriver_softfp.a(mxc_delay.o)
                0x10000ed4                MXC_DelayHandler
 .text.MXC_DelayCheck
                0x10000f14       0x64 C:/MaximSDK/Libraries/PeriphDrivers/bin/MAX32665/softfp/libPeriphDriver_softfp.a(mxc_delay.o)
                0x10000f14                MXC_DelayCheck
 .text.MXC_Delay
                0x10000f78       0x58 C:/MaximSDK/Libraries/PeriphDrivers/bin/MAX32665/softfp/libPeriphDriver_softfp.a(mxc_delay.o)
                0x10000f78                MXC_Delay
 .text.NVIC_SetRAM
                0x10000fd0       0x24 C:/MaximSDK/Libraries/PeriphDrivers/bin/MAX32665/softfp/libPeriphDriver_softfp.a(nvic_table.o)
                0x10000fd0                NVIC_SetRAM
 .text.MXC_NVIC_SetVector
                0x10000ff4       0x44 C:/MaximSDK/Libraries/PeriphDrivers/bin/MAX32665/softfp/libPeriphDriver_softfp.a(nvic_table.o)
                0x10000ff4                MXC_NVIC_SetVector
 .text.MXC_SYS_ClockDisable
                0x10001038       0x2c C:/MaximSDK/Libraries/PeriphDrivers/bin/MAX32665/softfp/libPeriphDriver_softfp.a(sys_me14.o)
                0x10001038                MXC_SYS_ClockDisable
 .text.MXC_SYS_ClockEnable
                0x10001064       0x30 C:/MaximSDK/Libraries/PeriphDrivers/bin/MAX32665/softfp/libPeriphDriver_softfp.a(sys_me14.o)
                0x10001064                MXC_SYS_ClockEnable
 .text.MXC_SYS_Clock_Timeout
                0x10001094       0x30 C:/MaximSDK/Libraries/PeriphDrivers/bin/MAX32665/softfp/libPeriphDriver_softfp.a(sys_me14.o)
                0x10001094                MXC_SYS_Clock_Timeout
 .text.MXC_SYS_Clock_Select
                0x100010c4      0x18c C:/MaximSDK/Libraries/PeriphDrivers/bin/MAX32665/softfp/libPeriphDriver_softfp.a(sys_me14.o)
                0x100010c4                MXC_SYS_Clock_Select
 .text.MXC_SYS_Reset_Periph
                0x10001250       0x38 C:/MaximSDK/Libraries/PeriphDrivers/bin/MAX32665/softfp/libPeriphDriver_softfp.a(sys_me14.o)
                0x10001250                MXC_SYS_Reset_Periph
 .text.MXC_GPIO_InGet
                0x10001288        0x8 C:/MaximSDK/Libraries/PeriphDrivers/bin/MAX32665/softfp/libPeriphDriver_softfp.a(gpio_me14.o)
                0x10001288                MXC_GPIO_InGet
 .text.MXC_GPIO_OutSet
                0x10001290        0x8 C:/MaximSDK/Libraries/PeriphDrivers/bin/MAX32665/softfp/libPeriphDriver_softfp.a(gpio_me14.o)
                0x10001290                MXC_GPIO_OutSet
 .text.MXC_GPIO_OutClr
                0x10001298        0x8 C:/MaximSDK/Libraries/PeriphDrivers/bin/MAX32665/softfp/libPeriphDriver_softfp.a(gpio_me14.o)
                0x10001298                MXC_GPIO_OutClr
 .text.MXC_GPIO_IntConfig
                0x100012a0        0x8 C:/MaximSDK/Libraries/PeriphDrivers/bin/MAX32665/softfp/libPeriphDriver_softfp.a(gpio_me14.o)
                0x100012a0                MXC_GPIO_IntConfig
 .text.MXC_GPIO_EnableInt
                0x100012a8        0x8 C:/MaximSDK/Libraries/PeriphDrivers/bin/MAX32665/softfp/libPeriphDriver_softfp.a(gpio_me14.o)
                0x100012a8                MXC_GPIO_EnableInt
 .text.MXC_GPIO_DisableInt
                0x100012b0        0x8 C:/MaximSDK/Libraries/PeriphDrivers/bin/MAX32665/softfp/libPeriphDriver_softfp.a(gpio_me14.o)
                0x100012b0                MXC_GPIO_DisableInt
 .text.MXC_GPIO_Handler
                0x100012b8        0x8 C:/MaximSDK/Libraries/PeriphDrivers/bin/MAX32665/softfp/libPeriphDriver_softfp.a(gpio_me14.o)
                0x100012b8                MXC_GPIO_Handler
 .text.MXC_GPIO_ClearFlags
                0x100012c0        0x8 C:/MaximSDK/Libraries/PeriphDrivers/bin/MAX32665/softfp/libPeriphDriver_softfp.a(gpio_me14.o)
                0x100012c0                MXC_GPIO_ClearFlags
 .text.MXC_GPIO_GetFlags
                0x100012c8        0x8 C:/MaximSDK/Libraries/PeriphDrivers/bin/MAX32665/softfp/libPeriphDriver_softfp.a(gpio_me14.o)
                0x100012c8                MXC_GPIO_GetFlags
 .text.MXC_GPIO_SetVSSEL
                0x100012d0        0x8 C:/MaximSDK/Libraries/PeriphDrivers/bin/MAX32665/softfp/libPeriphDriver_softfp.a(gpio_me14.o)
                0x100012d0                MXC_GPIO_SetVSSEL
 .text.MXC_GPIO_Config
                0x100012d8       0xd2 C:/MaximSDK/Libraries/PeriphDrivers/bin/MAX32665/softfp/libPeriphDriver_softfp.a(gpio_me14.o)
                0x100012d8                MXC_GPIO_Config
 .text.MXC_GPIO_RevA_InGet
                0x100013aa        0x6 C:/MaximSDK/Libraries/PeriphDrivers/bin/MAX32665/softfp/libPeriphDriver_softfp.a(gpio_reva.o)
                0x100013aa                MXC_GPIO_RevA_InGet
 .text.MXC_GPIO_RevA_OutSet
                0x100013b0        0x4 C:/MaximSDK/Libraries/PeriphDrivers/bin/MAX32665/softfp/libPeriphDriver_softfp.a(gpio_reva.o)
                0x100013b0                MXC_GPIO_RevA_OutSet
 .text.MXC_GPIO_RevA_OutClr
                0x100013b4        0x4 C:/MaximSDK/Libraries/PeriphDrivers/bin/MAX32665/softfp/libPeriphDriver_softfp.a(gpio_reva.o)
                0x100013b4                MXC_GPIO_RevA_OutClr
 .text.MXC_GPIO_RevA_IntConfig
                0x100013b8       0xaa C:/MaximSDK/Libraries/PeriphDrivers/bin/MAX32665/softfp/libPeriphDriver_softfp.a(gpio_reva.o)
                0x100013b8                MXC_GPIO_RevA_IntConfig
 .text.MXC_GPIO_RevA_EnableInt
                0x10001462        0x4 C:/MaximSDK/Libraries/PeriphDrivers/bin/MAX32665/softfp/libPeriphDriver_softfp.a(gpio_reva.o)
                0x10001462                MXC_GPIO_RevA_EnableInt
 .text.MXC_GPIO_RevA_DisableInt
                0x10001466        0x4 C:/MaximSDK/Libraries/PeriphDrivers/bin/MAX32665/softfp/libPeriphDriver_softfp.a(gpio_reva.o)
                0x10001466                MXC_GPIO_RevA_DisableInt
 .text.MXC_GPIO_RevA_ClearFlags
                0x1000146a        0x4 C:/MaximSDK/Libraries/PeriphDrivers/bin/MAX32665/softfp/libPeriphDriver_softfp.a(gpio_reva.o)
                0x1000146a                MXC_GPIO_RevA_ClearFlags
 .text.MXC_GPIO_RevA_GetFlags
                0x1000146e        0x4 C:/MaximSDK/Libraries/PeriphDrivers/bin/MAX32665/softfp/libPeriphDriver_softfp.a(gpio_reva.o)
                0x1000146e                MXC_GPIO_RevA_GetFlags
 .text.MXC_GPIO_RevA_SetVSSEL
                0x10001472       0x2a C:/MaximSDK/Libraries/PeriphDrivers/bin/MAX32665/softfp/libPeriphDriver_softfp.a(gpio_reva.o)
                0x10001472                MXC_GPIO_RevA_SetVSSEL
 .text.MXC_GPIO_RevA_SetAF
                0x1000149c       0x74 C:/MaximSDK/Libraries/PeriphDrivers/bin/MAX32665/softfp/libPeriphDriver_softfp.a(gpio_reva.o)
                0x1000149c                MXC_GPIO_RevA_SetAF
 .text.MXC_SPI_Init
                0x10001510      0x24c C:/MaximSDK/Libraries/PeriphDrivers/bin/MAX32665/softfp/libPeriphDriver_softfp.a(spi_me14.o)
                0x10001510                MXC_SPI_Init
 .text.MXC_SPI_GetPeripheralClock
                0x1000175c       0x78 C:/MaximSDK/Libraries/PeriphDrivers/bin/MAX32665/softfp/libPeriphDriver_softfp.a(spi_me14.o)
                0x1000175c                MXC_SPI_GetPeripheralClock
 .text.MXC_SPI_SetFrequency
                0x100017d4        0x8 C:/MaximSDK/Libraries/PeriphDrivers/bin/MAX32665/softfp/libPeriphDriver_softfp.a(spi_me14.o)
                0x100017d4                MXC_SPI_SetFrequency
 .text.MXC_SPI_SetDataSize
                0x100017dc        0x8 C:/MaximSDK/Libraries/PeriphDrivers/bin/MAX32665/softfp/libPeriphDriver_softfp.a(spi_me14.o)
                0x100017dc                MXC_SPI_SetDataSize
 .text.MXC_SPI_GetDataSize
                0x100017e4        0x8 C:/MaximSDK/Libraries/PeriphDrivers/bin/MAX32665/softfp/libPeriphDriver_softfp.a(spi_me14.o)
                0x100017e4                MXC_SPI_GetDataSize
 .text.MXC_SPI_SetSlave
                0x100017ec        0x8 C:/MaximSDK/Libraries/PeriphDrivers/bin/MAX32665/softfp/libPeriphDriver_softfp.a(spi_me14.o)
                0x100017ec                MXC_SPI_SetSlave
 .text.MXC_SPI_SetWidth
                0x100017f4        0x8 C:/MaximSDK/Libraries/PeriphDrivers/bin/MAX32665/softfp/libPeriphDriver_softfp.a(spi_me14.o)
                0x100017f4                MXC_SPI_SetWidth
 .text.MXC_SPI_GetWidth
                0x100017fc        0x8 C:/MaximSDK/Libraries/PeriphDrivers/bin/MAX32665/softfp/libPeriphDriver_softfp.a(spi_me14.o)
                0x100017fc                MXC_SPI_GetWidth
 .text.MXC_SPI_SetMode
                0x10001804        0x8 C:/MaximSDK/Libraries/PeriphDrivers/bin/MAX32665/softfp/libPeriphDriver_softfp.a(spi_me14.o)
                0x10001804                MXC_SPI_SetMode
 .text.MXC_SPI_StartTransmission
                0x1000180c        0x8 C:/MaximSDK/Libraries/PeriphDrivers/bin/MAX32665/softfp/libPeriphDriver_softfp.a(spi_me14.o)
                0x1000180c                MXC_SPI_StartTransmission
 .text.MXC_SPI_GetActive
                0x10001814        0x8 C:/MaximSDK/Libraries/PeriphDrivers/bin/MAX32665/softfp/libPeriphDriver_softfp.a(spi_me14.o)
                0x10001814                MXC_SPI_GetActive
 .text.MXC_SPI_ReadRXFIFO
                0x1000181c        0x8 C:/MaximSDK/Libraries/PeriphDrivers/bin/MAX32665/softfp/libPeriphDriver_softfp.a(spi_me14.o)
                0x1000181c                MXC_SPI_ReadRXFIFO
 .text.MXC_SPI_GetRXFIFOAvailable
                0x10001824        0x8 C:/MaximSDK/Libraries/PeriphDrivers/bin/MAX32665/softfp/libPeriphDriver_softfp.a(spi_me14.o)
                0x10001824                MXC_SPI_GetRXFIFOAvailable
 .text.MXC_SPI_WriteTXFIFO
                0x1000182c        0x8 C:/MaximSDK/Libraries/PeriphDrivers/bin/MAX32665/softfp/libPeriphDriver_softfp.a(spi_me14.o)
                0x1000182c                MXC_SPI_WriteTXFIFO
 .text.MXC_SPI_GetTXFIFOAvailable
                0x10001834        0x8 C:/MaximSDK/Libraries/PeriphDrivers/bin/MAX32665/softfp/libPeriphDriver_softfp.a(spi_me14.o)
                0x10001834                MXC_SPI_GetTXFIFOAvailable
 .text.MXC_SPI_SetRXThreshold
                0x1000183c        0x8 C:/MaximSDK/Libraries/PeriphDrivers/bin/MAX32665/softfp/libPeriphDriver_softfp.a(spi_me14.o)
                0x1000183c                MXC_SPI_SetRXThreshold
 .text.MXC_SPI_SetTXThreshold
                0x10001844        0x8 C:/MaximSDK/Libraries/PeriphDrivers/bin/MAX32665/softfp/libPeriphDriver_softfp.a(spi_me14.o)
                0x10001844                MXC_SPI_SetTXThreshold
 .text.MXC_SPI_MasterTransaction
                0x1000184c        0x8 C:/MaximSDK/Libraries/PeriphDrivers/bin/MAX32665/softfp/libPeriphDriver_softfp.a(spi_me14.o)
                0x1000184c                MXC_SPI_MasterTransaction
 .text.MXC_SPI_RevA1_TransSetup
                0x10001854      0x1d0 C:/MaximSDK/Libraries/PeriphDrivers/bin/MAX32665/softfp/libPeriphDriver_softfp.a(spi_reva1.o)
 .text.MXC_SPI_RevA1_TransHandler
                0x10001a24      0x198 C:/MaximSDK/Libraries/PeriphDrivers/bin/MAX32665/softfp/libPeriphDriver_softfp.a(spi_reva1.o)
 .text.MXC_SPI_RevA1_MasterTransHandler
                0x10001bbc       0xa4 C:/MaximSDK/Libraries/PeriphDrivers/bin/MAX32665/softfp/libPeriphDriver_softfp.a(spi_reva1.o)
 .text.MXC_SPI_RevA1_Init
                0x10001c60      0x110 C:/MaximSDK/Libraries/PeriphDrivers/bin/MAX32665/softfp/libPeriphDriver_softfp.a(spi_reva1.o)
                0x10001c60                MXC_SPI_RevA1_Init
 .text.MXC_SPI_RevA1_SetFrequency
                0x10001d70       0x84 C:/MaximSDK/Libraries/PeriphDrivers/bin/MAX32665/softfp/libPeriphDriver_softfp.a(spi_reva1.o)
                0x10001d70                MXC_SPI_RevA1_SetFrequency
 .text.MXC_SPI_RevA1_SetDataSize
                0x10001df4       0xa8 C:/MaximSDK/Libraries/PeriphDrivers/bin/MAX32665/softfp/libPeriphDriver_softfp.a(spi_reva1.o)
                0x10001df4                MXC_SPI_RevA1_SetDataSize
 .text.MXC_SPI_RevA1_GetDataSize
                0x10001e9c       0x14 C:/MaximSDK/Libraries/PeriphDrivers/bin/MAX32665/softfp/libPeriphDriver_softfp.a(spi_reva1.o)
                0x10001e9c                MXC_SPI_RevA1_GetDataSize
 .text.MXC_SPI_RevA1_SetSlave
                0x10001eb0       0x80 C:/MaximSDK/Libraries/PeriphDrivers/bin/MAX32665/softfp/libPeriphDriver_softfp.a(spi_reva1.o)
                0x10001eb0                MXC_SPI_RevA1_SetSlave
 .text.MXC_SPI_RevA1_SetWidth
                0x10001f30       0x3a C:/MaximSDK/Libraries/PeriphDrivers/bin/MAX32665/softfp/libPeriphDriver_softfp.a(spi_reva1.o)
                0x10001f30                MXC_SPI_RevA1_SetWidth
 .text.MXC_SPI_RevA1_GetWidth
                0x10001f6a       0x28 C:/MaximSDK/Libraries/PeriphDrivers/bin/MAX32665/softfp/libPeriphDriver_softfp.a(spi_reva1.o)
                0x10001f6a                MXC_SPI_RevA1_GetWidth
 .text.MXC_SPI_RevA1_SetMode
                0x10001f92       0x56 C:/MaximSDK/Libraries/PeriphDrivers/bin/MAX32665/softfp/libPeriphDriver_softfp.a(spi_reva1.o)
                0x10001f92                MXC_SPI_RevA1_SetMode
 .text.MXC_SPI_RevA1_StartTransmission
                0x10001fe8       0x1a C:/MaximSDK/Libraries/PeriphDrivers/bin/MAX32665/softfp/libPeriphDriver_softfp.a(spi_reva1.o)
                0x10001fe8                MXC_SPI_RevA1_StartTransmission
 .text.MXC_SPI_RevA1_GetActive
                0x10002002       0x12 C:/MaximSDK/Libraries/PeriphDrivers/bin/MAX32665/softfp/libPeriphDriver_softfp.a(spi_reva1.o)
                0x10002002                MXC_SPI_RevA1_GetActive
 .text.MXC_SPI_RevA1_ReadRXFIFO
                0x10002014       0x64 C:/MaximSDK/Libraries/PeriphDrivers/bin/MAX32665/softfp/libPeriphDriver_softfp.a(spi_reva1.o)
                0x10002014                MXC_SPI_RevA1_ReadRXFIFO
 .text.MXC_SPI_RevA1_GetRXFIFOAvailable
                0x10002078        0x8 C:/MaximSDK/Libraries/PeriphDrivers/bin/MAX32665/softfp/libPeriphDriver_softfp.a(spi_reva1.o)
                0x10002078                MXC_SPI_RevA1_GetRXFIFOAvailable
 .text.MXC_SPI_RevA1_WriteTXFIFO
                0x10002080       0x60 C:/MaximSDK/Libraries/PeriphDrivers/bin/MAX32665/softfp/libPeriphDriver_softfp.a(spi_reva1.o)
                0x10002080                MXC_SPI_RevA1_WriteTXFIFO
 .text.MXC_SPI_RevA1_GetTXFIFOAvailable
                0x100020e0        0xc C:/MaximSDK/Libraries/PeriphDrivers/bin/MAX32665/softfp/libPeriphDriver_softfp.a(spi_reva1.o)
                0x100020e0                MXC_SPI_RevA1_GetTXFIFOAvailable
 .text.MXC_SPI_RevA1_SetRXThreshold
                0x100020ec       0x1e C:/MaximSDK/Libraries/PeriphDrivers/bin/MAX32665/softfp/libPeriphDriver_softfp.a(spi_reva1.o)
                0x100020ec                MXC_SPI_RevA1_SetRXThreshold
 .text.MXC_SPI_RevA1_SetTXThreshold
                0x1000210a       0x1e C:/MaximSDK/Libraries/PeriphDrivers/bin/MAX32665/softfp/libPeriphDriver_softfp.a(spi_reva1.o)
                0x1000210a                MXC_SPI_RevA1_SetTXThreshold
 .text.MXC_SPI_RevA1_MasterTransaction
                0x10002128       0x68 C:/MaximSDK/Libraries/PeriphDrivers/bin/MAX32665/softfp/libPeriphDriver_softfp.a(spi_reva1.o)
                0x10002128                MXC_SPI_RevA1_MasterTransaction
 .text.MXC_SPIXF_Init
                0x10002190       0x38 C:/MaximSDK/Libraries/PeriphDrivers/bin/MAX32665/softfp/libPeriphDriver_softfp.a(spixf_me14.o)
                0x10002190                MXC_SPIXF_Init
 .text.MXC_SPIXF_Clocks
                0x100021c8       0x24 C:/MaximSDK/Libraries/PeriphDrivers/bin/MAX32665/softfp/libPeriphDriver_softfp.a(spixf_me14.o)
                0x100021c8                MXC_SPIXF_Clocks
 .text.MXC_SPIXF_Transaction
                0x100021ec       0x18 C:/MaximSDK/Libraries/PeriphDrivers/bin/MAX32665/softfp/libPeriphDriver_softfp.a(spixf_me14.o)
                0x100021ec                MXC_SPIXF_Transaction
 .text.MXC_SPIXF_Enable
                0x10002204       0x10 C:/MaximSDK/Libraries/PeriphDrivers/bin/MAX32665/softfp/libPeriphDriver_softfp.a(spixf_me14.o)
                0x10002204                MXC_SPIXF_Enable
 .text.SPIXFC_ReadRXFIFO
                0x10002214       0x22 C:/MaximSDK/Libraries/PeriphDrivers/bin/MAX32665/softfp/libPeriphDriver_softfp.a(spixf_reva.o)
 .text.MXC_SPIXF_RevA_SetMode
                0x10002236       0x24 C:/MaximSDK/Libraries/PeriphDrivers/bin/MAX32665/softfp/libPeriphDriver_softfp.a(spixf_reva.o)
                0x10002236                MXC_SPIXF_RevA_SetMode
 .text.MXC_SPIXF_RevA_SetSSPolActiveLow
                0x1000225a       0x14 C:/MaximSDK/Libraries/PeriphDrivers/bin/MAX32665/softfp/libPeriphDriver_softfp.a(spixf_reva.o)
                0x1000225a                MXC_SPIXF_RevA_SetSSPolActiveLow
 *fill*         0x1000226e        0x2 
 .text.MXC_SPIXF_RevA_GetSPIFrequency
                0x10002270       0x20 C:/MaximSDK/Libraries/PeriphDrivers/bin/MAX32665/softfp/libPeriphDriver_softfp.a(spixf_reva.o)
                0x10002270                MXC_SPIXF_RevA_GetSPIFrequency
 .text.MXC_SPIXF_RevA_GetSPIFrequencyWrite
                0x10002290       0x20 C:/MaximSDK/Libraries/PeriphDrivers/bin/MAX32665/softfp/libPeriphDriver_softfp.a(spixf_reva.o)
                0x10002290                MXC_SPIXF_RevA_GetSPIFrequencyWrite
 .text.MXC_SPIXF_RevA_SetSPIFrequency
                0x100022b0      0x100 C:/MaximSDK/Libraries/PeriphDrivers/bin/MAX32665/softfp/libPeriphDriver_softfp.a(spixf_reva.o)
                0x100022b0                MXC_SPIXF_RevA_SetSPIFrequency
 .text.MXC_SPIXF_RevA_SetSSActiveTime
                0x100023b0       0x1e C:/MaximSDK/Libraries/PeriphDrivers/bin/MAX32665/softfp/libPeriphDriver_softfp.a(spixf_reva.o)
                0x100023b0                MXC_SPIXF_RevA_SetSSActiveTime
 .text.MXC_SPIXF_RevA_SetSSInactiveTime
                0x100023ce       0x1e C:/MaximSDK/Libraries/PeriphDrivers/bin/MAX32665/softfp/libPeriphDriver_softfp.a(spixf_reva.o)
                0x100023ce                MXC_SPIXF_RevA_SetSSInactiveTime
 .text.MXC_SPIXF_RevA_SetCmdWidth
                0x100023ec       0x34 C:/MaximSDK/Libraries/PeriphDrivers/bin/MAX32665/softfp/libPeriphDriver_softfp.a(spixf_reva.o)
                0x100023ec                MXC_SPIXF_RevA_SetCmdWidth
 .text.MXC_SPIXF_RevA_SetAddrWidth
                0x10002420       0x34 C:/MaximSDK/Libraries/PeriphDrivers/bin/MAX32665/softfp/libPeriphDriver_softfp.a(spixf_reva.o)
                0x10002420                MXC_SPIXF_RevA_SetAddrWidth
 .text.MXC_SPIXF_RevA_SetDataWidth
                0x10002454       0x34 C:/MaximSDK/Libraries/PeriphDrivers/bin/MAX32665/softfp/libPeriphDriver_softfp.a(spixf_reva.o)
                0x10002454                MXC_SPIXF_RevA_SetDataWidth
 .text.MXC_SPIXF_RevA_Set3ByteAddr
                0x10002488        0xc C:/MaximSDK/Libraries/PeriphDrivers/bin/MAX32665/softfp/libPeriphDriver_softfp.a(spixf_reva.o)
                0x10002488                MXC_SPIXF_RevA_Set3ByteAddr
 .text.MXC_SPIXF_RevA_SCKFeedbackEnable
                0x10002494       0x14 C:/MaximSDK/Libraries/PeriphDrivers/bin/MAX32665/softfp/libPeriphDriver_softfp.a(spixf_reva.o)
                0x10002494                MXC_SPIXF_RevA_SCKFeedbackEnable
 .text.MXC_SPIXF_RevA_SCKFeedbackDisable
                0x100024a8       0x14 C:/MaximSDK/Libraries/PeriphDrivers/bin/MAX32665/softfp/libPeriphDriver_softfp.a(spixf_reva.o)
                0x100024a8                MXC_SPIXF_RevA_SCKFeedbackDisable
 .text.MXC_SPIXF_RevA_SetCmdValue
                0x100024bc        0xe C:/MaximSDK/Libraries/PeriphDrivers/bin/MAX32665/softfp/libPeriphDriver_softfp.a(spixf_reva.o)
                0x100024bc                MXC_SPIXF_RevA_SetCmdValue
 .text.MXC_SPIXF_RevA_SetPageSize
                0x100024ca       0x10 C:/MaximSDK/Libraries/PeriphDrivers/bin/MAX32665/softfp/libPeriphDriver_softfp.a(spixf_reva.o)
                0x100024ca                MXC_SPIXF_RevA_SetPageSize
 .text.MXC_SPIXF_RevA_RXFIFOEnable
                0x100024da        0xc C:/MaximSDK/Libraries/PeriphDrivers/bin/MAX32665/softfp/libPeriphDriver_softfp.a(spixf_reva.o)
                0x100024da                MXC_SPIXF_RevA_RXFIFOEnable
 .text.MXC_SPIXF_RevA_TXFIFOEnable
                0x100024e6        0xc C:/MaximSDK/Libraries/PeriphDrivers/bin/MAX32665/softfp/libPeriphDriver_softfp.a(spixf_reva.o)
                0x100024e6                MXC_SPIXF_RevA_TXFIFOEnable
 *fill*         0x100024f2        0x2 
 .text.MXC_SPIXF_RevA_Init
                0x100024f4       0x90 C:/MaximSDK/Libraries/PeriphDrivers/bin/MAX32665/softfp/libPeriphDriver_softfp.a(spixf_reva.o)
                0x100024f4                MXC_SPIXF_RevA_Init
 .text.MXC_SPIXF_RevA_Enable
                0x10002584        0xc C:/MaximSDK/Libraries/PeriphDrivers/bin/MAX32665/softfp/libPeriphDriver_softfp.a(spixf_reva.o)
                0x10002584                MXC_SPIXF_RevA_Enable
 .text.MXC_SPIXF_RevA_IsEnabled
                0x10002590        0x8 C:/MaximSDK/Libraries/PeriphDrivers/bin/MAX32665/softfp/libPeriphDriver_softfp.a(spixf_reva.o)
                0x10002590                MXC_SPIXF_RevA_IsEnabled
 .text.MXC_SPIXF_RevA_Clocks
                0x10002598       0xb4 C:/MaximSDK/Libraries/PeriphDrivers/bin/MAX32665/softfp/libPeriphDriver_softfp.a(spixf_reva.o)
                0x10002598                MXC_SPIXF_RevA_Clocks
 .text.MXC_SPIXF_RevA_Transaction
                0x1000264c      0x1f4 C:/MaximSDK/Libraries/PeriphDrivers/bin/MAX32665/softfp/libPeriphDriver_softfp.a(spixf_reva.o)
                0x1000264c                MXC_SPIXF_RevA_Transaction
 .text.MXC_UART_Shutdown
                0x10002840       0x50 C:/MaximSDK/Libraries/PeriphDrivers/bin/MAX32665/softfp/libPeriphDriver_softfp.a(uart_me14.o)
                0x10002840                MXC_UART_Shutdown
 .text.MXC_UART_Init
                0x10002890       0x98 C:/MaximSDK/Libraries/PeriphDrivers/bin/MAX32665/softfp/libPeriphDriver_softfp.a(uart_me14.o)
                0x10002890                MXC_UART_Init
 .text.MXC_UART_SetFrequency
                0x10002928        0x8 C:/MaximSDK/Libraries/PeriphDrivers/bin/MAX32665/softfp/libPeriphDriver_softfp.a(uart_me14.o)
                0x10002928                MXC_UART_SetFrequency
 .text.MXC_UART_GetFrequency
                0x10002930        0x8 C:/MaximSDK/Libraries/PeriphDrivers/bin/MAX32665/softfp/libPeriphDriver_softfp.a(uart_me14.o)
                0x10002930                MXC_UART_GetFrequency
 .text.MXC_UART_SetDataSize
                0x10002938        0x8 C:/MaximSDK/Libraries/PeriphDrivers/bin/MAX32665/softfp/libPeriphDriver_softfp.a(uart_me14.o)
                0x10002938                MXC_UART_SetDataSize
 .text.MXC_UART_SetStopBits
                0x10002940        0x8 C:/MaximSDK/Libraries/PeriphDrivers/bin/MAX32665/softfp/libPeriphDriver_softfp.a(uart_me14.o)
                0x10002940                MXC_UART_SetStopBits
 .text.MXC_UART_SetParity
                0x10002948        0x8 C:/MaximSDK/Libraries/PeriphDrivers/bin/MAX32665/softfp/libPeriphDriver_softfp.a(uart_me14.o)
                0x10002948                MXC_UART_SetParity
 .text.MXC_UART_ReadCharacterRaw
                0x10002950        0x8 C:/MaximSDK/Libraries/PeriphDrivers/bin/MAX32665/softfp/libPeriphDriver_softfp.a(uart_me14.o)
                0x10002950                MXC_UART_ReadCharacterRaw
 .text.MXC_UART_WriteCharacterRaw
                0x10002958        0x8 C:/MaximSDK/Libraries/PeriphDrivers/bin/MAX32665/softfp/libPeriphDriver_softfp.a(uart_me14.o)
                0x10002958                MXC_UART_WriteCharacterRaw
 .text.MXC_UART_ReadCharacter
                0x10002960        0x8 C:/MaximSDK/Libraries/PeriphDrivers/bin/MAX32665/softfp/libPeriphDriver_softfp.a(uart_me14.o)
                0x10002960                MXC_UART_ReadCharacter
 .text.MXC_UART_WriteCharacter
                0x10002968        0x8 C:/MaximSDK/Libraries/PeriphDrivers/bin/MAX32665/softfp/libPeriphDriver_softfp.a(uart_me14.o)
                0x10002968                MXC_UART_WriteCharacter
 .text.MXC_UART_GetRXFIFOAvailable
                0x10002970        0x8 C:/MaximSDK/Libraries/PeriphDrivers/bin/MAX32665/softfp/libPeriphDriver_softfp.a(uart_me14.o)
                0x10002970                MXC_UART_GetRXFIFOAvailable
 .text.MXC_UART_GetTXFIFOAvailable
                0x10002978        0x8 C:/MaximSDK/Libraries/PeriphDrivers/bin/MAX32665/softfp/libPeriphDriver_softfp.a(uart_me14.o)
                0x10002978                MXC_UART_GetTXFIFOAvailable
 .text.MXC_UART_SetRXThreshold
                0x10002980        0x8 C:/MaximSDK/Libraries/PeriphDrivers/bin/MAX32665/softfp/libPeriphDriver_softfp.a(uart_me14.o)
                0x10002980                MXC_UART_SetRXThreshold
 .text.MXC_UART_SetTXThreshold
                0x10002988        0x8 C:/MaximSDK/Libraries/PeriphDrivers/bin/MAX32665/softfp/libPeriphDriver_softfp.a(uart_me14.o)
                0x10002988                MXC_UART_SetTXThreshold
 .text.MXC_UART_RevA_Init
                0x10002990       0xd4 C:/MaximSDK/Libraries/PeriphDrivers/bin/MAX32665/softfp/libPeriphDriver_softfp.a(uart_reva.o)
                0x10002990                MXC_UART_RevA_Init
 .text.MXC_UART_RevA_SetFrequency
                0x10002a64      0x108 C:/MaximSDK/Libraries/PeriphDrivers/bin/MAX32665/softfp/libPeriphDriver_softfp.a(uart_reva.o)
                0x10002a64                MXC_UART_RevA_SetFrequency
 .text.MXC_UART_RevA_GetFrequency
                0x10002b6c       0xb4 C:/MaximSDK/Libraries/PeriphDrivers/bin/MAX32665/softfp/libPeriphDriver_softfp.a(uart_reva.o)
                0x10002b6c                MXC_UART_RevA_GetFrequency
 .text.MXC_UART_RevA_SetDataSize
                0x10002c20       0x20 C:/MaximSDK/Libraries/PeriphDrivers/bin/MAX32665/softfp/libPeriphDriver_softfp.a(uart_reva.o)
                0x10002c20                MXC_UART_RevA_SetDataSize
 .text.MXC_UART_RevA_SetStopBits
                0x10002c40       0x24 C:/MaximSDK/Libraries/PeriphDrivers/bin/MAX32665/softfp/libPeriphDriver_softfp.a(uart_reva.o)
                0x10002c40                MXC_UART_RevA_SetStopBits
 .text.MXC_UART_RevA_SetParity
                0x10002c64      0x11a C:/MaximSDK/Libraries/PeriphDrivers/bin/MAX32665/softfp/libPeriphDriver_softfp.a(uart_reva.o)
                0x10002c64                MXC_UART_RevA_SetParity
 .text.MXC_UART_RevA_ReadCharacterRaw
                0x10002d7e       0x12 C:/MaximSDK/Libraries/PeriphDrivers/bin/MAX32665/softfp/libPeriphDriver_softfp.a(uart_reva.o)
                0x10002d7e                MXC_UART_RevA_ReadCharacterRaw
 .text.MXC_UART_RevA_WriteCharacterRaw
                0x10002d90       0x14 C:/MaximSDK/Libraries/PeriphDrivers/bin/MAX32665/softfp/libPeriphDriver_softfp.a(uart_reva.o)
                0x10002d90                MXC_UART_RevA_WriteCharacterRaw
 .text.MXC_UART_RevA_GetRXFIFOAvailable
                0x10002da4        0x8 C:/MaximSDK/Libraries/PeriphDrivers/bin/MAX32665/softfp/libPeriphDriver_softfp.a(uart_reva.o)
                0x10002da4                MXC_UART_RevA_GetRXFIFOAvailable
 .text.MXC_UART_RevA_GetTXFIFOAvailable
                0x10002dac        0xc C:/MaximSDK/Libraries/PeriphDrivers/bin/MAX32665/softfp/libPeriphDriver_softfp.a(uart_reva.o)
                0x10002dac                MXC_UART_RevA_GetTXFIFOAvailable
 .text.MXC_UART_RevA_SetRXThreshold
                0x10002db8       0x1e C:/MaximSDK/Libraries/PeriphDrivers/bin/MAX32665/softfp/libPeriphDriver_softfp.a(uart_reva.o)
                0x10002db8                MXC_UART_RevA_SetRXThreshold
 .text.MXC_UART_RevA_SetTXThreshold
                0x10002dd6       0x20 C:/MaximSDK/Libraries/PeriphDrivers/bin/MAX32665/softfp/libPeriphDriver_softfp.a(uart_reva.o)
                0x10002dd6                MXC_UART_RevA_SetTXThreshold
 .text.MXC_GetLock
                0x10002df6       0x1c C:/MaximSDK/Libraries/PeriphDrivers/bin/MAX32665/softfp/libPeriphDriver_softfp.a(mxc_lock.o)
                0x10002df6                MXC_GetLock
 .text.MXC_FreeLock
                0x10002e12        0xa C:/MaximSDK/Libraries/PeriphDrivers/bin/MAX32665/softfp/libPeriphDriver_softfp.a(mxc_lock.o)
                0x10002e12                MXC_FreeLock
 .text.MXC_GPIO_Common_Handler
                0x10002e1c       0x78 C:/MaximSDK/Libraries/PeriphDrivers/bin/MAX32665/softfp/libPeriphDriver_softfp.a(gpio_common.o)
                0x10002e1c                MXC_GPIO_Common_Handler
 .text.MXC_UART_Common_ReadCharacter
                0x10002e94       0x16 C:/MaximSDK/Libraries/PeriphDrivers/bin/MAX32665/softfp/libPeriphDriver_softfp.a(uart_common.o)
                0x10002e94                MXC_UART_Common_ReadCharacter
 .text.MXC_UART_Common_WriteCharacter
                0x10002eaa       0x1a C:/MaximSDK/Libraries/PeriphDrivers/bin/MAX32665/softfp/libPeriphDriver_softfp.a(uart_common.o)
                0x10002eaa                MXC_UART_Common_WriteCharacter
 .text.MXC_SYS_Crit_Enter
                0x10002ec4       0x20 c:/Users/Vkarra/Documents/GitHub/Swift_DSS/SWIFTV2_DSS/SwiftV2_DSS_48KHz_384KHz/build/MAXUSB/maxusb.a(usb.o)
 .text.load_fifo
                0x10002ee4       0x28 c:/Users/Vkarra/Documents/GitHub/Swift_DSS/SWIFTV2_DSS/SwiftV2_DSS_48KHz_384KHz/build/MAXUSB/maxusb.a(usb.o)
 .text.unload_fifo
                0x10002f0c       0x28 c:/Users/Vkarra/Documents/GitHub/Swift_DSS/SWIFTV2_DSS/SwiftV2_DSS_48KHz_384KHz/build/MAXUSB/maxusb.a(usb.o)
 .text.MXC_SYS_Crit_Exit
                0x10002f34       0x20 c:/Users/Vkarra/Documents/GitHub/Swift_DSS/SWIFTV2_DSS/SwiftV2_DSS_48KHz_384KHz/build/MAXUSB/maxusb.a(usb.o)
 .text.MXC_USB_Connect
                0x10002f54       0x34 c:/Users/Vkarra/Documents/GitHub/Swift_DSS/SWIFTV2_DSS/SwiftV2_DSS_48KHz_384KHz/build/MAXUSB/maxusb.a(usb.o)
                0x10002f54                MXC_USB_Connect
 .text.MXC_USB_Disconnect
                0x10002f88       0x1c c:/Users/Vkarra/Documents/GitHub/Swift_DSS/SWIFTV2_DSS/SwiftV2_DSS_48KHz_384KHz/build/MAXUSB/maxusb.a(usb.o)
                0x10002f88                MXC_USB_Disconnect
 .text.MXC_USB_Stall
                0x10002fa4       0x78 c:/Users/Vkarra/Documents/GitHub/Swift_DSS/SWIFTV2_DSS/SwiftV2_DSS_48KHz_384KHz/build/MAXUSB/maxusb.a(usb.o)
                0x10002fa4                MXC_USB_Stall
 .text.MXC_USB_Unstall
                0x1000301c       0x4c c:/Users/Vkarra/Documents/GitHub/Swift_DSS/SWIFTV2_DSS/SwiftV2_DSS_48KHz_384KHz/build/MAXUSB/maxusb.a(usb.o)
                0x1000301c                MXC_USB_Unstall
 .text.MXC_USB_IsStalled
                0x10003068       0x28 c:/Users/Vkarra/Documents/GitHub/Swift_DSS/SWIFTV2_DSS/SwiftV2_DSS_48KHz_384KHz/build/MAXUSB/maxusb.a(usb.o)
                0x10003068                MXC_USB_IsStalled
 .text.MXC_USB_ResetEp
                0x10003090       0xa4 c:/Users/Vkarra/Documents/GitHub/Swift_DSS/SWIFTV2_DSS/SwiftV2_DSS_48KHz_384KHz/build/MAXUSB/maxusb.a(usb.o)
                0x10003090                MXC_USB_ResetEp
 .text.MXC_USB_Init
                0x10003134       0xa4 c:/Users/Vkarra/Documents/GitHub/Swift_DSS/SWIFTV2_DSS/SwiftV2_DSS_48KHz_384KHz/build/MAXUSB/maxusb.a(usb.o)
                0x10003134                MXC_USB_Init
 .text.MXC_USB_ConfigEp
                0x100031d8       0x8c c:/Users/Vkarra/Documents/GitHub/Swift_DSS/SWIFTV2_DSS/SwiftV2_DSS_48KHz_384KHz/build/MAXUSB/maxusb.a(usb.o)
                0x100031d8                MXC_USB_ConfigEp
 .text.MXC_USB_Ackstat
                0x10003264       0x3c c:/Users/Vkarra/Documents/GitHub/Swift_DSS/SWIFTV2_DSS/SwiftV2_DSS_48KHz_384KHz/build/MAXUSB/maxusb.a(usb.o)
                0x10003264                MXC_USB_Ackstat
 .text.MXC_USB_IrqHandler
                0x100032a0      0x274 c:/Users/Vkarra/Documents/GitHub/Swift_DSS/SWIFTV2_DSS/SwiftV2_DSS_48KHz_384KHz/build/MAXUSB/maxusb.a(usb.o)
                0x100032a0                MXC_USB_IrqHandler
 .text.MXC_USB_IrqEnable
                0x10003514       0x78 c:/Users/Vkarra/Documents/GitHub/Swift_DSS/SWIFTV2_DSS/SwiftV2_DSS_48KHz_384KHz/build/MAXUSB/maxusb.a(usb.o)
                0x10003514                MXC_USB_IrqEnable
 .text.MXC_USB_IrqDisable
                0x1000358c       0x78 c:/Users/Vkarra/Documents/GitHub/Swift_DSS/SWIFTV2_DSS/SwiftV2_DSS_48KHz_384KHz/build/MAXUSB/maxusb.a(usb.o)
                0x1000358c                MXC_USB_IrqDisable
 .text.MXC_USB_IrqClear
                0x10003604        0x4 c:/Users/Vkarra/Documents/GitHub/Swift_DSS/SWIFTV2_DSS/SwiftV2_DSS_48KHz_384KHz/build/MAXUSB/maxusb.a(usb.o)
                0x10003604                MXC_USB_IrqClear
 .text.MXC_USB_GetSetup
                0x10003608       0x88 c:/Users/Vkarra/Documents/GitHub/Swift_DSS/SWIFTV2_DSS/SwiftV2_DSS_48KHz_384KHz/build/MAXUSB/maxusb.a(usb.o)
                0x10003608                MXC_USB_GetSetup
 .text.MXC_USB_SetFuncAddr
                0x10003690       0x18 c:/Users/Vkarra/Documents/GitHub/Swift_DSS/SWIFTV2_DSS/SwiftV2_DSS_48KHz_384KHz/build/MAXUSB/maxusb.a(usb.o)
                0x10003690                MXC_USB_SetFuncAddr
 .text.MXC_USB_RemoveRequest
                0x100036a8       0x38 c:/Users/Vkarra/Documents/GitHub/Swift_DSS/SWIFTV2_DSS/SwiftV2_DSS_48KHz_384KHz/build/MAXUSB/maxusb.a(usb.o)
                0x100036a8                MXC_USB_RemoveRequest
 .text.MXC_USB_WriteEndpoint
                0x100036e0       0x94 c:/Users/Vkarra/Documents/GitHub/Swift_DSS/SWIFTV2_DSS/SwiftV2_DSS_48KHz_384KHz/build/MAXUSB/maxusb.a(usb.o)
                0x100036e0                MXC_USB_WriteEndpoint
 .text.MXC_USB_ReadEndpoint
                0x10003774       0xc4 c:/Users/Vkarra/Documents/GitHub/Swift_DSS/SWIFTV2_DSS/SwiftV2_DSS_48KHz_384KHz/build/MAXUSB/maxusb.a(usb.o)
                0x10003774                MXC_USB_ReadEndpoint
 .text.MXC_USB_EventEnable
                0x10003838       0x2c c:/Users/Vkarra/Documents/GitHub/Swift_DSS/SWIFTV2_DSS/SwiftV2_DSS_48KHz_384KHz/build/MAXUSB/maxusb.a(usb_event.o)
                0x10003838                MXC_USB_EventEnable
 .text.MXC_USB_EventDisable
                0x10003864       0x28 c:/Users/Vkarra/Documents/GitHub/Swift_DSS/SWIFTV2_DSS/SwiftV2_DSS_48KHz_384KHz/build/MAXUSB/maxusb.a(usb_event.o)
                0x10003864                MXC_USB_EventDisable
 .text.MXC_USB_EventClear
                0x1000388c        0xe c:/Users/Vkarra/Documents/GitHub/Swift_DSS/SWIFTV2_DSS/SwiftV2_DSS_48KHz_384KHz/build/MAXUSB/maxusb.a(usb_event.o)
                0x1000388c                MXC_USB_EventClear
 *fill*         0x1000389a        0x2 
 .text.MXC_USB_EventHandler
                0x1000389c       0xbc c:/Users/Vkarra/Documents/GitHub/Swift_DSS/SWIFTV2_DSS/SwiftV2_DSS_48KHz_384KHz/build/MAXUSB/maxusb.a(usb_event.o)
                0x1000389c                MXC_USB_EventHandler
 .text.status_stage_callback
                0x10003958       0x22 c:/Users/Vkarra/Documents/GitHub/Swift_DSS/SWIFTV2_DSS/SwiftV2_DSS_48KHz_384KHz/build/MAXUSB/maxusb.a(enumerate.o)
 *fill*         0x1000397a        0x2 
 .text.setup    0x1000397c      0x3e8 c:/Users/Vkarra/Documents/GitHub/Swift_DSS/SWIFTV2_DSS/SwiftV2_DSS_48KHz_384KHz/build/MAXUSB/maxusb.a(enumerate.o)
 .text.enum_init
                0x10003d64       0x38 c:/Users/Vkarra/Documents/GitHub/Swift_DSS/SWIFTV2_DSS/SwiftV2_DSS_48KHz_384KHz/build/MAXUSB/maxusb.a(enumerate.o)
                0x10003d64                enum_init
 .text.enum_register_callback
                0x10003d9c       0x20 c:/Users/Vkarra/Documents/GitHub/Swift_DSS/SWIFTV2_DSS/SwiftV2_DSS_48KHz_384KHz/build/MAXUSB/maxusb.a(enumerate.o)
                0x10003d9c                enum_register_callback
 .text.enum_query_callback
                0x10003dbc       0x28 c:/Users/Vkarra/Documents/GitHub/Swift_DSS/SWIFTV2_DSS/SwiftV2_DSS_48KHz_384KHz/build/MAXUSB/maxusb.a(enumerate.o)
                0x10003dbc                enum_query_callback
 .text.enum_register_descriptor
                0x10003de4       0x40 c:/Users/Vkarra/Documents/GitHub/Swift_DSS/SWIFTV2_DSS/SwiftV2_DSS_48KHz_384KHz/build/MAXUSB/maxusb.a(enumerate.o)
                0x10003de4                enum_register_descriptor
 .text.enum_clearconfig
                0x10003e24        0xc c:/Users/Vkarra/Documents/GitHub/Swift_DSS/SWIFTV2_DSS/SwiftV2_DSS_48KHz_384KHz/build/MAXUSB/maxusb.a(enumerate.o)
                0x10003e24                enum_clearconfig
 .text.get_line_coding_callback
                0x10003e30        0xe c:/Users/Vkarra/Documents/GitHub/Swift_DSS/SWIFTV2_DSS/SwiftV2_DSS_48KHz_384KHz/build/MAXUSB/maxusb.a(cdc_acm.o)
 *fill*         0x10003e3e        0x2 
 .text.class_req
                0x10003e40      0x104 c:/Users/Vkarra/Documents/GitHub/Swift_DSS/SWIFTV2_DSS/SwiftV2_DSS_48KHz_384KHz/build/MAXUSB/maxusb.a(cdc_acm.o)
 .text.set_line_coding_callback
                0x10003f44       0x2c c:/Users/Vkarra/Documents/GitHub/Swift_DSS/SWIFTV2_DSS/SwiftV2_DSS_48KHz_384KHz/build/MAXUSB/maxusb.a(cdc_acm.o)
 .text.svc_out_from_host
                0x10003f70       0x8c c:/Users/Vkarra/Documents/GitHub/Swift_DSS/SWIFTV2_DSS/SwiftV2_DSS_48KHz_384KHz/build/MAXUSB/maxusb.a(cdc_acm.o)
 .text.out_callback
                0x10003ffc       0x10 c:/Users/Vkarra/Documents/GitHub/Swift_DSS/SWIFTV2_DSS/SwiftV2_DSS_48KHz_384KHz/build/MAXUSB/maxusb.a(cdc_acm.o)
 .text.svc_in_to_host
                0x1000400c       0x68 c:/Users/Vkarra/Documents/GitHub/Swift_DSS/SWIFTV2_DSS/SwiftV2_DSS_48KHz_384KHz/build/MAXUSB/maxusb.a(cdc_acm.o)
 .text.acm_init
                0x10004074       0x5c c:/Users/Vkarra/Documents/GitHub/Swift_DSS/SWIFTV2_DSS/SwiftV2_DSS_48KHz_384KHz/build/MAXUSB/maxusb.a(cdc_acm.o)
                0x10004074                acm_init
 .text.acm_register_callback
                0x100040d0       0x18 c:/Users/Vkarra/Documents/GitHub/Swift_DSS/SWIFTV2_DSS/SwiftV2_DSS_48KHz_384KHz/build/MAXUSB/maxusb.a(cdc_acm.o)
                0x100040d0                acm_register_callback
 .text.acm_deconfigure
                0x100040e8       0x6c c:/Users/Vkarra/Documents/GitHub/Swift_DSS/SWIFTV2_DSS/SwiftV2_DSS_48KHz_384KHz/build/MAXUSB/maxusb.a(cdc_acm.o)
                0x100040e8                acm_deconfigure
 .text.acm_configure
                0x10004154      0x130 c:/Users/Vkarra/Documents/GitHub/Swift_DSS/SWIFTV2_DSS/SwiftV2_DSS_48KHz_384KHz/build/MAXUSB/maxusb.a(cdc_acm.o)
                0x10004154                acm_configure
 .text.acm_write
                0x10004284       0x48 c:/Users/Vkarra/Documents/GitHub/Swift_DSS/SWIFTV2_DSS/SwiftV2_DSS_48KHz_384KHz/build/MAXUSB/maxusb.a(cdc_acm.o)
                0x10004284                acm_write
 .text.MXC_SYS_Crit_Enter
                0x100042cc       0x20 c:/Users/Vkarra/Documents/GitHub/Swift_DSS/SWIFTV2_DSS/SwiftV2_DSS_48KHz_384KHz/build/MAXUSB/maxusb.a(fifo.o)
 .text.MXC_SYS_Crit_Exit
                0x100042ec       0x20 c:/Users/Vkarra/Documents/GitHub/Swift_DSS/SWIFTV2_DSS/SwiftV2_DSS_48KHz_384KHz/build/MAXUSB/maxusb.a(fifo.o)
 .text.fifo_init
                0x1000430c       0x1a c:/Users/Vkarra/Documents/GitHub/Swift_DSS/SWIFTV2_DSS/SwiftV2_DSS_48KHz_384KHz/build/MAXUSB/maxusb.a(fifo.o)
                0x1000430c                fifo_init
 .text.fifo_put8
                0x10004326       0x3c c:/Users/Vkarra/Documents/GitHub/Swift_DSS/SWIFTV2_DSS/SwiftV2_DSS_48KHz_384KHz/build/MAXUSB/maxusb.a(fifo.o)
                0x10004326                fifo_put8
 .text.fifo_get8
                0x10004362       0x32 c:/Users/Vkarra/Documents/GitHub/Swift_DSS/SWIFTV2_DSS/SwiftV2_DSS_48KHz_384KHz/build/MAXUSB/maxusb.a(fifo.o)
                0x10004362                fifo_get8
 .text.fifo_clear
                0x10004394       0x14 c:/Users/Vkarra/Documents/GitHub/Swift_DSS/SWIFTV2_DSS/SwiftV2_DSS_48KHz_384KHz/build/MAXUSB/maxusb.a(fifo.o)
                0x10004394                fifo_clear
 .text.fifo_empty
                0x100043a8        0xc c:/Users/Vkarra/Documents/GitHub/Swift_DSS/SWIFTV2_DSS/SwiftV2_DSS_48KHz_384KHz/build/MAXUSB/maxusb.a(fifo.o)
                0x100043a8                fifo_empty
 .text.__errno  0x100043b4        0xc c:/maximsdk/tools/gnutools/10.3/bin/../lib/gcc/arm-none-eabi/10.3.1/../../../../arm-none-eabi/lib/thumb/v7e-m+fp/softfp\libc.a(lib_a-errno.o)
                0x100043b4                __errno
 .text.__libc_init_array
                0x100043c0       0x48 c:/maximsdk/tools/gnutools/10.3/bin/../lib/gcc/arm-none-eabi/10.3.1/../../../../arm-none-eabi/lib/thumb/v7e-m+fp/softfp\libc.a(lib_a-init.o)
                0x100043c0                __libc_init_array
 .text          0x10004408      0x134 c:/maximsdk/tools/gnutools/10.3/bin/../lib/gcc/arm-none-eabi/10.3.1/../../../../arm-none-eabi/lib/thumb/v7e-m+fp/softfp\libc.a(lib_a-memcpy.o)
                0x10004408                memcpy
 .text.memset   0x1000453c       0xa4 c:/maximsdk/tools/gnutools/10.3/bin/../lib/gcc/arm-none-eabi/10.3.1/../../../../arm-none-eabi/lib/thumb/v7e-m+fp/softfp\libc.a(lib_a-memset.o)
                0x1000453c                memset
 .text._puts_r  0x100045e0       0x9c c:/maximsdk/tools/gnutools/10.3/bin/../lib/gcc/arm-none-eabi/10.3.1/../../../../arm-none-eabi/lib/thumb/v7e-m+fp/softfp\libc.a(lib_a-puts.o)
                0x100045e0                _puts_r
 .text.puts     0x1000467c       0x10 c:/maximsdk/tools/gnutools/10.3/bin/../lib/gcc/arm-none-eabi/10.3.1/../../../../arm-none-eabi/lib/thumb/v7e-m+fp/softfp\libc.a(lib_a-puts.o)
                0x1000467c                puts
 *fill*         0x1000468c       0x34 
 .text          0x100046c0       0xdc c:/maximsdk/tools/gnutools/10.3/bin/../lib/gcc/arm-none-eabi/10.3.1/../../../../arm-none-eabi/lib/thumb/v7e-m+fp/softfp\libc.a(lib_a-strlen.o)
                0x100046c0                strlen
 .text.vsnprintf
                0x1000479c       0x70 c:/maximsdk/tools/gnutools/10.3/bin/../lib/gcc/arm-none-eabi/10.3.1/../../../../arm-none-eabi/lib/thumb/v7e-m+fp/softfp\libc.a(lib_a-vsnprintf.o)
                0x1000479c                vsnprintf
 .text.startup.register_fini
                0x1000480c       0x14 c:/maximsdk/tools/gnutools/10.3/bin/../lib/gcc/arm-none-eabi/10.3.1/../../../../arm-none-eabi/lib/thumb/v7e-m+fp/softfp\libc.a(lib_a-__call_atexit.o)
 .text.atexit   0x10004820        0xc c:/maximsdk/tools/gnutools/10.3/bin/../lib/gcc/arm-none-eabi/10.3.1/../../../../arm-none-eabi/lib/thumb/v7e-m+fp/softfp\libc.a(lib_a-atexit.o)
                0x10004820                atexit
 .text._cleanup_r
                0x1000482c        0xc c:/maximsdk/tools/gnutools/10.3/bin/../lib/gcc/arm-none-eabi/10.3.1/../../../../arm-none-eabi/lib/thumb/v7e-m+fp/softfp\libc.a(lib_a-findfp.o)
                0x1000482c                _cleanup_r
 .text.__sinit  0x10004838      0x10c c:/maximsdk/tools/gnutools/10.3/bin/../lib/gcc/arm-none-eabi/10.3.1/../../../../arm-none-eabi/lib/thumb/v7e-m+fp/softfp\libc.a(lib_a-findfp.o)
                0x10004838                __sinit
 .text.__sfp_lock_acquire
                0x10004944        0xc c:/maximsdk/tools/gnutools/10.3/bin/../lib/gcc/arm-none-eabi/10.3.1/../../../../arm-none-eabi/lib/thumb/v7e-m+fp/softfp\libc.a(lib_a-findfp.o)
                0x10004944                __sfp_lock_acquire
 .text.__sfp_lock_release
                0x10004950        0xc c:/maximsdk/tools/gnutools/10.3/bin/../lib/gcc/arm-none-eabi/10.3.1/../../../../arm-none-eabi/lib/thumb/v7e-m+fp/softfp\libc.a(lib_a-findfp.o)
                0x10004950                __sfp_lock_release
 .text.__libc_fini_array
                0x1000495c       0x2c c:/maximsdk/tools/gnutools/10.3/bin/../lib/gcc/arm-none-eabi/10.3.1/../../../../arm-none-eabi/lib/thumb/v7e-m+fp/softfp\libc.a(lib_a-fini.o)
                0x1000495c                __libc_fini_array
 .text.__sfvwrite_r
                0x10004988      0x2f0 c:/maximsdk/tools/gnutools/10.3/bin/../lib/gcc/arm-none-eabi/10.3.1/../../../../arm-none-eabi/lib/thumb/v7e-m+fp/softfp\libc.a(lib_a-fvwrite.o)
                0x10004988                __sfvwrite_r
 .text._fwalk_reent
                0x10004c78       0x48 c:/maximsdk/tools/gnutools/10.3/bin/../lib/gcc/arm-none-eabi/10.3.1/../../../../arm-none-eabi/lib/thumb/v7e-m+fp/softfp\libc.a(lib_a-fwalk.o)
                0x10004c78                _fwalk_reent
 .text.__retarget_lock_init_recursive
                0x10004cc0        0x4 c:/maximsdk/tools/gnutools/10.3/bin/../lib/gcc/arm-none-eabi/10.3.1/../../../../arm-none-eabi/lib/thumb/v7e-m+fp/softfp\libc.a(lib_a-lock.o)
                0x10004cc0                __retarget_lock_init_recursive
 .text.__retarget_lock_close_recursive
                0x10004cc4        0x4 c:/maximsdk/tools/gnutools/10.3/bin/../lib/gcc/arm-none-eabi/10.3.1/../../../../arm-none-eabi/lib/thumb/v7e-m+fp/softfp\libc.a(lib_a-lock.o)
                0x10004cc4                __retarget_lock_close_recursive
 .text.__retarget_lock_acquire_recursive
                0x10004cc8        0x4 c:/maximsdk/tools/gnutools/10.3/bin/../lib/gcc/arm-none-eabi/10.3.1/../../../../arm-none-eabi/lib/thumb/v7e-m+fp/softfp\libc.a(lib_a-lock.o)
                0x10004cc8                __retarget_lock_acquire_recursive
 .text.__retarget_lock_release_recursive
                0x10004ccc        0x4 c:/maximsdk/tools/gnutools/10.3/bin/../lib/gcc/arm-none-eabi/10.3.1/../../../../arm-none-eabi/lib/thumb/v7e-m+fp/softfp\libc.a(lib_a-lock.o)
                0x10004ccc                __retarget_lock_release_recursive
 .text._malloc_r
                0x10004cd0      0x560 c:/maximsdk/tools/gnutools/10.3/bin/../lib/gcc/arm-none-eabi/10.3.1/../../../../arm-none-eabi/lib/thumb/v7e-m+fp/softfp\libc.a(lib_a-mallocr.o)
                0x10004cd0                _malloc_r
 .text          0x10005230       0xa0 c:/maximsdk/tools/gnutools/10.3/bin/../lib/gcc/arm-none-eabi/10.3.1/../../../../arm-none-eabi/lib/thumb/v7e-m+fp/softfp\libc.a(lib_a-memchr.o)
                0x10005230                memchr
 .text.memmove  0x100052d0       0xf8 c:/maximsdk/tools/gnutools/10.3/bin/../lib/gcc/arm-none-eabi/10.3.1/../../../../arm-none-eabi/lib/thumb/v7e-m+fp/softfp\libc.a(lib_a-memmove.o)
                0x100052d0                memmove
 .text.__malloc_lock
                0x100053c8        0xc c:/maximsdk/tools/gnutools/10.3/bin/../lib/gcc/arm-none-eabi/10.3.1/../../../../arm-none-eabi/lib/thumb/v7e-m+fp/softfp\libc.a(lib_a-mlock.o)
                0x100053c8                __malloc_lock
 .text.__malloc_unlock
                0x100053d4        0xc c:/maximsdk/tools/gnutools/10.3/bin/../lib/gcc/arm-none-eabi/10.3.1/../../../../arm-none-eabi/lib/thumb/v7e-m+fp/softfp\libc.a(lib_a-mlock.o)
                0x100053d4                __malloc_unlock
 .text._realloc_r
                0x100053e0      0x3d8 c:/maximsdk/tools/gnutools/10.3/bin/../lib/gcc/arm-none-eabi/10.3.1/../../../../arm-none-eabi/lib/thumb/v7e-m+fp/softfp\libc.a(lib_a-reallocr.o)
                0x100053e0                _realloc_r
 .text._sbrk_r  0x100057b8       0x24 c:/maximsdk/tools/gnutools/10.3/bin/../lib/gcc/arm-none-eabi/10.3.1/../../../../arm-none-eabi/lib/thumb/v7e-m+fp/softfp\libc.a(lib_a-sbrkr.o)
                0x100057b8                _sbrk_r
 .text.__sread  0x100057dc       0x24 c:/maximsdk/tools/gnutools/10.3/bin/../lib/gcc/arm-none-eabi/10.3.1/../../../../arm-none-eabi/lib/thumb/v7e-m+fp/softfp\libc.a(lib_a-stdio.o)
                0x100057dc                __sread
 .text.__swrite
                0x10005800       0x40 c:/maximsdk/tools/gnutools/10.3/bin/../lib/gcc/arm-none-eabi/10.3.1/../../../../arm-none-eabi/lib/thumb/v7e-m+fp/softfp\libc.a(lib_a-stdio.o)
                0x10005800                __swrite
 .text.__sseek  0x10005840       0x20 c:/maximsdk/tools/gnutools/10.3/bin/../lib/gcc/arm-none-eabi/10.3.1/../../../../arm-none-eabi/lib/thumb/v7e-m+fp/softfp\libc.a(lib_a-stdio.o)
                0x10005840                __sseek
 .text.__sclose
                0x10005860        0x8 c:/maximsdk/tools/gnutools/10.3/bin/../lib/gcc/arm-none-eabi/10.3.1/../../../../arm-none-eabi/lib/thumb/v7e-m+fp/softfp\libc.a(lib_a-stdio.o)
                0x10005860                __sclose
 .text._svfprintf_r
                0x10005868     0x1ac8 c:/maximsdk/tools/gnutools/10.3/bin/../lib/gcc/arm-none-eabi/10.3.1/../../../../arm-none-eabi/lib/thumb/v7e-m+fp/softfp\libc.a(lib_a-svfprintf.o)
                0x10005868                _svfprintf_r
 .text._write_r
                0x10007330       0x2c c:/maximsdk/tools/gnutools/10.3/bin/../lib/gcc/arm-none-eabi/10.3.1/../../../../arm-none-eabi/lib/thumb/v7e-m+fp/softfp\libc.a(lib_a-writer.o)
                0x10007330                _write_r
 .text.__swsetup_r
                0x1000735c       0xd4 c:/maximsdk/tools/gnutools/10.3/bin/../lib/gcc/arm-none-eabi/10.3.1/../../../../arm-none-eabi/lib/thumb/v7e-m+fp/softfp\libc.a(lib_a-wsetup.o)
                0x1000735c                __swsetup_r
 .text.__register_exitproc
                0x10007430       0x8c c:/maximsdk/tools/gnutools/10.3/bin/../lib/gcc/arm-none-eabi/10.3.1/../../../../arm-none-eabi/lib/thumb/v7e-m+fp/softfp\libc.a(lib_a-__atexit.o)
                0x10007430                __register_exitproc
 .text._close_r
                0x100074bc       0x24 c:/maximsdk/tools/gnutools/10.3/bin/../lib/gcc/arm-none-eabi/10.3.1/../../../../arm-none-eabi/lib/thumb/v7e-m+fp/softfp\libc.a(lib_a-closer.o)
                0x100074bc                _close_r
 .text.quorem   0x100074e0      0x128 c:/maximsdk/tools/gnutools/10.3/bin/../lib/gcc/arm-none-eabi/10.3.1/../../../../arm-none-eabi/lib/thumb/v7e-m+fp/softfp\libc.a(lib_a-dtoa.o)
 .text._dtoa_r  0x10007608      0xf34 c:/maximsdk/tools/gnutools/10.3/bin/../lib/gcc/arm-none-eabi/10.3.1/../../../../arm-none-eabi/lib/thumb/v7e-m+fp/softfp\libc.a(lib_a-dtoa.o)
                0x10007608                _dtoa_r
 .text._fclose_r
                0x1000853c       0xcc c:/maximsdk/tools/gnutools/10.3/bin/../lib/gcc/arm-none-eabi/10.3.1/../../../../arm-none-eabi/lib/thumb/v7e-m+fp/softfp\libc.a(lib_a-fclose.o)
                0x1000853c                _fclose_r
 .text.__sflush_r
                0x10008608      0x130 c:/maximsdk/tools/gnutools/10.3/bin/../lib/gcc/arm-none-eabi/10.3.1/../../../../arm-none-eabi/lib/thumb/v7e-m+fp/softfp\libc.a(lib_a-fflush.o)
                0x10008608                __sflush_r
 .text._fflush_r
                0x10008738       0x5c c:/maximsdk/tools/gnutools/10.3/bin/../lib/gcc/arm-none-eabi/10.3.1/../../../../arm-none-eabi/lib/thumb/v7e-m+fp/softfp\libc.a(lib_a-fflush.o)
                0x10008738                _fflush_r
 .text._malloc_trim_r
                0x10008794       0xa0 c:/maximsdk/tools/gnutools/10.3/bin/../lib/gcc/arm-none-eabi/10.3.1/../../../../arm-none-eabi/lib/thumb/v7e-m+fp/softfp\libc.a(lib_a-freer.o)
                0x10008794                _malloc_trim_r
 .text._free_r  0x10008834      0x20c c:/maximsdk/tools/gnutools/10.3/bin/../lib/gcc/arm-none-eabi/10.3.1/../../../../arm-none-eabi/lib/thumb/v7e-m+fp/softfp\libc.a(lib_a-freer.o)
                0x10008834                _free_r
 .text.__locale_mb_cur_max
                0x10008a40        0xc c:/maximsdk/tools/gnutools/10.3/bin/../lib/gcc/arm-none-eabi/10.3.1/../../../../arm-none-eabi/lib/thumb/v7e-m+fp/softfp\libc.a(lib_a-locale.o)
                0x10008a40                __locale_mb_cur_max
 .text._localeconv_r
                0x10008a4c        0x8 c:/maximsdk/tools/gnutools/10.3/bin/../lib/gcc/arm-none-eabi/10.3.1/../../../../arm-none-eabi/lib/thumb/v7e-m+fp/softfp\libc.a(lib_a-localeconv.o)
                0x10008a4c                _localeconv_r
 .text._lseek_r
                0x10008a54       0x2c c:/maximsdk/tools/gnutools/10.3/bin/../lib/gcc/arm-none-eabi/10.3.1/../../../../arm-none-eabi/lib/thumb/v7e-m+fp/softfp\libc.a(lib_a-lseekr.o)
                0x10008a54                _lseek_r
 .text.__smakebuf_r
                0x10008a80       0xe0 c:/maximsdk/tools/gnutools/10.3/bin/../lib/gcc/arm-none-eabi/10.3.1/../../../../arm-none-eabi/lib/thumb/v7e-m+fp/softfp\libc.a(lib_a-makebuf.o)
                0x10008a80                __smakebuf_r
 .text.__ascii_mbtowc
                0x10008b60       0x2c c:/maximsdk/tools/gnutools/10.3/bin/../lib/gcc/arm-none-eabi/10.3.1/../../../../arm-none-eabi/lib/thumb/v7e-m+fp/softfp\libc.a(lib_a-mbtowc_r.o)
                0x10008b60                __ascii_mbtowc
 .text._Balloc  0x10008b8c       0x4c c:/maximsdk/tools/gnutools/10.3/bin/../lib/gcc/arm-none-eabi/10.3.1/../../../../arm-none-eabi/lib/thumb/v7e-m+fp/softfp\libc.a(lib_a-mprec.o)
                0x10008b8c                _Balloc
 .text._Bfree   0x10008bd8       0x14 c:/maximsdk/tools/gnutools/10.3/bin/../lib/gcc/arm-none-eabi/10.3.1/../../../../arm-none-eabi/lib/thumb/v7e-m+fp/softfp\libc.a(lib_a-mprec.o)
                0x10008bd8                _Bfree
 .text.__multadd
                0x10008bec       0xa8 c:/maximsdk/tools/gnutools/10.3/bin/../lib/gcc/arm-none-eabi/10.3.1/../../../../arm-none-eabi/lib/thumb/v7e-m+fp/softfp\libc.a(lib_a-mprec.o)
                0x10008bec                __multadd
 .text.__hi0bits
                0x10008c94       0x40 c:/maximsdk/tools/gnutools/10.3/bin/../lib/gcc/arm-none-eabi/10.3.1/../../../../arm-none-eabi/lib/thumb/v7e-m+fp/softfp\libc.a(lib_a-mprec.o)
                0x10008c94                __hi0bits
 .text.__lo0bits
                0x10008cd4       0x60 c:/maximsdk/tools/gnutools/10.3/bin/../lib/gcc/arm-none-eabi/10.3.1/../../../../arm-none-eabi/lib/thumb/v7e-m+fp/softfp\libc.a(lib_a-mprec.o)
                0x10008cd4                __lo0bits
 .text.__i2b    0x10008d34       0x5c c:/maximsdk/tools/gnutools/10.3/bin/../lib/gcc/arm-none-eabi/10.3.1/../../../../arm-none-eabi/lib/thumb/v7e-m+fp/softfp\libc.a(lib_a-mprec.o)
                0x10008d34                __i2b
 .text.__multiply
                0x10008d90      0x15c c:/maximsdk/tools/gnutools/10.3/bin/../lib/gcc/arm-none-eabi/10.3.1/../../../../arm-none-eabi/lib/thumb/v7e-m+fp/softfp\libc.a(lib_a-mprec.o)
                0x10008d90                __multiply
 .text.__pow5mult
                0x10008eec       0xc0 c:/maximsdk/tools/gnutools/10.3/bin/../lib/gcc/arm-none-eabi/10.3.1/../../../../arm-none-eabi/lib/thumb/v7e-m+fp/softfp\libc.a(lib_a-mprec.o)
                0x10008eec                __pow5mult
 .text.__lshift
                0x10008fac       0xf0 c:/maximsdk/tools/gnutools/10.3/bin/../lib/gcc/arm-none-eabi/10.3.1/../../../../arm-none-eabi/lib/thumb/v7e-m+fp/softfp\libc.a(lib_a-mprec.o)
                0x10008fac                __lshift
 .text.__mcmp   0x1000909c       0x44 c:/maximsdk/tools/gnutools/10.3/bin/../lib/gcc/arm-none-eabi/10.3.1/../../../../arm-none-eabi/lib/thumb/v7e-m+fp/softfp\libc.a(lib_a-mprec.o)
                0x1000909c                __mcmp
 .text.__mdiff  0x100090e0      0x14c c:/maximsdk/tools/gnutools/10.3/bin/../lib/gcc/arm-none-eabi/10.3.1/../../../../arm-none-eabi/lib/thumb/v7e-m+fp/softfp\libc.a(lib_a-mprec.o)
                0x100090e0                __mdiff
 .text.__d2b    0x1000922c       0xc4 c:/maximsdk/tools/gnutools/10.3/bin/../lib/gcc/arm-none-eabi/10.3.1/../../../../arm-none-eabi/lib/thumb/v7e-m+fp/softfp\libc.a(lib_a-mprec.o)
                0x1000922c                __d2b
 .text._read_r  0x100092f0       0x2c c:/maximsdk/tools/gnutools/10.3/bin/../lib/gcc/arm-none-eabi/10.3.1/../../../../arm-none-eabi/lib/thumb/v7e-m+fp/softfp\libc.a(lib_a-readr.o)
                0x100092f0                _read_r
 .text.frexp    0x1000931c       0x70 c:/maximsdk/tools/gnutools/10.3/bin/../lib/gcc/arm-none-eabi/10.3.1/../../../../arm-none-eabi/lib/thumb/v7e-m+fp/softfp\libc.a(lib_a-s_frexp.o)
                0x1000931c                frexp
 .text.strncpy  0x1000938c       0x64 c:/maximsdk/tools/gnutools/10.3/bin/../lib/gcc/arm-none-eabi/10.3.1/../../../../arm-none-eabi/lib/thumb/v7e-m+fp/softfp\libc.a(lib_a-strncpy.o)
                0x1000938c                strncpy
 .text.__ssprint_r
                0x100093f0       0xf8 c:/maximsdk/tools/gnutools/10.3/bin/../lib/gcc/arm-none-eabi/10.3.1/../../../../arm-none-eabi/lib/thumb/v7e-m+fp/softfp\libc.a(lib_a-svfiprintf.o)
                0x100093f0                __ssprint_r
 .text.__ascii_wctomb
                0x100094e8       0x1c c:/maximsdk/tools/gnutools/10.3/bin/../lib/gcc/arm-none-eabi/10.3.1/../../../../arm-none-eabi/lib/thumb/v7e-m+fp/softfp\libc.a(lib_a-wctomb_r.o)
                0x100094e8                __ascii_wctomb
 .text.__assert_func
                0x10009504       0x40 c:/maximsdk/tools/gnutools/10.3/bin/../lib/gcc/arm-none-eabi/10.3.1/../../../../arm-none-eabi/lib/thumb/v7e-m+fp/softfp\libc.a(lib_a-assert.o)
                0x10009504                __assert_func
 .text._calloc_r
                0x10009544       0x78 c:/maximsdk/tools/gnutools/10.3/bin/../lib/gcc/arm-none-eabi/10.3.1/../../../../arm-none-eabi/lib/thumb/v7e-m+fp/softfp\libc.a(lib_a-callocr.o)
                0x10009544                _calloc_r
 .text.fiprintf
                0x100095bc       0x28 c:/maximsdk/tools/gnutools/10.3/bin/../lib/gcc/arm-none-eabi/10.3.1/../../../../arm-none-eabi/lib/thumb/v7e-m+fp/softfp\libc.a(lib_a-fiprintf.o)
                0x100095bc                fiprintf
 .text._fstat_r
                0x100095e4       0x2c c:/maximsdk/tools/gnutools/10.3/bin/../lib/gcc/arm-none-eabi/10.3.1/../../../../arm-none-eabi/lib/thumb/v7e-m+fp/softfp\libc.a(lib_a-fstatr.o)
                0x100095e4                _fstat_r
 .text._isatty_r
                0x10009610       0x24 c:/maximsdk/tools/gnutools/10.3/bin/../lib/gcc/arm-none-eabi/10.3.1/../../../../arm-none-eabi/lib/thumb/v7e-m+fp/softfp\libc.a(lib_a-isattyr.o)
                0x10009610                _isatty_r
 .text.__sprint_r.part.0
                0x10009634       0x78 c:/maximsdk/tools/gnutools/10.3/bin/../lib/gcc/arm-none-eabi/10.3.1/../../../../arm-none-eabi/lib/thumb/v7e-m+fp/softfp\libc.a(lib_a-vfiprintf.o)
 .text._vfiprintf_r
                0x100096ac      0xdfc c:/maximsdk/tools/gnutools/10.3/bin/../lib/gcc/arm-none-eabi/10.3.1/../../../../arm-none-eabi/lib/thumb/v7e-m+fp/softfp\libc.a(lib_a-vfiprintf.o)
                0x100096ac                _vfiprintf_r
 .text.__sbprintf
                0x1000a4a8       0x80 c:/maximsdk/tools/gnutools/10.3/bin/../lib/gcc/arm-none-eabi/10.3.1/../../../../arm-none-eabi/lib/thumb/v7e-m+fp/softfp\libc.a(lib_a-vfiprintf.o)
 .text.abort    0x1000a528       0x10 c:/maximsdk/tools/gnutools/10.3/bin/../lib/gcc/arm-none-eabi/10.3.1/../../../../arm-none-eabi/lib/thumb/v7e-m+fp/softfp\libc.a(lib_a-abort.o)
                0x1000a528                abort
 .text.__fputwc
                0x1000a538       0xa8 c:/maximsdk/tools/gnutools/10.3/bin/../lib/gcc/arm-none-eabi/10.3.1/../../../../arm-none-eabi/lib/thumb/v7e-m+fp/softfp\libc.a(lib_a-fputwc.o)
                0x1000a538                __fputwc
 .text._fputwc_r
                0x1000a5e0       0x68 c:/maximsdk/tools/gnutools/10.3/bin/../lib/gcc/arm-none-eabi/10.3.1/../../../../arm-none-eabi/lib/thumb/v7e-m+fp/softfp\libc.a(lib_a-fputwc.o)
                0x1000a5e0                _fputwc_r
 .text.raise    0x1000a648       0x5c c:/maximsdk/tools/gnutools/10.3/bin/../lib/gcc/arm-none-eabi/10.3.1/../../../../arm-none-eabi/lib/thumb/v7e-m+fp/softfp\libc.a(lib_a-signal.o)
                0x1000a648                raise
 .text._kill_r  0x1000a6a4       0x2c c:/maximsdk/tools/gnutools/10.3/bin/../lib/gcc/arm-none-eabi/10.3.1/../../../../arm-none-eabi/lib/thumb/v7e-m+fp/softfp\libc.a(lib_a-signalr.o)
                0x1000a6a4                _kill_r
 .text._getpid_r
                0x1000a6d0        0x4 c:/maximsdk/tools/gnutools/10.3/bin/../lib/gcc/arm-none-eabi/10.3.1/../../../../arm-none-eabi/lib/thumb/v7e-m+fp/softfp\libc.a(lib_a-signalr.o)
                0x1000a6d0                _getpid_r
 .text.__swbuf_r
                0x1000a6d4       0xb0 c:/maximsdk/tools/gnutools/10.3/bin/../lib/gcc/arm-none-eabi/10.3.1/../../../../arm-none-eabi/lib/thumb/v7e-m+fp/softfp\libc.a(lib_a-wbuf.o)
                0x1000a6d4                __swbuf_r
 .text._wcrtomb_r
                0x1000a784       0x3c c:/maximsdk/tools/gnutools/10.3/bin/../lib/gcc/arm-none-eabi/10.3.1/../../../../arm-none-eabi/lib/thumb/v7e-m+fp/softfp\libc.a(lib_a-wcrtomb.o)
                0x1000a784                _wcrtomb_r
 .text._exit    0x1000a7c0        0x4 c:/maximsdk/tools/gnutools/10.3/bin/../lib/gcc/arm-none-eabi/10.3.1/../../../../arm-none-eabi/lib/thumb/v7e-m+fp/softfp\libnosys.a(_exit.o)
                0x1000a7c0                _exit
 .text          0x1000a7c4      0x378 c:/maximsdk/tools/gnutools/10.3/bin/../lib/gcc/arm-none-eabi/10.3.1/thumb/v7e-m+fp/softfp\libgcc.a(_arm_addsubdf3.o)
                0x1000a7c4                __aeabi_drsub
                0x1000a7cc                __aeabi_dsub
                0x1000a7cc                __subdf3
                0x1000a7d0                __aeabi_dadd
                0x1000a7d0                __adddf3
                0x1000aa48                __floatunsidf
                0x1000aa48                __aeabi_ui2d
                0x1000aa68                __floatsidf
                0x1000aa68                __aeabi_i2d
                0x1000aa8c                __aeabi_f2d
                0x1000aa8c                __extendsfdf2
                0x1000aad0                __floatundidf
                0x1000aad0                __aeabi_ul2d
                0x1000aae0                __floatdidf
                0x1000aae0                __aeabi_l2d
 .text          0x1000ab3c      0x424 c:/maximsdk/tools/gnutools/10.3/bin/../lib/gcc/arm-none-eabi/10.3.1/thumb/v7e-m+fp/softfp\libgcc.a(_arm_muldivdf3.o)
                0x1000ab3c                __aeabi_dmul
                0x1000ab3c                __muldf3
                0x1000ad90                __divdf3
                0x1000ad90                __aeabi_ddiv
 .text          0x1000af60      0x110 c:/maximsdk/tools/gnutools/10.3/bin/../lib/gcc/arm-none-eabi/10.3.1/thumb/v7e-m+fp/softfp\libgcc.a(_arm_cmpdf2.o)
                0x1000af60                __gtdf2
                0x1000af60                __gedf2
                0x1000af68                __ltdf2
                0x1000af68                __ledf2
                0x1000af70                __nedf2
                0x1000af70                __eqdf2
                0x1000af70                __cmpdf2
                0x1000afec                __aeabi_cdrcmple
                0x1000affc                __aeabi_cdcmpeq
                0x1000affc                __aeabi_cdcmple
                0x1000b00c                __aeabi_dcmpeq
                0x1000b020                __aeabi_dcmplt
                0x1000b034                __aeabi_dcmple
                0x1000b048                __aeabi_dcmpge
                0x1000b05c                __aeabi_dcmpgt
 .text          0x1000b070       0x2c c:/maximsdk/tools/gnutools/10.3/bin/../lib/gcc/arm-none-eabi/10.3.1/thumb/v7e-m+fp/softfp\libgcc.a(_arm_unorddf2.o)
                0x1000b070                __unorddf2
                0x1000b070                __aeabi_dcmpun
 .text          0x1000b09c       0x50 c:/maximsdk/tools/gnutools/10.3/bin/../lib/gcc/arm-none-eabi/10.3.1/thumb/v7e-m+fp/softfp\libgcc.a(_arm_fixdfsi.o)
                0x1000b09c                __aeabi_d2iz
                0x1000b09c                __fixdfsi
 .text          0x1000b0ec       0x30 c:/maximsdk/tools/gnutools/10.3/bin/../lib/gcc/arm-none-eabi/10.3.1/thumb/v7e-m+fp/softfp\libgcc.a(_aeabi_uldivmod.o)
                0x1000b0ec                __aeabi_uldivmod
 .text          0x1000b11c      0x2d0 c:/maximsdk/tools/gnutools/10.3/bin/../lib/gcc/arm-none-eabi/10.3.1/thumb/v7e-m+fp/softfp\libgcc.a(_udivmoddi4.o)
                0x1000b11c                __udivmoddi4
 .text          0x1000b3ec        0x4 c:/maximsdk/tools/gnutools/10.3/bin/../lib/gcc/arm-none-eabi/10.3.1/thumb/v7e-m+fp/softfp\libgcc.a(_dvmd_tls.o)
                0x1000b3ec                __aeabi_idiv0
                0x1000b3ec                __aeabi_ldiv0
 *(.rodata*)
 .rodata.main.str1.4
                0x1000b3f0      0x122 c:/Users/Vkarra/Documents/GitHub/Swift_DSS/SWIFTV2_DSS/SwiftV2_DSS_48KHz_384KHz/build/main.o
 *fill*         0x1000b512        0x2 
 .rodata.Board_Init.str1.4
                0x1000b514       0x45 c:/Users/Vkarra/Documents/GitHub/Swift_DSS/SWIFTV2_DSS/SwiftV2_DSS_48KHz_384KHz/build/board.o
 *fill*         0x1000b559        0x3 
 .rodata        0x1000b55c       0x10 c:/Users/Vkarra/Documents/GitHub/Swift_DSS/SWIFTV2_DSS/SwiftV2_DSS_48KHz_384KHz/build/board.o
 .rodata.led_pin
                0x1000b56c       0x54 c:/Users/Vkarra/Documents/GitHub/Swift_DSS/SWIFTV2_DSS/SwiftV2_DSS_48KHz_384KHz/build/board.o
                0x1000b56c                led_pin
 .rodata.num_leds
                0x1000b5c0        0x4 c:/Users/Vkarra/Documents/GitHub/Swift_DSS/SWIFTV2_DSS/SwiftV2_DSS_48KHz_384KHz/build/board.o
                0x1000b5c0                num_leds
 .rodata.num_pbs
                0x1000b5c4        0x4 c:/Users/Vkarra/Documents/GitHub/Swift_DSS/SWIFTV2_DSS/SwiftV2_DSS_48KHz_384KHz/build/board.o
                0x1000b5c4                num_pbs
 .rodata.pb_pin
                0x1000b5c8       0x18 c:/Users/Vkarra/Documents/GitHub/Swift_DSS/SWIFTV2_DSS/SwiftV2_DSS_48KHz_384KHz/build/board.o
                0x1000b5c8                pb_pin
 .rodata.LED_On.str1.4
                0x1000b5e0       0x3b c:/Users/Vkarra/Documents/GitHub/Swift_DSS/SWIFTV2_DSS/SwiftV2_DSS_48KHz_384KHz/build/led.o
 *fill*         0x1000b61b        0x1 
 .rodata.MXC_SPI_Init.str1.4
                0x1000b61c       0x51 C:/MaximSDK/Libraries/PeriphDrivers/bin/MAX32665/softfp/libPeriphDriver_softfp.a(spi_me14.o)
 *fill*         0x1000b66d        0x3 
 .rodata.MXC_SPI_RevA1_SwapByte.str1.4
                0x1000b670       0x50 C:/MaximSDK/Libraries/PeriphDrivers/bin/MAX32665/softfp/libPeriphDriver_softfp.a(spi_reva1.o)
 .rodata.MXC_SPI_RevA1_TransSetup.str1.4
                0x1000b6c0       0x22 C:/MaximSDK/Libraries/PeriphDrivers/bin/MAX32665/softfp/libPeriphDriver_softfp.a(spi_reva1.o)
 *fill*         0x1000b6e2        0x2 
 .rodata.MXC_SPIXF_RevA_SetCmdWidth.str1.4
                0x1000b6e4       0x62 C:/MaximSDK/Libraries/PeriphDrivers/bin/MAX32665/softfp/libPeriphDriver_softfp.a(spixf_reva.o)
 *fill*         0x1000b746        0x2 
 .rodata.MXC_SPIXF_RevA_Clocks.str1.4
                0x1000b748       0x21 C:/MaximSDK/Libraries/PeriphDrivers/bin/MAX32665/softfp/libPeriphDriver_softfp.a(spixf_reva.o)
 *fill*         0x1000b769        0x3 
 .rodata.MXC_SPIXF_RevA_Transaction.str1.4
                0x1000b76c       0x3d C:/MaximSDK/Libraries/PeriphDrivers/bin/MAX32665/softfp/libPeriphDriver_softfp.a(spixf_reva.o)
 *fill*         0x1000b7a9        0x3 
 .rodata.MXC_UART_RevA_Init.str1.4
                0x1000b7ac       0x77 C:/MaximSDK/Libraries/PeriphDrivers/bin/MAX32665/softfp/libPeriphDriver_softfp.a(uart_reva.o)
 *fill*         0x1000b823        0x1 
 .rodata.gpio_cfg_spi0_ss0a
                0x1000b824        0xc C:/MaximSDK/Libraries/PeriphDrivers/bin/MAX32665/softfp/libPeriphDriver_softfp.a(pins_me14.o)
                0x1000b824                gpio_cfg_spi0_ss0a
 .rodata.gpio_cfg_spi0_ss0b
                0x1000b830        0xc C:/MaximSDK/Libraries/PeriphDrivers/bin/MAX32665/softfp/libPeriphDriver_softfp.a(pins_me14.o)
                0x1000b830                gpio_cfg_spi0_ss0b
 .rodata.gpio_cfg_spi0_ss1
                0x1000b83c        0xc C:/MaximSDK/Libraries/PeriphDrivers/bin/MAX32665/softfp/libPeriphDriver_softfp.a(pins_me14.o)
                0x1000b83c                gpio_cfg_spi0_ss1
 .rodata.gpio_cfg_spi0_ss2
                0x1000b848        0xc C:/MaximSDK/Libraries/PeriphDrivers/bin/MAX32665/softfp/libPeriphDriver_softfp.a(pins_me14.o)
                0x1000b848                gpio_cfg_spi0_ss2
 .rodata.gpio_cfg_spi0a
                0x1000b854        0xc C:/MaximSDK/Libraries/PeriphDrivers/bin/MAX32665/softfp/libPeriphDriver_softfp.a(pins_me14.o)
                0x1000b854                gpio_cfg_spi0a
 .rodata.gpio_cfg_spi0b
                0x1000b860        0xc C:/MaximSDK/Libraries/PeriphDrivers/bin/MAX32665/softfp/libPeriphDriver_softfp.a(pins_me14.o)
                0x1000b860                gpio_cfg_spi0b
 .rodata.gpio_cfg_spi1
                0x1000b86c        0xc C:/MaximSDK/Libraries/PeriphDrivers/bin/MAX32665/softfp/libPeriphDriver_softfp.a(pins_me14.o)
                0x1000b86c                gpio_cfg_spi1
 .rodata.gpio_cfg_spi1_ss0
                0x1000b878        0xc C:/MaximSDK/Libraries/PeriphDrivers/bin/MAX32665/softfp/libPeriphDriver_softfp.a(pins_me14.o)
                0x1000b878                gpio_cfg_spi1_ss0
 .rodata.gpio_cfg_spi1_ss1
                0x1000b884        0xc C:/MaximSDK/Libraries/PeriphDrivers/bin/MAX32665/softfp/libPeriphDriver_softfp.a(pins_me14.o)
                0x1000b884                gpio_cfg_spi1_ss1
 .rodata.gpio_cfg_spi1_ss2
                0x1000b890        0xc C:/MaximSDK/Libraries/PeriphDrivers/bin/MAX32665/softfp/libPeriphDriver_softfp.a(pins_me14.o)
                0x1000b890                gpio_cfg_spi1_ss2
 .rodata.gpio_cfg_spi2
                0x1000b89c        0xc C:/MaximSDK/Libraries/PeriphDrivers/bin/MAX32665/softfp/libPeriphDriver_softfp.a(pins_me14.o)
                0x1000b89c                gpio_cfg_spi2
 .rodata.gpio_cfg_spi2_ss0
                0x1000b8a8        0xc C:/MaximSDK/Libraries/PeriphDrivers/bin/MAX32665/softfp/libPeriphDriver_softfp.a(pins_me14.o)
                0x1000b8a8                gpio_cfg_spi2_ss0
 .rodata.gpio_cfg_spi2_ss1
                0x1000b8b4        0xc C:/MaximSDK/Libraries/PeriphDrivers/bin/MAX32665/softfp/libPeriphDriver_softfp.a(pins_me14.o)
                0x1000b8b4                gpio_cfg_spi2_ss1
 .rodata.gpio_cfg_spi2_ss2
                0x1000b8c0        0xc C:/MaximSDK/Libraries/PeriphDrivers/bin/MAX32665/softfp/libPeriphDriver_softfp.a(pins_me14.o)
                0x1000b8c0                gpio_cfg_spi2_ss2
 .rodata.gpio_cfg_spixfc
                0x1000b8cc        0xc C:/MaximSDK/Libraries/PeriphDrivers/bin/MAX32665/softfp/libPeriphDriver_softfp.a(pins_me14.o)
                0x1000b8cc                gpio_cfg_spixfc
 .rodata.gpio_cfg_uart0a
                0x1000b8d8        0xc C:/MaximSDK/Libraries/PeriphDrivers/bin/MAX32665/softfp/libPeriphDriver_softfp.a(pins_me14.o)
                0x1000b8d8                gpio_cfg_uart0a
 .rodata.gpio_cfg_uart0b
                0x1000b8e4        0xc C:/MaximSDK/Libraries/PeriphDrivers/bin/MAX32665/softfp/libPeriphDriver_softfp.a(pins_me14.o)
                0x1000b8e4                gpio_cfg_uart0b
 .rodata.gpio_cfg_uart1a
                0x1000b8f0        0xc C:/MaximSDK/Libraries/PeriphDrivers/bin/MAX32665/softfp/libPeriphDriver_softfp.a(pins_me14.o)
                0x1000b8f0                gpio_cfg_uart1a
 .rodata.gpio_cfg_uart1b
                0x1000b8fc        0xc C:/MaximSDK/Libraries/PeriphDrivers/bin/MAX32665/softfp/libPeriphDriver_softfp.a(pins_me14.o)
                0x1000b8fc                gpio_cfg_uart1b
 .rodata.gpio_cfg_uart2a
                0x1000b908        0xc C:/MaximSDK/Libraries/PeriphDrivers/bin/MAX32665/softfp/libPeriphDriver_softfp.a(pins_me14.o)
                0x1000b908                gpio_cfg_uart2a
 .rodata.gpio_cfg_uart2b
                0x1000b914        0xc C:/MaximSDK/Libraries/PeriphDrivers/bin/MAX32665/softfp/libPeriphDriver_softfp.a(pins_me14.o)
                0x1000b914                gpio_cfg_uart2b
 .rodata.MXC_GPIO_Common_Handler.str1.4
                0x1000b920       0x66 C:/MaximSDK/Libraries/PeriphDrivers/bin/MAX32665/softfp/libPeriphDriver_softfp.a(gpio_common.o)
 *fill*         0x1000b986        0x2 
 .rodata.enum_req_init
                0x1000b988       0x24 c:/Users/Vkarra/Documents/GitHub/Swift_DSS/SWIFTV2_DSS/SwiftV2_DSS_48KHz_384KHz/build/MAXUSB/maxusb.a(enumerate.o)
 .rodata._global_impure_ptr
                0x1000b9ac        0x4 c:/maximsdk/tools/gnutools/10.3/bin/../lib/gcc/arm-none-eabi/10.3.1/../../../../arm-none-eabi/lib/thumb/v7e-m+fp/softfp\libc.a(lib_a-impure.o)
                0x1000b9ac                _global_impure_ptr
 .rodata._puts_r.str1.4
                0x1000b9b0        0x2 c:/maximsdk/tools/gnutools/10.3/bin/../lib/gcc/arm-none-eabi/10.3.1/../../../../arm-none-eabi/lib/thumb/v7e-m+fp/softfp\libc.a(lib_a-puts.o)
 .rodata._svfprintf_r.str1.4
                0x1000b9b0       0x42 c:/maximsdk/tools/gnutools/10.3/bin/../lib/gcc/arm-none-eabi/10.3.1/../../../../arm-none-eabi/lib/thumb/v7e-m+fp/softfp\libc.a(lib_a-svfprintf.o)
 *fill*         0x1000b9f2        0x2 
 .rodata.blanks.1
                0x1000b9f4       0x10 c:/maximsdk/tools/gnutools/10.3/bin/../lib/gcc/arm-none-eabi/10.3.1/../../../../arm-none-eabi/lib/thumb/v7e-m+fp/softfp\libc.a(lib_a-svfprintf.o)
 .rodata.zeroes.0
                0x1000ba04       0x10 c:/maximsdk/tools/gnutools/10.3/bin/../lib/gcc/arm-none-eabi/10.3.1/../../../../arm-none-eabi/lib/thumb/v7e-m+fp/softfp\libc.a(lib_a-svfprintf.o)
 .rodata._ctype_
                0x1000ba14      0x101 c:/maximsdk/tools/gnutools/10.3/bin/../lib/gcc/arm-none-eabi/10.3.1/../../../../arm-none-eabi/lib/thumb/v7e-m+fp/softfp\libc.a(lib_a-ctype_.o)
                0x1000ba14                _ctype_
 *fill*         0x1000bb15        0x3 
 .rodata._dtoa_r.str1.4
                0x1000bb18       0xa2 c:/maximsdk/tools/gnutools/10.3/bin/../lib/gcc/arm-none-eabi/10.3.1/../../../../arm-none-eabi/lib/thumb/v7e-m+fp/softfp\libc.a(lib_a-dtoa.o)
                                 0xa6 (size before relaxing)
 *fill*         0x1000bbba        0x2 
 .rodata._setlocale_r.str1.4
                0x1000bbbc        0xa c:/maximsdk/tools/gnutools/10.3/bin/../lib/gcc/arm-none-eabi/10.3.1/../../../../arm-none-eabi/lib/thumb/v7e-m+fp/softfp\libc.a(lib_a-locale.o)
                                  0xd (size before relaxing)
 *fill*         0x1000bbc6        0x2 
 .rodata.str1.4
                0x1000bbc8        0x2 c:/maximsdk/tools/gnutools/10.3/bin/../lib/gcc/arm-none-eabi/10.3.1/../../../../arm-none-eabi/lib/thumb/v7e-m+fp/softfp\libc.a(lib_a-locale.o)
 *fill*         0x1000bbca        0x2 
 .rodata.__multadd.str1.4
                0x1000bbcc       0x7f c:/maximsdk/tools/gnutools/10.3/bin/../lib/gcc/arm-none-eabi/10.3.1/../../../../arm-none-eabi/lib/thumb/v7e-m+fp/softfp\libc.a(lib_a-mprec.o)
                                 0x93 (size before relaxing)
 *fill*         0x1000bc4b        0x5 
 .rodata.__mprec_bigtens
                0x1000bc50       0x28 c:/maximsdk/tools/gnutools/10.3/bin/../lib/gcc/arm-none-eabi/10.3.1/../../../../arm-none-eabi/lib/thumb/v7e-m+fp/softfp\libc.a(lib_a-mprec.o)
                0x1000bc50                __mprec_bigtens
 .rodata.__mprec_tens
                0x1000bc78       0xc8 c:/maximsdk/tools/gnutools/10.3/bin/../lib/gcc/arm-none-eabi/10.3.1/../../../../arm-none-eabi/lib/thumb/v7e-m+fp/softfp\libc.a(lib_a-mprec.o)
                0x1000bc78                __mprec_tens